Component: ARM Compiler 5.06 update 7 (build 960) Tool: armlink [4d3601]

==============================================================================

Section Cross References

    startup_stm32g431xx.o(STACK) refers (Special) to heapauxi.o(.text) for __use_two_region_memory
    startup_stm32g431xx.o(HEAP) refers (Special) to heapauxi.o(.text) for __use_two_region_memory
    startup_stm32g431xx.o(RESET) refers (Special) to heapauxi.o(.text) for __use_two_region_memory
    startup_stm32g431xx.o(RESET) refers to startup_stm32g431xx.o(STACK) for __initial_sp
    startup_stm32g431xx.o(RESET) refers to startup_stm32g431xx.o(.text) for Reset_Handler
    startup_stm32g431xx.o(RESET) refers to stm32g4xx_it.o(i.NMI_Handler) for NMI_Handler
    startup_stm32g431xx.o(RESET) refers to stm32g4xx_it.o(i.HardFault_Handler) for HardFault_Handler
    startup_stm32g431xx.o(RESET) refers to stm32g4xx_it.o(i.MemManage_Handler) for MemManage_Handler
    startup_stm32g431xx.o(RESET) refers to stm32g4xx_it.o(i.BusFault_Handler) for BusFault_Handler
    startup_stm32g431xx.o(RESET) refers to stm32g4xx_it.o(i.UsageFault_Handler) for UsageFault_Handler
    startup_stm32g431xx.o(RESET) refers to stm32g4xx_it.o(i.SVC_Handler) for SVC_Handler
    startup_stm32g431xx.o(RESET) refers to stm32g4xx_it.o(i.DebugMon_Handler) for DebugMon_Handler
    startup_stm32g431xx.o(RESET) refers to stm32g4xx_it.o(i.PendSV_Handler) for PendSV_Handler
    startup_stm32g431xx.o(RESET) refers to stm32g4xx_it.o(i.SysTick_Handler) for SysTick_Handler
    startup_stm32g431xx.o(RESET) refers to stm32g4xx_it.o(i.USB_LP_IRQHandler) for USB_LP_IRQHandler
    startup_stm32g431xx.o(RESET) refers to stm32g4xx_it.o(i.USART3_IRQHandler) for USART3_IRQHandler
    startup_stm32g431xx.o(RESET) refers to stm32g4xx_it.o(i.UART4_IRQHandler) for UART4_IRQHandler
    startup_stm32g431xx.o(.text) refers (Special) to heapauxi.o(.text) for __use_two_region_memory
    startup_stm32g431xx.o(.text) refers to system_stm32g4xx.o(i.SystemInit) for SystemInit
    startup_stm32g431xx.o(.text) refers to __main.o(!!!main) for __main
    startup_stm32g431xx.o(.text) refers to startup_stm32g431xx.o(HEAP) for Heap_Mem
    startup_stm32g431xx.o(.text) refers to startup_stm32g431xx.o(STACK) for Stack_Mem
    main.o(i.HAL_UARTEx_RxEventCallback) refers to usbd_cdc_if.o(i.CDC_Transmit_FS) for CDC_Transmit_FS
    main.o(i.HAL_UARTEx_RxEventCallback) refers to strstr.o(.text) for strstr
    main.o(i.HAL_UARTEx_RxEventCallback) refers to stm32g4xx_hal_gpio.o(i.HAL_GPIO_TogglePin) for HAL_GPIO_TogglePin
    main.o(i.HAL_UARTEx_RxEventCallback) refers to stm32g4xx_hal_uart_ex.o(i.HAL_UARTEx_ReceiveToIdle_IT) for HAL_UARTEx_ReceiveToIdle_IT
    main.o(i.HAL_UARTEx_RxEventCallback) refers to main.o(.data) for .data
    main.o(i.HAL_UARTEx_RxEventCallback) refers to main.o(.bss) for .bss
    main.o(i.HAL_UARTEx_RxEventCallback) refers to usart.o(.bss) for huart4
    main.o(i.SystemClock_Config) refers to rt_memclr_w.o(.text) for __aeabi_memclr4
    main.o(i.SystemClock_Config) refers to stm32g4xx_hal_pwr_ex.o(i.HAL_PWREx_ControlVoltageScaling) for HAL_PWREx_ControlVoltageScaling
    main.o(i.SystemClock_Config) refers to stm32g4xx_hal_rcc.o(i.HAL_RCC_OscConfig) for HAL_RCC_OscConfig
    main.o(i.SystemClock_Config) refers to stm32g4xx_hal_rcc.o(i.HAL_RCC_ClockConfig) for HAL_RCC_ClockConfig
    main.o(i.main) refers to stm32g4xx_hal.o(i.HAL_Init) for HAL_Init
    main.o(i.main) refers to main.o(i.SystemClock_Config) for SystemClock_Config
    main.o(i.main) refers to gpio.o(i.MX_GPIO_Init) for MX_GPIO_Init
    main.o(i.main) refers to usart.o(i.MX_UART4_Init) for MX_UART4_Init
    main.o(i.main) refers to usart.o(i.MX_USART3_UART_Init) for MX_USART3_UART_Init
    main.o(i.main) refers to usb_device.o(i.MX_USB_Device_Init) for MX_USB_Device_Init
    main.o(i.main) refers to stm32g4xx_hal_uart_ex.o(i.HAL_UARTEx_ReceiveToIdle_IT) for HAL_UARTEx_ReceiveToIdle_IT
    main.o(i.main) refers to pom_esp32_c3.o(i.Reset_ESP32_C3_To_Run) for Reset_ESP32_C3_To_Run
    main.o(i.main) refers to main.o(.data) for .data
    main.o(i.main) refers to usart.o(.bss) for huart4
    main.o(.data) refers to main.o(.bss) for uart_rx4_buf1
    gpio.o(i.MX_GPIO_Init) refers to rt_memclr_w.o(.text) for __aeabi_memclr4
    gpio.o(i.MX_GPIO_Init) refers to stm32g4xx_hal_gpio.o(i.HAL_GPIO_WritePin) for HAL_GPIO_WritePin
    gpio.o(i.MX_GPIO_Init) refers to stm32g4xx_hal_gpio.o(i.HAL_GPIO_Init) for HAL_GPIO_Init
    usart.o(i.HAL_UART_MspDeInit) refers to stm32g4xx_hal_gpio.o(i.HAL_GPIO_DeInit) for HAL_GPIO_DeInit
    usart.o(i.HAL_UART_MspDeInit) refers to stm32g4xx_hal_cortex.o(i.HAL_NVIC_DisableIRQ) for HAL_NVIC_DisableIRQ
    usart.o(i.HAL_UART_MspInit) refers to rt_memclr_w.o(.text) for __aeabi_memclr4
    usart.o(i.HAL_UART_MspInit) refers to stm32g4xx_hal_rcc_ex.o(i.HAL_RCCEx_PeriphCLKConfig) for HAL_RCCEx_PeriphCLKConfig
    usart.o(i.HAL_UART_MspInit) refers to main.o(i.Error_Handler) for Error_Handler
[...]
    i.HAL_UARTEx_SetTxFifoThreshold          0x08001f62   Section        0  stm32g4xx_hal_uart_ex.o(i.HAL_UARTEx_SetTxFifoThreshold)
    i.HAL_UARTEx_TxFifoEmptyCallback         0x08001fae   Section        0  stm32g4xx_hal_uart_ex.o(i.HAL_UARTEx_TxFifoEmptyCallback)
    i.HAL_UARTEx_WakeupCallback              0x08001fb0   Section        0  stm32g4xx_hal_uart_ex.o(i.HAL_UARTEx_WakeupCallback)
    i.HAL_UART_ErrorCallback                 0x08001fb2   Section        0  stm32g4xx_hal_uart.o(i.HAL_UART_ErrorCallback)
    i.HAL_UART_IRQHandler                    0x08001fb4   Section        0  stm32g4xx_hal_uart.o(i.HAL_UART_IRQHandler)
    i.HAL_UART_Init                          0x080022d0   Section        0  stm32g4xx_hal_uart.o(i.HAL_UART_Init)
    i.HAL_UART_MspInit                       0x0800233c   Section        0  usart.o(i.HAL_UART_MspInit)
    i.HAL_UART_RxCpltCallback                0x0800242c   Section        0  stm32g4xx_hal_uart.o(i.HAL_UART_RxCpltCallback)
    i.HAL_UART_Transmit                      0x0800242e   Section        0  stm32g4xx_hal_uart.o(i.HAL_UART_Transmit)
    i.HAL_UART_TxCpltCallback                0x080024dc   Section        0  stm32g4xx_hal_uart.o(i.HAL_UART_TxCpltCallback)
    i.HardFault_Handler                      0x080024de   Section        0  stm32g4xx_it.o(i.HardFault_Handler)
    i.IntToUnicode                           0x080024e0   Section        0  usbd_desc.o(i.IntToUnicode)
    IntToUnicode                             0x080024e1   Thumb Code    56  usbd_desc.o(i.IntToUnicode)
    i.MX_GPIO_Init                           0x08002518   Section        0  gpio.o(i.MX_GPIO_Init)
    i.MX_UART4_Init                          0x08002598   Section        0  usart.o(i.MX_UART4_Init)
    i.MX_USART3_UART_Init                    0x08002600   Section        0  usart.o(i.MX_USART3_UART_Init)
    i.MX_USB_Device_Init                     0x08002668   Section        0  usb_device.o(i.MX_USB_Device_Init)
    i.MemManage_Handler                      0x080026bc   Section        0  stm32g4xx_it.o(i.MemManage_Handler)
    i.NMI_Handler                            0x080026be   Section        0  stm32g4xx_it.o(i.NMI_Handler)
    i.PCD_EP_ISR_Handler                     0x080026c0   Section        0  stm32g4xx_hal_pcd.o(i.PCD_EP_ISR_Handler)
    PCD_EP_ISR_Handler                       0x080026c1   Thumb Code   834  stm32g4xx_hal_pcd.o(i.PCD_EP_ISR_Handler)
    i.PendSV_Handler                         0x08002a02   Section        0  stm32g4xx_it.o(i.PendSV_Handler)
    i.Reset_ESP32_C3_To_Run                  0x08002a04   Section        0  pom_esp32_c3.o(i.Reset_ESP32_C3_To_Run)
    i.SVC_Handler                            0x08002a38   Section        0  stm32g4xx_it.o(i.SVC_Handler)
    i.SWAPBYTE                               0x08002a3a   Section        0  usbd_ctlreq.o(i.SWAPBYTE)
    SWAPBYTE                                 0x08002a3b   Thumb Code    10  usbd_ctlreq.o(i.SWAPBYTE)
    i.SysTick_Handler                        0x08002a44   Section        0  stm32g4xx_it.o(i.SysTick_Handler)
    i.SystemClock_Config                     0x08002a48   Section        0  main.o(i.SystemClock_Config)
    i.SystemInit                             0x08002ab8   Section        0  system_stm32g4xx.o(i.SystemInit)
    i.UART4_IRQHandler                       0x08002ac8   Section        0  stm32g4xx_it.o(i.UART4_IRQHandler)
    i.UARTEx_SetNbDataToProcess              0x08002ad4   Section        0  stm32g4xx_hal_uart_ex.o(i.UARTEx_SetNbDataToProcess)
    UARTEx_SetNbDataToProcess                0x08002ad5   Thumb Code    62  stm32g4xx_hal_uart_ex.o(i.UARTEx_SetNbDataToProcess)
    i.UART_AdvFeatureConfig                  0x08002b18   Section        0  stm32g4xx_hal_uart.o(i.UART_AdvFeatureConfig)
    i.UART_CheckIdleState                    0x08002be0   Section        0  stm32g4xx_hal_uart.o(i.UART_CheckIdleState)
    i.UART_DMAAbortOnError                   0x08002c8c   Section        0  stm32g4xx_hal_uart.o(i.UART_DMAAbortOnError)
    UART_DMAAbortOnError                     0x08002c8d   Thumb Code    16  stm32g4xx_hal_uart.o(i.UART_DMAAbortOnError)
    i.UART_EndRxTransfer                     0x08002c9c   Section        0  stm32g4xx_hal_uart.o(i.UART_EndRxTransfer)
    UART_EndRxTransfer                       0x08002c9d   Thumb Code    78  stm32g4xx_hal_uart.o(i.UART_EndRxTransfer)
    i.UART_RxISR_16BIT                       0x08002cf0   Section        0  stm32g4xx_hal_uart.o(i.UART_RxISR_16BIT)
    UART_RxISR_16BIT                         0x08002cf1   Thumb Code   196  stm32g4xx_hal_uart.o(i.UART_RxISR_16BIT)
    i.UART_RxISR_16BIT_FIFOEN                0x08002db8   Section        0  stm32g4xx_hal_uart.o(i.UART_RxISR_16BIT_FIFOEN)
    UART_RxISR_16BIT_FIFOEN                  0x08002db9   Thumb Code   402  stm32g4xx_hal_uart.o(i.UART_RxISR_16BIT_FIFOEN)
    i.UART_RxISR_8BIT                        0x08002f58   Section        0  stm32g4xx_hal_uart.o(i.UART_RxISR_8BIT)
    UART_RxISR_8BIT                          0x08002f59   Thumb Code   196  stm32g4xx_hal_uart.o(i.UART_RxISR_8BIT)
    i.UART_RxISR_8BIT_FIFOEN                 0x08003020   Section        0  stm32g4xx_hal_uart.o(i.UART_RxISR_8BIT_FIFOEN)
    UART_RxISR_8BIT_FIFOEN                   0x08003021   Thumb Code   402  stm32g4xx_hal_uart.o(i.UART_RxISR_8BIT_FIFOEN)
    i.UART_SetConfig                         0x080031c0   Section        0  stm32g4xx_hal_uart.o(i.UART_SetConfig)
    i.UART_Start_Receive_IT                  0x08003434   Section        0  stm32g4xx_hal_uart.o(i.UART_Start_Receive_IT)
    i.UART_WaitOnFlagUntilTimeout            0x08003544   Section        0  stm32g4xx_hal_uart.o(i.UART_WaitOnFlagUntilTimeout)
    i.USART3_IRQHandler                      0x080035d8   Section        0  stm32g4xx_it.o(i.USART3_IRQHandler)
    i.USBD_CDC_ConfigStrDescriptor           0x080035e4   Section        0  usbd_desc.o(i.USBD_CDC_ConfigStrDescriptor)
    i.USBD_CDC_DataIn                        0x08003604   Section        0  usbd_cdc.o(i.USBD_CDC_DataIn)
    USBD_CDC_DataIn                          0x08003605   Thumb Code    94  usbd_cdc.o(i.USBD_CDC_DataIn)
    i.USBD_CDC_DataOut                       0x08003662   Section        0  usbd_cdc.o(i.USBD_CDC_DataOut)
    USBD_CDC_DataOut                         0x08003663   Thumb Code    42  usbd_cdc.o(i.USBD_CDC_DataOut)
    i.USBD_CDC_DeInit                        0x0800368c   Section        0  usbd_cdc.o(i.USBD_CDC_DeInit)
    USBD_CDC_DeInit                          0x0800368d   Thumb Code    72  usbd_cdc.o(i.USBD_CDC_DeInit)
    i.USBD_CDC_DeviceDescriptor              0x080036d4   Section        0  usbd_desc.o(i.USBD_CDC_DeviceDescriptor)
    i.USBD_CDC_EP0_RxReady                   0x080036e0   Section        0  usbd_cdc.o(i.USBD_CDC_EP0_RxReady)
    USBD_CDC_EP0_RxReady                     0x080036e1   Thumb Code    46  usbd_cdc.o(i.USBD_CDC_EP0_RxReady)
    i.USBD_CDC_GetDeviceQualifierDescriptor  0x08003710   Section        0  usbd_cdc.o(i.USBD_CDC_GetDeviceQualifierDescriptor)
    i.USBD_CDC_GetFSCfgDesc                  0x0800371c   Section        0  usbd_cdc.o(i.USBD_CDC_GetFSCfgDesc)
    USBD_CDC_GetFSCfgDesc                    0x0800371d   Thumb Code     8  usbd_cdc.o(i.USBD_CDC_GetFSCfgDesc)
    i.USBD_CDC_GetHSCfgDesc                  0x08003728   Section        0  usbd_cdc.o(i.USBD_CDC_GetHSCfgDesc)
    USBD_CDC_GetHSCfgDesc                    0x08003729   Thumb Code     8  usbd_cdc.o(i.USBD_CDC_GetHSCfgDesc)
    i.USBD_CDC_GetOtherSpeedCfgDesc          0x08003734   Section        0  usbd_cdc.o(i.USBD_CDC_GetOtherSpeedCfgDesc)
    USBD_CDC_GetOtherSpeedCfgDesc            0x08003735   Thumb Code     8  usbd_cdc.o(i.USBD_CDC_GetOtherSpeedCfgDesc)
    i.USBD_CDC_Init                          0x08003740   Section        0  usbd_cdc.o(i.USBD_CDC_Init)
    USBD_CDC_Init                            0x08003741   Thumb Code   162  usbd_cdc.o(i.USBD_CDC_Init)
    i.USBD_CDC_InterfaceStrDescriptor        0x080037e4   Section        0  usbd_desc.o(i.USBD_CDC_InterfaceStrDescriptor)
    i.USBD_CDC_LangIDStrDescriptor           0x08003808   Section        0  usbd_desc.o(i.USBD_CDC_LangIDStrDescriptor)
    i.USBD_CDC_ManufacturerStrDescriptor     0x08003814   Section        0  usbd_desc.o(i.USBD_CDC_ManufacturerStrDescriptor)
    i.USBD_CDC_ProductStrDescriptor          0x0800383c   Section        0  usbd_desc.o(i.USBD_CDC_ProductStrDescriptor)
    i.USBD_CDC_ReceivePacket                 0x08003868   Section        0  usbd_cdc.o(i.USBD_CDC_ReceivePacket)
    i.USBD_CDC_RegisterInterface             0x08003890   Section        0  usbd_cdc.o(i.USBD_CDC_RegisterInterface)
    i.USBD_CDC_SerialStrDescriptor           0x080038a0   Section        0  usbd_desc.o(i.USBD_CDC_SerialStrDescriptor)
    i.USBD_CDC_SetRxBuffer                   0x080038d8   Section        0  usbd_cdc.o(i.USBD_CDC_SetRxBuffer)
    i.USBD_CDC_SetTxBuffer                   0x080038ea   Section        0  usbd_cdc.o(i.USBD_CDC_SetTxBuffer)
    i.USBD_CDC_Setup                         0x08003900   Section        0  usbd_cdc.o(i.USBD_CDC_Setup)
    USBD_CDC_Setup                           0x08003901   Thumb Code   190  usbd_cdc.o(i.USBD_CDC_Setup)
    i.USBD_CDC_TransmitPacket                0x080039be   Section        0  usbd_cdc.o(i.USBD_CDC_TransmitPacket)
    i.USBD_ClrClassConfig                    0x080039f4   Section        0  usbd_core.o(i.USBD_ClrClassConfig)
    i.USBD_CtlContinueRx                     0x08003a04   Section        0  usbd_ioreq.o(i.USBD_CtlContinueRx)
    i.USBD_CtlContinueSendData               0x08003a14   Section        0  usbd_ioreq.o(i.USBD_CtlContinueSendData)
    i.USBD_CtlError                          0x08003a24   Section        0  usbd_ctlreq.o(i.USBD_CtlError)
    i.USBD_CtlPrepareRx                      0x08003a3a   Section        0  usbd_ioreq.o(i.USBD_CtlPrepareRx)
    i.USBD_CtlReceiveStatus                  0x08003a58   Section        0  usbd_ioreq.o(i.USBD_CtlReceiveStatus)
    i.USBD_CtlSendData                       0x08003a6e   Section        0  usbd_ioreq.o(i.USBD_CtlSendData)
    i.USBD_CtlSendStatus                     0x08003a88   Section        0  usbd_ioreq.o(i.USBD_CtlSendStatus)
    i.USBD_GetDescriptor                     0x08003a9e   Section        0  usbd_ctlreq.o(i.USBD_GetDescriptor)
    USBD_GetDescriptor                       0x08003a9f   Thumb Code   250  usbd_ctlreq.o(i.USBD_GetDescriptor)
    i.USBD_GetString                         0x08003b98   Section        0  usbd_ctlreq.o(i.USBD_GetString)
    i.USBD_Get_USB_Status                    0x08003be0   Section        0  usbd_conf.o(i.USBD_Get_USB_Status)
    USBD_Get_USB_Status                      0x08003be1   Thumb Code    24  usbd_conf.o(i.USBD_Get_USB_Status)
    i.USBD_Init                              0x08003bf8   Section        0  usbd_core.o(i.USBD_Init)
    i.USBD_LL_ClearStallEP                   0x08003c1e   Section        0  usbd_conf.o(i.USBD_LL_ClearStallEP)
    i.USBD_LL_CloseEP                        0x08003c30   Section        0  usbd_conf.o(i.USBD_LL_CloseEP)
    i.USBD_LL_DataInStage                    0x08003c42   Section        0  usbd_core.o(i.USBD_LL_DataInStage)
    i.USBD_LL_DataOutStage                   0x08003cea   Section        0  usbd_core.o(i.USBD_LL_DataOutStage)
    i.USBD_LL_GetRxDataSize                  0x08003d56   Section        0  usbd_conf.o(i.USBD_LL_GetRxDataSize)
    i.USBD_LL_Init                           0x08003d60   Section        0  usbd_conf.o(i.USBD_LL_Init)
    i.USBD_LL_IsStallEP                      0x08003de4   Section        0  usbd_conf.o(i.USBD_LL_IsStallEP)
    i.USBD_LL_OpenEP                         0x08003e02   Section        0  usbd_conf.o(i.USBD_LL_OpenEP)
    i.USBD_LL_PrepareReceive                 0x08003e1a   Section        0  usbd_conf.o(i.USBD_LL_PrepareReceive)
    i.USBD_LL_Reset                          0x08003e2c   Section        0  usbd_core.o(i.USBD_LL_Reset)
    i.USBD_LL_Resume                         0x08003e86   Section        0  usbd_core.o(i.USBD_LL_Resume)
    i.USBD_LL_SOF                            0x08003e9a   Section        0  usbd_core.o(i.USBD_LL_SOF)
    i.USBD_LL_SetSpeed                       0x08003eba   Section        0  usbd_core.o(i.USBD_LL_SetSpeed)
    i.USBD_LL_SetUSBAddress                  0x08003ec0   Section        0  usbd_conf.o(i.USBD_LL_SetUSBAddress)
    i.USBD_LL_SetupStage                     0x08003ed2   Section        0  usbd_core.o(i.USBD_LL_SetupStage)
    i.USBD_LL_StallEP                        0x08003f32   Section        0  usbd_conf.o(i.USBD_LL_StallEP)
    i.USBD_LL_Start                          0x08003f44   Section        0  usbd_conf.o(i.USBD_LL_Start)
    i.USBD_LL_Suspend                        0x08003f56   Section        0  usbd_core.o(i.USBD_LL_Suspend)
    i.USBD_LL_Transmit                       0x08003f68   Section        0  usbd_conf.o(i.USBD_LL_Transmit)
    i.USBD_ParseSetupRequest                 0x08003f7a   Section        0  usbd_ctlreq.o(i.USBD_ParseSetupRequest)
    i.USBD_RegisterClass                     0x08003fa6   Section        0  usbd_core.o(i.USBD_RegisterClass)
    i.USBD_SetClassConfig                    0x08003fca   Section        0  usbd_core.o(i.USBD_SetClassConfig)
    i.USBD_SetConfig                         0x08003fe0   Section        0  usbd_ctlreq.o(i.USBD_SetConfig)
    USBD_SetConfig                           0x08003fe1   Thumb Code   182  usbd_ctlreq.o(i.USBD_SetConfig)
    i.USBD_Start                             0x0800409c   Section        0  usbd_core.o(i.USBD_Start)
    i.USBD_StdDevReq                         0x080040a0   Section        0  usbd_ctlreq.o(i.USBD_StdDevReq)
    i.USBD_StdEPReq                          0x080041b4   Section        0  usbd_ctlreq.o(i.USBD_StdEPReq)
    i.USBD_StdItfReq                         0x080042f4   Section        0  usbd_ctlreq.o(i.USBD_StdItfReq)
    i.USBD_static_free                       0x08004346   Section        0  usbd_conf.o(i.USBD_static_free)
    i.USBD_static_malloc                     0x08004348   Section        0  usbd_conf.o(i.USBD_static_malloc)
    i.USB_ActivateEndpoint                   0x08004350   Section        0  stm32g4xx_ll_usb.o(i.USB_ActivateEndpoint)
    i.USB_DeactivateEndpoint                 0x080046ba   Section        0  stm32g4xx_ll_usb.o(i.USB_DeactivateEndpoint)
    i.USB_DevConnect                         0x080047c8   Section        0  stm32g4xx_ll_usb.o(i.USB_DevConnect)
    i.USB_DevInit                            0x080047d6   Section        0  stm32g4xx_ll_usb.o(i.USB_DevInit)
    i.USB_DisableGlobalInt                   0x080047e8   Section        0  stm32g4xx_ll_usb.o(i.USB_DisableGlobalInt)
    i.USB_EPClearStall                       0x080047f8   Section        0  stm32g4xx_ll_usb.o(i.USB_EPClearStall)
    i.USB_EPSetStall                         0x08004868   Section        0  stm32g4xx_ll_usb.o(i.USB_EPSetStall)
    i.USB_EPStartXfer                        0x0800489c   Section        0  stm32g4xx_ll_usb.o(i.USB_EPStartXfer)
    i.USB_EnableGlobalInt                    0x08004c0a   Section        0  stm32g4xx_ll_usb.o(i.USB_EnableGlobalInt)
    i.USB_LP_IRQHandler                      0x08004c1c   Section        0  stm32g4xx_it.o(i.USB_LP_IRQHandler)
    i.USB_ReadInterrupts                     0x08004c28   Section        0  stm32g4xx_ll_usb.o(i.USB_ReadInterrupts)
    i.USB_ReadPMA                            0x08004c2e   Section        0  stm32g4xx_ll_usb.o(i.USB_ReadPMA)
    i.USB_SetDevAddress                      0x08004c56   Section        0  stm32g4xx_ll_usb.o(i.USB_SetDevAddress)
    i.USB_WritePMA                           0x08004c64   Section        0  stm32g4xx_ll_usb.o(i.USB_WritePMA)
    i.UsageFault_Handler                     0x08004c8a   Section        0  stm32g4xx_it.o(i.UsageFault_Handler)
    i.__NVIC_SetPriority                     0x08004c8c   Section        0  stm32g4xx_hal_cortex.o(i.__NVIC_SetPriority)
    __NVIC_SetPriority                       0x08004c8d   Thumb Code    32  stm32g4xx_hal_cortex.o(i.__NVIC_SetPriority)
    i.main                                   0x08004cac   Section        0  main.o(i.main)
    x$fpl$fpinit                             0x08004ce0   Section       10  fpinit.o(x$fpl$fpinit)
    $v0                                      0x08004ce0   Number         0  fpinit.o(x$fpl$fpinit)
    .constdata                               0x08004cea   Section       24  stm32g4xx_hal_uart.o(.constdata)
    .constdata                               0x08004d02   Section       16  stm32g4xx_hal_uart_ex.o(.constdata)
    numerator                                0x08004d02   Data           8  stm32g4xx_hal_uart_ex.o(.constdata)
    denominator                              0x08004d0a   Data           8  stm32g4xx_hal_uart_ex.o(.constdata)
    .constdata                               0x08004d12   Section       16  system_stm32g4xx.o(.constdata)
    .constdata                               0x08004d22   Section        8  system_stm32g4xx.o(.constdata)
    .data                                    0x20000000   Section        4  main.o(.data)
    .data                                    0x20000004   Section       12  stm32g4xx_hal.o(.data)
    .data                                    0x20000010   Section        4  system_stm32g4xx.o(.data)
    .data                                    0x20000014   Section       32  usbd_desc.o(.data)
    .data                                    0x20000034   Section       50  usbd_desc.o(.data)
    .data                                    0x20000068   Section       20  usbd_cdc_if.o(.data)
    .data                                    0x2000007c   Section        1  usbd_ctlreq.o(.data)
    cfgidx                                   0x2000007c   Data           1  usbd_ctlreq.o(.data)
    .data                                    0x20000080   Section      215  usbd_cdc.o(.data)
    USBD_CDC_DeviceQualifierDesc             0x20000080   Data          10  usbd_cdc.o(.data)
    USBD_CDC_CfgHSDesc                       0x2000008c   Data          67  usbd_cdc.o(.data)
    USBD_CDC_CfgFSDesc                       0x200000d0   Data          67  usbd_cdc.o(.data)
    USBD_CDC_OtherSpeedCfgDesc               0x20000114   Data          67  usbd_cdc.o(.data)
    .data                                    0x20000158   Section       56  usbd_cdc.o(.data)
    .bss                                     0x20000190   Section     2048  main.o(.bss)
    .bss                                     0x20000990   Section      296  usart.o(.bss)
    .bss                                     0x20000ab8   Section     1276  usbd_conf.o(.bss)
    mem                                      0x20000ab8   Data         544  usbd_conf.o(.bss)
    .bss                                     0x20000fb4   Section      720  usb_device.o(.bss)
    .bss                                     0x20001284   Section      512  usbd_desc.o(.bss)
    .bss                                     0x20001484   Section     2048  usbd_cdc_if.o(.bss)
    .bss                                     0x20001c84   Section       96  libspace.o(.bss)
    HEAP                                     0x20001ce8   Section      512  startup_stm32g431xx.o(HEAP)
    Heap_Mem                                 0x20001ce8   Data         512  startup_stm32g431xx.o(HEAP)
    STACK                                    0x20001ee8   Section     1024  startup_stm32g431xx.o(STACK)
    Stack_Mem                                0x20001ee8   Data        1024  startup_stm32g431xx.o(STACK)
    __initial_sp                             0x200022e8   Data           0  startup_stm32g431xx.o(STACK)

    Global Symbols

    Symbol Name                              Value     Ov Type        Size  Object(Section)

    BuildAttributes$$THM_ISAv4$E$P$D$K$B$S$7EM$VFPi3$EXTD16$VFPS$VFMA$PE$A:L22UL41UL21$X:L11$S22US41US21$IEEE1$IW$USESV6$~STKCKD$USESV7$~SHL$OSPACE$ROPI$EBA8$UX$STANDARDLIB$REQ8$PRES8$EABIv2 0x00000000   Number         0  anon$$obj.o ABSOLUTE
    __ARM_use_no_argv                        0x00000000   Number         0  main.o ABSOLUTE
    __ARM_exceptions_init                     - Undefined Weak Reference
    __alloca_initialize                       - Undefined Weak Reference
    __arm_fini_                               - Undefined Weak Reference
    __arm_preinit_                            - Undefined Weak Reference
    __cpp_initialize__aeabi_                  - Undefined Weak Reference
    __cxa_finalize                            - Undefined Weak Reference
    __rt_locale                               - Undefined Weak Reference
    __sigvec_lookup                           - Undefined Weak Reference
    _atexit_init                              - Undefined Weak Reference
    _call_atexit_fns                          - Undefined Weak Reference
    _clock_init                               - Undefined Weak Reference
    _fp_trap_init                             - Undefined Weak Reference
    _fp_trap_shutdown                         - Undefined Weak Reference
    _get_lc_collate                           - Undefined Weak Reference
    _get_lc_ctype                             - Undefined Weak Reference
    _get_lc_monetary                          - Undefined Weak Reference
    _get_lc_numeric                           - Undefined Weak Reference
    _get_lc_time                              - Undefined Weak Reference
    _getenv_init                              - Undefined Weak Reference
    _handle_redirection                       - Undefined Weak Reference
    _init_alloc                               - Undefined Weak Reference
    _init_user_alloc                          - Undefined Weak Reference
    _initio                                   - Undefined Weak Reference
    _rand_init                                - Undefined Weak Reference
    _signal_finish                            - Undefined Weak Reference
    _signal_init                              - Undefined Weak Reference
    _terminate_alloc                          - Undefined Weak Reference
    _terminate_user_alloc                     - Undefined Weak Reference
    _terminateio                              - Undefined Weak Reference
    __Vectors_Size                           0x000001d8   Number         0  startup_stm32g431xx.o ABSOLUTE
    __Vectors                                0x08000000   Data           4  startup_stm32g431xx.o(RESET)
    __Vectors_End                            0x080001d8   Data           0  startup_stm32g431xx.o(RESET)
    __main                                   0x080001d9   Thumb Code     8  __main.o(!!!main)
    __scatterload                            0x080001e1   Thumb Code     0  __scatter.o(!!!scatter)
    __scatterload_rt2                        0x080001e1   Thumb Code    44  __scatter.o(!!!scatter)
    __scatterload_rt2_thumb_only             0x080001e1   Thumb Code     0  __scatter.o(!!!scatter)
    __scatterload_null                       0x080001ef   Thumb Code     0  __scatter.o(!!!scatter)
    __decompress                             0x08000215   Thumb Code    90  __dczerorl2.o(!!dczerorl2)
    __decompress1                            0x08000215   Thumb Code     0  __dczerorl2.o(!!dczerorl2)
    __scatterload_zeroinit                   0x08000271   Thumb Code    28  __scatter_zi.o(!!handler_zi)
    __rt_lib_init                            0x0800028d   Thumb Code     0  libinit.o(.ARM.Collect$$libinit$$00000000)
    __rt_lib_init_fp_1                       0x0800028f   Thumb Code     0  libinit2.o(.ARM.Collect$$libinit$$00000001)
    __rt_lib_init_alloca_1                   0x08000293   Thumb Code     0  libinit2.o(.ARM.Collect$$libinit$$0000002E)
    __rt_lib_init_argv_1                     0x08000293   Thumb Code     0  libinit2.o(.ARM.Collect$$libinit$$0000002C)
    __rt_lib_init_atexit_1                   0x08000293   Thumb Code     0  libinit2.o(.ARM.Collect$$libinit$$0000001B)
    __rt_lib_init_clock_1                    0x08000293   Thumb Code     0  libinit2.o(.ARM.Collect$$libinit$$00000021)
    __rt_lib_init_cpp_1                      0x08000293   Thumb Code     0  libinit2.o(.ARM.Collect$$libinit$$00000032)
    __rt_lib_init_exceptions_1               0x08000293   Thumb Code     0  libinit2.o(.ARM.Collect$$libinit$$00000030)
    __rt_lib_init_fp_trap_1                  0x08000293   Thumb Code     0  libinit2.o(.ARM.Collect$$libinit$$0000001F)
    __rt_lib_init_getenv_1                   0x08000293   Thumb Code     0  libinit2.o(.ARM.Collect$$libinit$$00000023)
    __rt_lib_init_heap_1                     0x08000293   Thumb Code     0  libinit2.o(.ARM.Collect$$libinit$$0000000A)
    __rt_lib_init_lc_collate_1               0x08000293   Thumb Code     0  libinit2.o(.ARM.Collect$$libinit$$00000011)
    __rt_lib_init_lc_ctype_1                 0x08000293   Thumb Code     0  libinit2.o(.ARM.Collect$$libinit$$00000013)
    __rt_lib_init_lc_monetary_1              0x08000293   Thumb Code     0  libinit2.o(.ARM.Collect$$libinit$$00000015)
    __rt_lib_init_lc_numeric_1               0x08000293   Thumb Code     0  libinit2.o(.ARM.Collect$$libinit$$00000017)
    __rt_lib_init_lc_time_1                  0x08000293   Thumb Code     0  libinit2.o(.ARM.Collect$$libinit$$00000019)
    __rt_lib_init_preinit_1                  0x08000293   Thumb Code     0  libinit2.o(.ARM.Collect$$libinit$$00000004)
    __rt_lib_init_rand_1                     0x08000293   Thumb Code     0  libinit2.o(.ARM.Collect$$libinit$$0000000E)
    __rt_lib_init_return                     0x08000293   Thumb Code     0  libinit2.o(.ARM.Collect$$libinit$$00000033)
    __rt_lib_init_signal_1                   0x08000293   Thumb Code     0  libinit2.o(.ARM.Collect$$libinit$$0000001D)
    __rt_lib_init_stdio_1                    0x08000293   Thumb Code     0  libinit2.o(.ARM.Collect$$libinit$$00000025)
    __rt_lib_init_user_alloc_1               0x08000293   Thumb Code     0  libinit2.o(.ARM.Collect$$libinit$$0000000C)
    __rt_lib_shutdown                        0x08000295   Thumb Code     0  libshutdown.o(.ARM.Collect$$libshutdown$$00000000)
    __rt_lib_shutdown_cpp_1                  0x08000297   Thumb Code     0  libshutdown2.o(.ARM.Collect$$libshutdown$$00000004)
    __rt_lib_shutdown_fini_1                 0x08000297   Thumb Code     0  libshutdown2.o(.ARM.Collect$$libshutdown$$00000002)
    __rt_lib_shutdown_fp_trap_1              0x08000297   Thumb Code     0  libshutdown2.o(.ARM.Collect$$libshutdown$$00000009)
    __rt_lib_shutdown_heap_1                 0x08000297   Thumb Code     0  libshutdown2.o(.ARM.Collect$$libshutdown$$00000011)
    __rt_lib_shutdown_return                 0x08000297   Thumb Code     0  libshutdown2.o(.ARM.Collect$$libshutdown$$00000012)
    __rt_lib_shutdown_signal_1               0x08000297   Thumb Code     0  libshutdown2.o(.ARM.Collect$$libshutdown$$0000000C)
    __rt_lib_shutdown_stdio_1                0x08000297   Thumb Code     0  libshutdown2.o(.ARM.Collect$$libshutdown$$00000006)
    __rt_lib_shutdown_user_alloc_1           0x08000297   Thumb Code     0  libshutdown2.o(.ARM.Collect$$libshutdown$$0000000E)
    __rt_entry                               0x08000299   Thumb Code     0  __rtentry.o(.ARM.Collect$$rtentry$$00000000)
    __rt_entry_presh_1                       0x08000299   Thumb Code     0  __rtentry2.o(.ARM.Collect$$rtentry$$00000002)
    __rt_entry_sh                            0x08000299   Thumb Code     0  __rtentry4.o(.ARM.Collect$$rtentry$$00000004)
    __rt_entry_li                            0x0800029f   Thumb Code     0  __rtentry2.o(.ARM.Collect$$rtentry$$0000000A)
    __rt_entry_postsh_1                      0x0800029f   Thumb Code     0  __rtentry2.o(.ARM.Collect$$rtentry$$00000009)
    __rt_entry_main                          0x080002a3   Thumb Code     0  __rtentry2.o(.ARM.Collect$$rtentry$$0000000D)
    __rt_entry_postli_1                      0x080002a3   Thumb Code     0  __rtentry2.o(.ARM.Collect$$rtentry$$0000000C)
    __rt_exit                                0x080002ab   Thumb Code     0  rtexit.o(.ARM.Collect$$rtexit$$00000000)
    __rt_exit_ls                             0x080002ad   Thumb Code     0  rtexit2.o(.ARM.Collect$$rtexit$$00000003)
    __rt_exit_prels_1                        0x080002ad   Thumb Code     0  rtexit2.o(.ARM.Collect$$rtexit$$00000002)
    __rt_exit_exit                           0x080002b1   Thumb Code     0  rtexit2.o(.ARM.Collect$$rtexit$$00000004)
    Reset_Handler                            0x080002b9   Thumb Code     8  startup_stm32g431xx.o(.text)
    ADC1_2_IRQHandler                        0x080002d3   Thumb Code     0  startup_stm32g431xx.o(.text)
    COMP1_2_3_IRQHandler                     0x080002d3   Thumb Code     0  startup_stm32g431xx.o(.text)
    COMP4_IRQHandler                         0x080002d3   Thumb Code     0  startup_stm32g431xx.o(.text)
    CORDIC_IRQHandler                        0x080002d3   Thumb Code     0  startup_stm32g431xx.o(.text)
    CRS_IRQHandler                           0x080002d3   Thumb Code     0  startup_stm32g431xx.o(.text)
    DMA1_Channel1_IRQHandler                 0x080002d3   Thumb Code     0  startup_stm32g431xx.o(.text)
    DMA1_Channel2_IRQHandler                 0x080002d3   Thumb Code     0  startup_stm32g431xx.o(.text)
    DMA1_Channel3_IRQHandler                 0x080002d3   Thumb Code     0  startup_stm32g431xx.o(.text)
    DMA1_Channel4_IRQHandler                 0x080002d3   Thumb Code     0  startup_stm32g431xx.o(.text)
    DMA1_Channel5_IRQHandler                 0x080002d3   Thumb Code     0  startup_stm32g431xx.o(.text)
    DMA1_Channel6_IRQHandler                 0x080002d3   Thumb Code     0  startup_stm32g431xx.o(.text)
    DMA2_Channel1_IRQHandler                 0x080002d3   Thumb Code     0  startup_stm32g431xx.o(.text)
    DMA2_Channel2_IRQHandler                 0x080002d3   Thumb Code     0  startup_stm32g431xx.o(.text)
    DMA2_Channel3_IRQHandler                 0x080002d3   Thumb Code     0  startup_stm32g431xx.o(.text)
    DMA2_Channel4_IRQHandler                 0x080002d3   Thumb Code     0  startup_stm32g431xx.o(.text)
    DMA2_Channel5_IRQHandler                 0x080002d3   Thumb Code     0  startup_stm32g431xx.o(.text)
    DMA2_Channel6_IRQHandler                 0x080002d3   Thumb Code     0  startup_stm32g431xx.o(.text)
    DMAMUX_OVR_IRQHandler                    0x080002d3   Thumb Code     0  startup_stm32g431xx.o(.text)
    EXTI0_IRQHandler                         0x080002d3   Thumb Code     0  startup_stm32g431xx.o(.text)
    EXTI15_10_IRQHandler                     0x080002d3   Thumb Code     0  startup_stm32g431xx.o(.text)
    EXTI1_IRQHandler                         0x080002d3   Thumb Code     0  startup_stm32g431xx.o(.text)
    EXTI2_IRQHandler                         0x080002d3   Thumb Code     0  startup_stm32g431xx.o(.text)
    EXTI3_IRQHandler                         0x080002d3   Thumb Code     0  startup_stm32g431xx.o(.text)
    EXTI4_IRQHandler                         0x080002d3   Thumb Code     0  startup_stm32g431xx.o(.text)
    EXTI9_5_IRQHandler                       0x080002d3   Thumb Code     0  startup_stm32g431xx.o(.text)
    FDCAN1_IT0_IRQHandler                    0x080002d3   Thumb Code     0  startup_stm32g431xx.o(.text)
    FDCAN1_IT1_IRQHandler                    0x080002d3   Thumb Code     0  startup_stm32g431xx.o(.text)
    FLASH_IRQHandler                         0x080002d3   Thumb Code     0  startup_stm32g431xx.o(.text)
    FMAC_IRQHandler                          0x080002d3   Thumb Code     0  startup_stm32g431xx.o(.text)
    FPU_IRQHandler                           0x080002d3   Thumb Code     0  startup_stm32g431xx.o(.text)
    I2C1_ER_IRQHandler                       0x080002d3   Thumb Code     0  startup_stm32g431xx.o(.text)
    I2C1_EV_IRQHandler                       0x080002d3   Thumb Code     0  startup_stm32g431xx.o(.text)
    I2C2_ER_IRQHandler                       0x080002d3   Thumb Code     0  startup_stm32g431xx.o(.text)
    I2C2_EV_IRQHandler                       0x080002d3   Thumb Code     0  startup_stm32g431xx.o(.text)
    I2C3_ER_IRQHandler                       0x080002d3   Thumb Code     0  startup_stm32g431xx.o(.text)
    I2C3_EV_IRQHandler                       0x080002d3   Thumb Code     0  startup_stm32g431xx.o(.text)
    LPTIM1_IRQHandler                        0x080002d3   Thumb Code     0  startup_stm32g431xx.o(.text)
    LPUART1_IRQHandler                       0x080002d3   Thumb Code     0  startup_stm32g431xx.o(.text)
    PVD_PVM_IRQHandler                       0x080002d3   Thumb Code     0  startup_stm32g431xx.o(.text)
    RCC_IRQHandler                           0x080002d3   Thumb Code     0  startup_stm32g431xx.o(.text)
    RNG_IRQHandler                           0x080002d3   Thumb Code     0  startup_stm32g431xx.o(.text)
    RTC_Alarm_IRQHandler                     0x080002d3   Thumb Code     0  startup_stm32g431xx.o(.text)
    RTC_TAMP_LSECSS_IRQHandler               0x080002d3   Thumb Code     0  startup_stm32g431xx.o(.text)
    RTC_WKUP_IRQHandler                      0x080002d3   Thumb Code     0  startup_stm32g431xx.o(.text)
    SAI1_IRQHandler                          0x080002d3   Thumb Code     0  startup_stm32g431xx.o(.text)
    SPI1_IRQHandler                          0x080002d3   Thumb Code     0  startup_stm32g431xx.o(.text)
    SPI2_IRQHandler                          0x080002d3   Thumb Code     0  startup_stm32g431xx.o(.text)
    SPI3_IRQHandler                          0x080002d3   Thumb Code     0  startup_stm32g431xx.o(.text)
    TIM1_BRK_TIM15_IRQHandler                0x080002d3   Thumb Code     0  startup_stm32g431xx.o(.text)
    TIM1_CC_IRQHandler                       0x080002d3   Thumb Code     0  startup_stm32g431xx.o(.text)
    TIM1_TRG_COM_TIM17_IRQHandler            0x080002d3   Thumb Code     0  startup_stm32g431xx.o(.text)
    TIM1_UP_TIM16_IRQHandler                 0x080002d3   Thumb Code     0  startup_stm32g431xx.o(.text)
    TIM2_IRQHandler                          0x080002d3   Thumb Code     0  startup_stm32g431xx.o(.text)
    TIM3_IRQHandler                          0x080002d3   Thumb Code     0  startup_stm32g431xx.o(.text)
    TIM4_IRQHandler                          0x080002d3   Thumb Code     0  startup_stm32g431xx.o(.text)
    TIM6_DAC_IRQHandler                      0x080002d3   Thumb Code     0  startup_stm32g431xx.o(.text)
    TIM7_IRQHandler                          0x080002d3   Thumb Code     0  startup_stm32g431xx.o(.text)
    TIM8_BRK_IRQHandler                      0x080002d3   Thumb Code     0  startup_stm32g431xx.o(.text)
    TIM8_CC_IRQHandler                       0x080002d3   Thumb Code     0  startup_stm32g431xx.o(.text)
    TIM8_TRG_COM_IRQHandler                  0x080002d3   Thumb Code     0  startup_stm32g431xx.o(.text)
    TIM8_UP_IRQHandler                       0x080002d3   Thumb Code     0  startup_stm32g431xx.o(.text)
    UCPD1_IRQHandler                         0x080002d3   Thumb Code     0  startup_stm32g431xx.o(.text)
    USART1_IRQHandler                        0x080002d3   Thumb Code     0  startup_stm32g431xx.o(.text)
    USART2_IRQHandler                        0x080002d3   Thumb Code     0  startup_stm32g431xx.o(.text)
    USBWakeUp_IRQHandler                     0x080002d3   Thumb Code     0  startup_stm32g431xx.o(.text)
    USB_HP_IRQHandler                        0x080002d3   Thumb Code     0  startup_stm32g431xx.o(.text)
    WWDG_IRQHandler                          0x080002d3   Thumb Code     0  startup_stm32g431xx.o(.text)
    __user_initial_stackheap                 0x080002d5   Thumb Code     0  startup_stm32g431xx.o(.text)
    __aeabi_uldivmod                         0x080002f9   Thumb Code     0  lludivv7m.o(.text)
    _ll_udiv                                 0x080002f9   Thumb Code   238  lludivv7m.o(.text)
    strstr                                   0x080003e7   Thumb Code    36  strstr.o(.text)
    __aeabi_memclr4                          0x0800040b   Thumb Code     0  rt_memclr_w.o(.text)
    __aeabi_memclr8                          0x0800040b   Thumb Code     0  rt_memclr_w.o(.text)
    __rt_memclr_w                            0x0800040b   Thumb Code    78  rt_memclr_w.o(.text)
    _memset_w                                0x0800040f   Thumb Code     0  rt_memclr_w.o(.text)
    __use_two_region_memory                  0x08000459   Thumb Code     2  heapauxi.o(.text)
    __rt_heap_escrow$2region                 0x0800045b   Thumb Code     2  heapauxi.o(.text)
    __rt_heap_expand$2region                 0x0800045d   Thumb Code     2  heapauxi.o(.text)
    __user_setup_stackheap                   0x0800045f   Thumb Code    74  sys_stackheap_outer.o(.text)
    exit                                     0x080004a9   Thumb Code    18  exit.o(.text)
    __user_libspace                          0x080004bd   Thumb Code     8  libspace.o(.text)
    __user_perproc_libspace                  0x080004bd   Thumb Code     0  libspace.o(.text)
    __user_perthread_libspace                0x080004bd   Thumb Code     0  libspace.o(.text)
    _sys_exit                                0x080004c5   Thumb Code     8  sys_exit.o(.text)
    __I$use$semihosting                      0x080004d1   Thumb Code     0  use_no_semi.o(.text)
    __use_no_semihosting_swi                 0x080004d1   Thumb Code     2  use_no_semi.o(.text)
    BusFault_Handler                         0x080004d3   Thumb Code     2  stm32g4xx_it.o(i.BusFault_Handler)
    __semihosting_library_function           0x080004d3   Thumb Code     0  indicate_semi.o(.text)
    CDC_Transmit_FS                          0x08000535   Thumb Code    38  usbd_cdc_if.o(i.CDC_Transmit_FS)
    DebugMon_Handler                         0x08000561   Thumb Code     2  stm32g4xx_it.o(i.DebugMon_Handler)
    Error_Handler                            0x08000563   Thumb Code     4  main.o(i.Error_Handler)
    HAL_DMA_Abort                            0x08000567   Thumb Code   106  stm32g4xx_hal_dma.o(i.HAL_DMA_Abort)
    HAL_DMA_Abort_IT                         0x080005d1   Thumb Code   120  stm32g4xx_hal_dma.o(i.HAL_DMA_Abort_IT)
    HAL_Delay                                0x08000649   Thumb Code    32  stm32g4xx_hal.o(i.HAL_Delay)
    HAL_GPIO_Init                            0x0800066d   Thumb Code   550  stm32g4xx_hal_gpio.o(i.HAL_GPIO_Init)
    HAL_GPIO_TogglePin                       0x080008b5   Thumb Code    16  stm32g4xx_hal_gpio.o(i.HAL_GPIO_TogglePin)
    HAL_GPIO_WritePin                        0x080008c5   Thumb Code    10  stm32g4xx_hal_gpio.o(i.HAL_GPIO_WritePin)
    HAL_GetTick                              0x080008d1   Thumb Code     6  stm32g4xx_hal.o(i.HAL_GetTick)
    HAL_IncTick                              0x080008dd   Thumb Code    12  stm32g4xx_hal.o(i.HAL_IncTick)
    HAL_Init                                 0x080008ed   Thumb Code    30  stm32g4xx_hal.o(i.HAL_Init)
    HAL_InitTick                             0x0800090d   Thumb Code    58  stm32g4xx_hal.o(i.HAL_InitTick)
    HAL_MspInit                              0x08000951   Thumb Code    42  stm32g4xx_hal_msp.o(i.HAL_MspInit)
    HAL_NVIC_EnableIRQ                       0x08000981   Thumb Code    26  stm32g4xx_hal_cortex.o(i.HAL_NVIC_EnableIRQ)
    HAL_NVIC_SetPriority                     0x0800099d   Thumb Code    60  stm32g4xx_hal_cortex.o(i.HAL_NVIC_SetPriority)
    HAL_NVIC_SetPriorityGrouping             0x080009dd   Thumb Code    26  stm32g4xx_hal_cortex.o(i.HAL_NVIC_SetPriorityGrouping)
    HAL_PCDEx_ActivateLPM                    0x08000a01   Thumb Code    36  stm32g4xx_hal_pcd_ex.o(i.HAL_PCDEx_ActivateLPM)
    HAL_PCDEx_LPM_Callback                   0x08000a25   Thumb Code    64  usbd_conf.o(i.HAL_PCDEx_LPM_Callback)
    HAL_PCDEx_PMAConfig                      0x08000a69   Thumb Code    60  stm32g4xx_hal_pcd_ex.o(i.HAL_PCDEx_PMAConfig)
    HAL_PCD_DataInStageCallback              0x08000aa5   Thumb Code    18  usbd_conf.o(i.HAL_PCD_DataInStageCallback)
    HAL_PCD_DataOutStageCallback             0x08000ab7   Thumb Code    20  usbd_conf.o(i.HAL_PCD_DataOutStageCallback)
    HAL_PCD_EP_Close                         0x08000acb   Thumb Code    74  stm32g4xx_hal_pcd.o(i.HAL_PCD_EP_Close)
    HAL_PCD_EP_ClrStall                      0x08000b15   Thumb Code    90  stm32g4xx_hal_pcd.o(i.HAL_PCD_EP_ClrStall)
    HAL_PCD_EP_GetRxCount                    0x08000fcb   Thumb Code    18  stm32g4xx_hal_pcd.o(i.HAL_PCD_EP_GetRxCount)
    HAL_PCD_EP_Open                          0x08000fdd   Thumb Code    92  stm32g4xx_hal_pcd.o(i.HAL_PCD_EP_Open)
    HAL_PCD_EP_Receive                       0x08001039   Thumb Code    46  stm32g4xx_hal_pcd.o(i.HAL_PCD_EP_Receive)
    HAL_PCD_EP_SetStall                      0x08001067   Thumb Code    94  stm32g4xx_hal_pcd.o(i.HAL_PCD_EP_SetStall)
    HAL_PCD_EP_Transmit                      0x080010c5   Thumb Code    46  stm32g4xx_hal_pcd.o(i.HAL_PCD_EP_Transmit)
    HAL_PCD_IRQHandler                       0x080010f3   Thumb Code   330  stm32g4xx_hal_pcd.o(i.HAL_PCD_IRQHandler)
    HAL_PCD_Init                             0x0800123d   Thumb Code   156  stm32g4xx_hal_pcd.o(i.HAL_PCD_Init)
    HAL_PCD_MspInit                          0x080012d9   Thumb Code    80  usbd_conf.o(i.HAL_PCD_MspInit)
    HAL_PCD_ResetCallback                    0x08001331   Thumb Code    38  usbd_conf.o(i.HAL_PCD_ResetCallback)
    HAL_PCD_ResumeCallback                   0x08001359   Thumb Code    34  usbd_conf.o(i.HAL_PCD_ResumeCallback)
    HAL_PCD_SOFCallback                      0x08001381   Thumb Code     8  usbd_conf.o(i.HAL_PCD_SOFCallback)
    HAL_PCD_SetAddress                       0x08001389   Thumb Code    38  stm32g4xx_hal_pcd.o(i.HAL_PCD_SetAddress)
    HAL_PCD_SetupStageCallback               0x080013af   Thumb Code    14  usbd_conf.o(i.HAL_PCD_SetupStageCallback)
    HAL_PCD_Start                            0x080013bd   Thumb Code    42  stm32g4xx_hal_pcd.o(i.HAL_PCD_Start)
    HAL_PCD_SuspendCallback                  0x080013e9   Thumb Code    30  usbd_conf.o(i.HAL_PCD_SuspendCallback)
    HAL_PWREx_ControlVoltageScaling          0x0800140d   Thumb Code   174  stm32g4xx_hal_pwr_ex.o(i.HAL_PWREx_ControlVoltageScaling)
    HAL_PWREx_DisableUCPDDeadBattery         0x080014c9   Thumb Code    12  stm32g4xx_hal_pwr_ex.o(i.HAL_PWREx_DisableUCPDDeadBattery)
    HAL_RCCEx_PeriphCLKConfig                0x080014d9   Thumb Code   638  stm32g4xx_hal_rcc_ex.o(i.HAL_RCCEx_PeriphCLKConfig)
    HAL_RCC_ClockConfig                      0x08001761   Thumb Code   444  stm32g4xx_hal_rcc.o(i.HAL_RCC_ClockConfig)
    HAL_RCC_GetPCLK1Freq                     0x0800193d   Thumb Code    24  stm32g4xx_hal_rcc.o(i.HAL_RCC_GetPCLK1Freq)
    HAL_RCC_GetPCLK2Freq                     0x08001961   Thumb Code    24  stm32g4xx_hal_rcc.o(i.HAL_RCC_GetPCLK2Freq)
    HAL_RCC_GetSysClockFreq                  0x08001985   Thumb Code    98  stm32g4xx_hal_rcc.o(i.HAL_RCC_GetSysClockFreq)
    HAL_RCC_OscConfig                        0x080019f5   Thumb Code  1028  stm32g4xx_hal_rcc.o(i.HAL_RCC_OscConfig)
    HAL_SYSTICK_Config                       0x08001df9   Thumb Code    40  stm32g4xx_hal_cortex.o(i.HAL_SYSTICK_Config)
    HAL_UARTEx_DisableFifoMode               0x08001e21   Thumb Code    62  stm32g4xx_hal_uart_ex.o(i.HAL_UARTEx_DisableFifoMode)
    HAL_UARTEx_ReceiveToIdle_IT              0x08001e5f   Thumb Code    78  stm32g4xx_hal_uart_ex.o(i.HAL_UARTEx_ReceiveToIdle_IT)
    HAL_UARTEx_RxEventCallback               0x08001ead   Thumb Code    70  main.o(i.HAL_UARTEx_RxEventCallback)
    HAL_UARTEx_RxFifoFullCallback            0x08001f15   Thumb Code     2  stm32g4xx_hal_uart_ex.o(i.HAL_UARTEx_RxFifoFullCallback)
    HAL_UARTEx_SetRxFifoThreshold            0x08001f17   Thumb Code    76  stm32g4xx_hal_uart_ex.o(i.HAL_UARTEx_SetRxFifoThreshold)
    HAL_UARTEx_SetTxFifoThreshold            0x08001f63   Thumb Code    76  stm32g4xx_hal_uart_ex.o(i.HAL_UARTEx_SetTxFifoThreshold)
    HAL_UARTEx_TxFifoEmptyCallback           0x08001faf   Thumb Code     2  stm32g4xx_hal_uart_ex.o(i.HAL_UARTEx_TxFifoEmptyCallback)
    HAL_UARTEx_WakeupCallback                0x08001fb1   Thumb Code     2  stm32g4xx_hal_uart_ex.o(i.HAL_UARTEx_WakeupCallback)
    HAL_UART_ErrorCallback                   0x08001fb3   Thumb Code     2  stm32g4xx_hal_uart.o(i.HAL_UART_ErrorCallback)
    HAL_UART_IRQHandler                      0x08001fb5   Thumb Code   782  stm32g4xx_hal_uart.o(i.HAL_UART_IRQHandler)
    HAL_UART_Init                            0x080022d1   Thumb Code   106  stm32g4xx_hal_uart.o(i.HAL_UART_Init)
    HAL_UART_MspInit                         0x0800233d   Thumb Code   220  usart.o(i.HAL_UART_MspInit)
    HAL_UART_RxCpltCallback                  0x0800242d   Thumb Code     2  stm32g4xx_hal_uart.o(i.HAL_UART_RxCpltCallback)
    HAL_UART_Transmit                        0x0800242f   Thumb Code   174  stm32g4xx_hal_uart.o(i.HAL_UART_Transmit)
    HAL_UART_TxCpltCallback                  0x080024dd   Thumb Code     2  stm32g4xx_hal_uart.o(i.HAL_UART_TxCpltCallback)
    HardFault_Handler                        0x080024df   Thumb Code     2  stm32g4xx_it.o(i.HardFault_Handler)
    MX_GPIO_Init                             0x08002519   Thumb Code   118  gpio.o(i.MX_GPIO_Init)
    MX_UART4_Init                            0x08002599   Thumb Code    94  usart.o(i.MX_UART4_Init)
    MX_USART3_UART_Init                      0x08002601   Thumb Code    94  usart.o(i.MX_USART3_UART_Init)
    MX_USB_Device_Init                       0x08002669   Thumb Code    66  usb_device.o(i.MX_USB_Device_Init)
    MemManage_Handler                        0x080026bd   Thumb Code     2  stm32g4xx_it.o(i.MemManage_Handler)
    NMI_Handler                              0x080026bf   Thumb Code     2  stm32g4xx_it.o(i.NMI_Handler)
    PendSV_Handler                           0x08002a03   Thumb Code     2  stm32g4xx_it.o(i.PendSV_Handler)
    Reset_ESP32_C3_To_Run                    0x08002a05   Thumb Code    48  pom_esp32_c3.o(i.Reset_ESP32_C3_To_Run)
    SVC_Handler                              0x08002a39   Thumb Code     2  stm32g4xx_it.o(i.SVC_Handler)
    SysTick_Handler                          0x08002a45   Thumb Code     4  stm32g4xx_it.o(i.SysTick_Handler)
    SystemClock_Config                       0x08002a49   Thumb Code   110  main.o(i.SystemClock_Config)
    SystemInit                               0x08002ab9   Thumb Code    12  system_stm32g4xx.o(i.SystemInit)
    UART4_IRQHandler                         0x08002ac9   Thumb Code     6  stm32g4xx_it.o(i.UART4_IRQHandler)
    UART_AdvFeatureConfig                    0x08002b19   Thumb Code   200  stm32g4xx_hal_uart.o(i.UART_AdvFeatureConfig)
    UART_CheckIdleState                      0x08002be1   Thumb Code   172  stm32g4xx_hal_uart.o(i.UART_CheckIdleState)
    UART_SetConfig                           0x080031c1   Thumb Code   582  stm32g4xx_hal_uart.o(i.UART_SetConfig)
    UART_Start_Receive_IT                    0x08003435   Thumb Code   256  stm32g4xx_hal_uart.o(i.UART_Start_Receive_IT)
    UART_WaitOnFlagUntilTimeout              0x08003545   Thumb Code   148  stm32g4xx_hal_uart.o(i.UART_WaitOnFlagUntilTimeout)
    USART3_IRQHandler                        0x080035d9   Thumb Code     6  stm32g4xx_it.o(i.USART3_IRQHandler)
    USBD_CDC_ConfigStrDescriptor             0x080035e5   Thumb Code    16  usbd_desc.o(i.USBD_CDC_ConfigStrDescriptor)
    USBD_CDC_DeviceDescriptor                0x080036d5   Thumb Code     8  usbd_desc.o(i.USBD_CDC_DeviceDescriptor)
    USBD_CDC_GetDeviceQualifierDescriptor    0x08003711   Thumb Code     8  usbd_cdc.o(i.USBD_CDC_GetDeviceQualifierDescriptor)
    USBD_CDC_InterfaceStrDescriptor          0x080037e5   Thumb Code    16  usbd_desc.o(i.USBD_CDC_InterfaceStrDescriptor)
    USBD_CDC_LangIDStrDescriptor             0x08003809   Thumb Code     8  usbd_desc.o(i.USBD_CDC_LangIDStrDescriptor)
    USBD_CDC_ManufacturerStrDescriptor       0x08003815   Thumb Code    16  usbd_desc.o(i.USBD_CDC_ManufacturerStrDescriptor)
    USBD_CDC_ProductStrDescriptor            0x0800383d   Thumb Code    16  usbd_desc.o(i.USBD_CDC_ProductStrDescriptor)
    USBD_CDC_ReceivePacket                   0x08003869   Thumb Code    40  usbd_cdc.o(i.USBD_CDC_ReceivePacket)
    USBD_CDC_RegisterInterface               0x08003891   Thumb Code    14  usbd_cdc.o(i.USBD_CDC_RegisterInterface)
    USBD_CDC_SerialStrDescriptor             0x080038a1   Thumb Code    48  usbd_desc.o(i.USBD_CDC_SerialStrDescriptor)
    USBD_CDC_SetRxBuffer                     0x080038d9   Thumb Code    18  usbd_cdc.o(i.USBD_CDC_SetRxBuffer)
    USBD_CDC_SetTxBuffer                     0x080038eb   Thumb Code    22  usbd_cdc.o(i.USBD_CDC_SetTxBuffer)
    USBD_CDC_TransmitPacket                  0x080039bf   Thumb Code    54  usbd_cdc.o(i.USBD_CDC_TransmitPacket)
    USBD_ClrClassConfig                      0x080039f5   Thumb Code    16  usbd_core.o(i.USBD_ClrClassConfig)
    USBD_CtlContinueRx                       0x08003a05   Thumb Code    16  usbd_ioreq.o(i.USBD_CtlContinueRx)
    USBD_CtlContinueSendData                 0x08003a15   Thumb Code    16  usbd_ioreq.o(i.USBD_CtlContinueSendData)
    USBD_CtlError                            0x08003a25   Thumb Code    22  usbd_ctlreq.o(i.USBD_CtlError)
    USBD_CtlPrepareRx                        0x08003a3b   Thumb Code    30  usbd_ioreq.o(i.USBD_CtlPrepareRx)
    USBD_CtlReceiveStatus                    0x08003a59   Thumb Code    22  usbd_ioreq.o(i.USBD_CtlReceiveStatus)
    USBD_CtlSendData                         0x08003a6f   Thumb Code    26  usbd_ioreq.o(i.USBD_CtlSendData)
    USBD_CtlSendStatus                       0x08003a89   Thumb Code    22  usbd_ioreq.o(i.USBD_CtlSendStatus)
    USBD_GetString                           0x08003b99   Thumb Code    72  usbd_ctlreq.o(i.USBD_GetString)
    USBD_Init                                0x08003bf9   Thumb Code    38  usbd_core.o(i.USBD_Init)
    USBD_LL_ClearStallEP                     0x08003c1f   Thumb Code    18  usbd_conf.o(i.USBD_LL_ClearStallEP)
    USBD_LL_CloseEP                          0x08003c31   Thumb Code    18  usbd_conf.o(i.USBD_LL_CloseEP)
    USBD_LL_DataInStage                      0x08003c43   Thumb Code   168  usbd_core.o(i.USBD_LL_DataInStage)
    USBD_LL_DataOutStage                     0x08003ceb   Thumb Code   108  usbd_core.o(i.USBD_LL_DataOutStage)
    USBD_LL_GetRxDataSize                    0x08003d57   Thumb Code     8  usbd_conf.o(i.USBD_LL_GetRxDataSize)
    USBD_LL_Init                             0x08003d61   Thumb Code   124  usbd_conf.o(i.USBD_LL_Init)
    USBD_LL_IsStallEP                        0x08003de5   Thumb Code    30  usbd_conf.o(i.USBD_LL_IsStallEP)
    USBD_LL_OpenEP                           0x08003e03   Thumb Code    24  usbd_conf.o(i.USBD_LL_OpenEP)
    USBD_LL_PrepareReceive                   0x08003e1b   Thumb Code    18  usbd_conf.o(i.USBD_LL_PrepareReceive)
    USBD_LL_Reset                            0x08003e2d   Thumb Code    90  usbd_core.o(i.USBD_LL_Reset)
    USBD_LL_Resume                           0x08003e87   Thumb Code    20  usbd_core.o(i.USBD_LL_Resume)
    USBD_LL_SOF                              0x08003e9b   Thumb Code    32  usbd_core.o(i.USBD_LL_SOF)
    USBD_LL_SetSpeed                         0x08003ebb   Thumb Code     6  usbd_core.o(i.USBD_LL_SetSpeed)
    USBD_LL_SetUSBAddress                    0x08003ec1   Thumb Code    18  usbd_conf.o(i.USBD_LL_SetUSBAddress)
    USBD_LL_SetupStage                       0x08003ed3   Thumb Code    96  usbd_core.o(i.USBD_LL_SetupStage)
    USBD_LL_StallEP                          0x08003f33   Thumb Code    18  usbd_conf.o(i.USBD_LL_StallEP)
    USBD_LL_Start                            0x08003f45   Thumb Code    18  usbd_conf.o(i.USBD_LL_Start)
    USBD_LL_Suspend                          0x08003f57   Thumb Code    18  usbd_core.o(i.USBD_LL_Suspend)
    USBD_LL_Transmit                         0x08003f69   Thumb Code    18  usbd_conf.o(i.USBD_LL_Transmit)
    USBD_ParseSetupRequest                   0x08003f7b   Thumb Code    44  usbd_ctlreq.o(i.USBD_ParseSetupRequest)
    USBD_RegisterClass                       0x08003fa7   Thumb Code    36  usbd_core.o(i.USBD_RegisterClass)
    USBD_SetClassConfig                      0x08003fcb   Thumb Code    20  usbd_core.o(i.USBD_SetClassConfig)
    USBD_Start                               0x0800409d   Thumb Code     4  usbd_core.o(i.USBD_Start)
    USBD_StdDevReq                           0x080040a1   Thumb Code   276  usbd_ctlreq.o(i.USBD_StdDevReq)
    USBD_StdEPReq                            0x080041b5   Thumb Code   320  usbd_ctlreq.o(i.USBD_StdEPReq)
    USBD_StdItfReq                           0x080042f5   Thumb Code    82  usbd_ctlreq.o(i.USBD_StdItfReq)
    USBD_static_free                         0x08004347   Thumb Code     2  usbd_conf.o(i.USBD_static_free)
    USBD_static_malloc                       0x08004349   Thumb Code     4  usbd_conf.o(i.USBD_static_malloc)
    USB_ActivateEndpoint                     0x08004351   Thumb Code   874  stm32g4xx_ll_usb.o(i.USB_ActivateEndpoint)
    USB_DeactivateEndpoint                   0x080046bb   Thumb Code   270  stm32g4xx_ll_usb.o(i.USB_DeactivateEndpoint)
    USB_DevConnect                           0x080047c9   Thumb Code    14  stm32g4xx_ll_usb.o(i.USB_DevConnect)
    USB_DevInit                              0x080047d7   Thumb Code    18  stm32g4xx_ll_usb.o(i.USB_DevInit)
    USB_DisableGlobalInt                     0x080047e9   Thumb Code    16  stm32g4xx_ll_usb.o(i.USB_DisableGlobalInt)
    USB_EPClearStall                         0x080047f9   Thumb Code   112  stm32g4xx_ll_usb.o(i.USB_EPClearStall)
    USB_EPSetStall                           0x08004869   Thumb Code    50  stm32g4xx_ll_usb.o(i.USB_EPSetStall)
    USB_EPStartXfer                          0x0800489d   Thumb Code   878  stm32g4xx_ll_usb.o(i.USB_EPStartXfer)
    USB_EnableGlobalInt                      0x08004c0b   Thumb Code    18  stm32g4xx_ll_usb.o(i.USB_EnableGlobalInt)
    USB_LP_IRQHandler                        0x08004c1d   Thumb Code     6  stm32g4xx_it.o(i.USB_LP_IRQHandler)
    USB_ReadInterrupts                       0x08004c29   Thumb Code     6  stm32g4xx_ll_usb.o(i.USB_ReadInterrupts)
    USB_ReadPMA                              0x08004c2f   Thumb Code    40  stm32g4xx_ll_usb.o(i.USB_ReadPMA)
    USB_SetDevAddress                        0x08004c57   Thumb Code    12  stm32g4xx_ll_usb.o(i.USB_SetDevAddress)
    USB_WritePMA                             0x08004c65   Thumb Code    38  stm32g4xx_ll_usb.o(i.USB_WritePMA)
    UsageFault_Handler                       0x08004c8b   Thumb Code     2  stm32g4xx_it.o(i.UsageFault_Handler)
    main                                     0x08004cad   Thumb Code    44  main.o(i.main)
    _fp_init                                 0x08004ce1   Thumb Code    10  fpinit.o(x$fpl$fpinit)
    __fplib_config_fpu_vfp                   0x08004ce9   Thumb Code     0  fpinit.o(x$fpl$fpinit)
    __fplib_config_pureend_doubles           0x08004ce9   Thumb Code     0  fpinit.o(x$fpl$fpinit)
    UARTPrescTable                           0x08004cea   Data          24  stm32g4xx_hal_uart.o(.constdata)
    AHBPrescTable                            0x08004d12   Data          16  system_stm32g4xx.o(.constdata)
    APBPrescTable                            0x08004d22   Data           8  system_stm32g4xx.o(.constdata)
    Region$$Table$$Base                      0x08004d2c   Number         0  anon$$obj.o(Region$$Table)
    Region$$Table$$Limit                     0x08004d4c   Number         0  anon$$obj.o(Region$$Table)
    BUF_addr                                 0x20000000   Data           4  main.o(.data)
    uwTickPrio                               0x20000004   Data           4  stm32g4xx_hal.o(.data)
    uwTickFreq                               0x20000008   Data           4  stm32g4xx_hal.o(.data)
    uwTick                                   0x2000000c   Data           4  stm32g4xx_hal.o(.data)
    SystemCoreClock                          0x20000010   Data           4  system_stm32g4xx.o(.data)
    CDC_Desc                                 0x20000014   Data          32  usbd_desc.o(.data)
    USBD_LangIDDesc                          0x20000034   Data           4  usbd_desc.o(.data)
    USBD_CDC_DeviceDesc                      0x20000038   Data          18  usbd_desc.o(.data)
    USBD_StringSerial                        0x2000004c   Data          26  usbd_desc.o(.data)
    USBD_Interface_fops_FS                   0x20000068   Data          20  usbd_cdc_if.o(.data)
    USBD_CDC                                 0x20000158   Data          56  usbd_cdc.o(.data)
    uart_rx4_buf1                            0x20000190   Data        1024  main.o(.bss)
    uart_rx4_buf2                            0x20000590   Data        1024  main.o(.bss)
    huart4                                   0x20000990   Data         148  usart.o(.bss)
    huart3                                   0x20000a24   Data         148  usart.o(.bss)
    hpcd_USB_FS                              0x20000cd8   Data         732  usbd_conf.o(.bss)
    hUsbDeviceFS                             0x20000fb4   Data         720  usb_device.o(.bss)
    USBD_StrDesc                             0x20001284   Data         512  usbd_desc.o(.bss)
    UserRxBufferFS                           0x20001484   Data        1024  usbd_cdc_if.o(.bss)
    UserTxBufferFS                           0x20001884   Data        1024  usbd_cdc_if.o(.bss)
    __libspace_start                         0x20001c84   Data          96  libspace.o(.bss)
    __temporary_stack_top$libspace           0x20001ce4   Data           0  libspace.o(.bss)



==============================================================================

Memory Map of the image

  Image Entry point : 0x080001d9

  Load Region LR_IROM1 (Base: 0x08000000, Size: 0x00004edc, Max: 0x00020000, ABSOLUTE, COMPRESSED[0x00004e14])

    Execution Region ER_IROM1 (Exec base: 0x08000000, Load base: 0x08000000, Size: 0x00004d4c, Max: 0x00020000, ABSOLUTE)

    Exec Addr    Load Addr    Size         Type   Attr      Idx    E Section Name        Object

    0x08000000   0x08000000   0x000001d8   Data   RO            3    RESET               startup_stm32g431xx.o
    0x080001d8   0x080001d8   0x00000008   Code   RO         3856  * !!!main             c_w.l(__main.o)
    0x080001e0   0x080001e0   0x00000034   Code   RO         4027    !!!scatter          c_w.l(__scatter.o)
    0x08000214   0x08000214   0x0000005a   Code   RO         4025    !!dczerorl2         c_w.l(__dczerorl2.o)
    0x0800026e   0x0800026e   0x00000002   PAD
    0x08000270   0x08000270   0x0000001c   Code   RO         4029    !!handler_zi        c_w.l(__scatter_zi.o)
    0x0800028c   0x0800028c   0x00000002   Code   RO         3893    .ARM.Collect$$libinit$$00000000  c_w.l(libinit.o)
    0x0800028e   0x0800028e   0x00000004   Code   RO         3905    .ARM.Collect$$libinit$$00000001  c_w.l(libinit2.o)
    0x08000292   0x08000292   0x00000000   Code   RO         3908    .ARM.Collect$$libinit$$00000004  c_w.l(libinit2.o)
    0x08000292   0x08000292   0x00000000   Code   RO         3911    .ARM.Collect$$libinit$$0000000A  c_w.l(libinit2.o)
    0x08000292   0x08000292   0x00000000   Code   RO         3913    .ARM.Collect$$libinit$$0000000C  c_w.l(libinit2.o)
    0x08000292   0x08000292   0x00000000   Code   RO         3915    .ARM.Collect$$libinit$$0000000E  c_w.l(libinit2.o)
    0x08000292   0x08000292   0x00000000   Code   RO         3918    .ARM.Collect$$libinit$$00000011  c_w.l(libinit2.o)
    0x08000292   0x08000292   0x00000000   Code   RO         3920    .ARM.Collect$$libinit$$00000013  c_w.l(libinit2.o)
    0x08000292   0x08000292   0x00000000   Code   RO         3922    .ARM.Collect$$libinit$$00000015  c_w.l(libinit2.o)
    0x08000292   0x08000292   0x00000000   Code   RO         3924    .ARM.Collect$$libinit$$00000017  c_w.l(libinit2.o)
    0x08000292   0x08000292   0x00000000   Code   RO         3926    .ARM.Collect$$libinit$$00000019  c_w.l(libinit2.o)
    0x08000292   0x08000292   0x00000000   Code   RO         3928    .ARM.Collect$$libinit$$0000001B  c_w.l(libinit2.o)
    0x08000292   0x08000292   0x00000000   Code   RO         3930    .ARM.Collect$$libinit$$0000001D  c_w.l(libinit2.o)
    0x08000292   0x08000292   0x00000000   Code   RO         3932    .ARM.Collect$$libinit$$0000001F  c_w.l(libinit2.o)
    0x08000292   0x08000292   0x00000000   Code   RO         3934    .ARM.Collect$$libinit$$00000021  c_w.l(libinit2.o)
    0x08000292   0x08000292   0x00000000   Code   RO         3936    .ARM.Collect$$libinit$$00000023  c_w.l(libinit2.o)
    0x08000292   0x08000292   0x00000000   Code   RO         3938    .ARM.Collect$$libinit$$00000025  c_w.l(libinit2.o)
    0x08000292   0x08000292   0x00000000   Code   RO         3942    .ARM.Collect$$libinit$$0000002C  c_w.l(libinit2.o)
    0x08000292   0x08000292   0x00000000   Code   RO         3944    .ARM.Collect$$libinit$$0000002E  c_w.l(libinit2.o)
    0x08000292   0x08000292   0x00000000   Code   RO         3946    .ARM.Collect$$libinit$$00000030  c_w.l(libinit2.o)
    0x08000292   0x08000292   0x00000000   Code   RO         3948    .ARM.Collect$$libinit$$00000032  c_w.l(libinit2.o)
    0x08000292   0x08000292   0x00000002   Code   RO         3949    .ARM.Collect$$libinit$$00000033  c_w.l(libinit2.o)
    0x08000294   0x08000294   0x00000002   Code   RO         3980    .ARM.Collect$$libshutdown$$00000000  c_w.l(libshutdown.o)
    0x08000296   0x08000296   0x00000000   Code   RO         4006    .ARM.Collect$$libshutdown$$00000002  c_w.l(libshutdown2.o)
    0x08000296   0x08000296   0x00000000   Code   RO         4008    .ARM.Collect$$libshutdown$$00000004  c_w.l(libshutdown2.o)
    0x08000296   0x08000296   0x00000000   Code   RO         4010    .ARM.Collect$$libshutdown$$00000006  c_w.l(libshutdown2.o)
    0x08000296   0x08000296   0x00000000   Code   RO         4013    .ARM.Collect$$libshutdown$$00000009  c_w.l(libshutdown2.o)
    0x08000296   0x08000296   0x00000000   Code   RO         4016    .ARM.Collect$$libshutdown$$0000000C  c_w.l(libshutdown2.o)
    0x08000296   0x08000296   0x00000000   Code   RO         4018    .ARM.Collect$$libshutdown$$0000000E  c_w.l(libshutdown2.o)
    0x08000296   0x08000296   0x00000000   Code   RO         4021    .ARM.Collect$$libshutdown$$00000011  c_w.l(libshutdown2.o)
    0x08000296   0x08000296   0x00000002   Code   RO         4022    .ARM.Collect$$libshutdown$$00000012  c_w.l(libshutdown2.o)
    0x08000298   0x08000298   0x00000000   Code   RO         3858    .ARM.Collect$$rtentry$$00000000  c_w.l(__rtentry.o)
    0x08000298   0x08000298   0x00000000   Code   RO         3864    .ARM.Collect$$rtentry$$00000002  c_w.l(__rtentry2.o)
    0x08000298   0x08000298   0x00000006   Code   RO         3876    .ARM.Collect$$rtentry$$00000004  c_w.l(__rtentry4.o)
    0x0800029e   0x0800029e   0x00000000   Code   RO         3866    .ARM.Collect$$rtentry$$00000009  c_w.l(__rtentry2.o)
    0x0800029e   0x0800029e   0x00000004   Code   RO         3867    .ARM.Collect$$rtentry$$0000000A  c_w.l(__rtentry2.o)
    0x080002a2   0x080002a2   0x00000000   Code   RO         3869    .ARM.Collect$$rtentry$$0000000C  c_w.l(__rtentry2.o)
    0x080002a2   0x080002a2   0x00000008   Code   RO         3870    .ARM.Collect$$rtentry$$0000000D  c_w.l(__rtentry2.o)
    0x080002aa   0x080002aa   0x00000002   Code   RO         3897    .ARM.Collect$$rtexit$$00000000  c_w.l(rtexit.o)
    0x080002ac   0x080002ac   0x00000000   Code   RO         3953    .ARM.Collect$$rtexit$$00000002  c_w.l(rtexit2.o)
    0x080002ac   0x080002ac   0x00000004   Code   RO         3954    .ARM.Collect$$rtexit$$00000003  c_w.l(rtexit2.o)
    0x080002b0   0x080002b0   0x00000006   Code   RO         3955    .ARM.Collect$$rtexit$$00000004  c_w.l(rtexit2.o)
    0x080002b6   0x080002b6   0x00000002   PAD
    0x080002b8   0x080002b8   0x00000040   Code   RO            4    .text               startup_stm32g431xx.o
    0x080002f8   0x080002f8   0x000000ee   Code   RO         3848    .text               c_w.l(lludivv7m.o)
    0x080003e6   0x080003e6   0x00000024   Code   RO         3850    .text               c_w.l(strstr.o)
    0x0800040a   0x0800040a   0x0000004e   Code   RO         3852    .text               c_w.l(rt_memclr_w.o)
    0x08000458   0x08000458   0x00000006   Code   RO         3854    .text               c_w.l(heapauxi.o)
    0x0800045e   0x0800045e   0x0000004a   Code   RO         3880    .text               c_w.l(sys_stackheap_outer.o)
    0x080004a8   0x080004a8   0x00000012   Code   RO         3882    .text               c_w.l(exit.o)
    0x080004ba   0x080004ba   0x00000002   PAD
    0x080004bc   0x080004bc   0x00000008   Code   RO         3894    .text               c_w.l(libspace.o)
    0x080004c4   0x080004c4   0x0000000c   Code   RO         3950    .text               c_w.l(sys_exit.o)
    0x080004d0   0x080004d0   0x00000002   Code   RO         3969    .text               c_w.l(use_no_semi.o)
    0x080004d2   0x080004d2   0x00000000   Code   RO         3971    .text               c_w.l(indicate_semi.o)
    0x080004d2   0x080004d2   0x00000002   Code   RO          283    i.BusFault_Handler  stm32g4xx_it.o
    0x080004d4   0x080004d4   0x00000004   Code   RO         3379    i.CDC_Control_FS    usbd_cdc_if.o
    0x080004d8   0x080004d8   0x00000004   Code   RO         3380    i.CDC_DeInit_FS     usbd_cdc_if.o
    0x080004dc   0x080004dc   0x00000024   Code   RO         3381    i.CDC_Init_FS       usbd_cdc_if.o
    0x08000500   0x08000500   0x00000030   Code   RO         3382    i.CDC_Receive_FS    usbd_cdc_if.o
    0x08000530   0x08000530   0x00000004   Code   RO         3383    i.CDC_TransmitCplt_FS  usbd_cdc_if.o
    0x08000534   0x08000534   0x0000002c   Code   RO         3384    i.CDC_Transmit_FS   usbd_cdc_if.o
    0x08000560   0x08000560   0x00000002   Code   RO          284    i.DebugMon_Handler  stm32g4xx_it.o
    0x08000562   0x08000562   0x00000004   Code   RO           13    i.Error_Handler     main.o
    0x08000566   0x08000566   0x0000006a   Code   RO         1797    i.HAL_DMA_Abort     stm32g4xx_hal_dma.o
    0x080005d0   0x080005d0   0x00000078   Code   RO         1798    i.HAL_DMA_Abort_IT  stm32g4xx_hal_dma.o
    0x08000648   0x08000648   0x00000024   Code   RO          950    i.HAL_Delay         stm32g4xx_hal.o
    0x0800066c   0x0800066c   0x00000248   Code   RO         1659    i.HAL_GPIO_Init     stm32g4xx_hal_gpio.o
    0x080008b4   0x080008b4   0x00000010   Code   RO         1662    i.HAL_GPIO_TogglePin  stm32g4xx_hal_gpio.o
    0x080008c4   0x080008c4   0x0000000a   Code   RO         1663    i.HAL_GPIO_WritePin  stm32g4xx_hal_gpio.o
    0x080008ce   0x080008ce   0x00000002   PAD
    0x080008d0   0x080008d0   0x0000000c   Code   RO          954    i.HAL_GetTick       stm32g4xx_hal.o
    0x080008dc   0x080008dc   0x00000010   Code   RO          960    i.HAL_IncTick       stm32g4xx_hal.o
    0x080008ec   0x080008ec   0x0000001e   Code   RO          961    i.HAL_Init          stm32g4xx_hal.o
    0x0800090a   0x0800090a   0x00000002   PAD
    0x0800090c   0x0800090c   0x00000044   Code   RO          962    i.HAL_InitTick      stm32g4xx_hal.o
    0x08000950   0x08000950   0x00000030   Code   RO          377    i.HAL_MspInit       stm32g4xx_hal_msp.o
    0x08000980   0x08000980   0x0000001a   Code   RO         2308    i.HAL_NVIC_EnableIRQ  stm32g4xx_hal_cortex.o
    0x0800099a   0x0800099a   0x00000002   PAD
    0x0800099c   0x0800099c   0x00000040   Code   RO         2314    i.HAL_NVIC_SetPriority  stm32g4xx_hal_cortex.o
    0x080009dc   0x080009dc   0x00000024   Code   RO         2315    i.HAL_NVIC_SetPriorityGrouping  stm32g4xx_hal_cortex.o
    0x08000a00   0x08000a00   0x00000024   Code   RO          728    i.HAL_PCDEx_ActivateLPM  stm32g4xx_hal_pcd_ex.o
    0x08000a24   0x08000a24   0x00000044   Code   RO         3024    i.HAL_PCDEx_LPM_Callback  usbd_conf.o
    0x08000a68   0x08000a68   0x0000003c   Code   RO          734    i.HAL_PCDEx_PMAConfig  stm32g4xx_hal_pcd_ex.o
    0x08000aa4   0x08000aa4   0x00000012   Code   RO         3026    i.HAL_PCD_DataInStageCallback  usbd_conf.o
    0x08000ab6   0x08000ab6   0x00000014   Code   RO         3027    i.HAL_PCD_DataOutStageCallback  usbd_conf.o
    0x08000aca   0x08000aca   0x0000004a   Code   RO          411    i.HAL_PCD_EP_Close  stm32g4xx_hal_pcd.o
    0x08000b14   0x08000b14   0x0000005a   Code   RO          412    i.HAL_PCD_EP_ClrStall  stm32g4xx_hal_pcd.o
    0x08000b6e   0x08000b6e   0x000000dc   Code   RO          413    i.HAL_PCD_EP_DB_Receive  stm32g4xx_hal_pcd.o
    0x08000c4a   0x08000c4a   0x00000380   Code   RO          414    i.HAL_PCD_EP_DB_Transmit  stm32g4xx_hal_pcd.o
    0x08000fca   0x08000fca   0x00000012   Code   RO          416    i.HAL_PCD_EP_GetRxCount  stm32g4xx_hal_pcd.o
    0x08000fdc   0x08000fdc   0x0000005c   Code   RO          417    i.HAL_PCD_EP_Open   stm32g4xx_hal_pcd.o
    0x08001038   0x08001038   0x0000002e   Code   RO          418    i.HAL_PCD_EP_Receive  stm32g4xx_hal_pcd.o
    0x08001066   0x08001066   0x0000005e   Code   RO          419    i.HAL_PCD_EP_SetStall  stm32g4xx_hal_pcd.o
    0x080010c4   0x080010c4   0x0000002e   Code   RO          420    i.HAL_PCD_EP_Transmit  stm32g4xx_hal_pcd.o
    0x080010f2   0x080010f2   0x0000014a   Code   RO          422    i.HAL_PCD_IRQHandler  stm32g4xx_hal_pcd.o
    0x0800123c   0x0800123c   0x0000009c   Code   RO          425    i.HAL_PCD_Init      stm32g4xx_hal_pcd.o
    0x080012d8   0x080012d8   0x00000058   Code   RO         3032    i.HAL_PCD_MspInit   usbd_conf.o
    0x08001330   0x08001330   0x00000026   Code   RO         3033    i.HAL_PCD_ResetCallback  usbd_conf.o
    0x08001356   0x08001356   0x00000002   PAD
    0x08001358   0x08001358   0x00000028   Code   RO         3034    i.HAL_PCD_ResumeCallback  usbd_conf.o
    0x08001380   0x08001380   0x00000008   Code   RO         3035    i.HAL_PCD_SOFCallback  usbd_conf.o
    0x08001388   0x08001388   0x00000026   Code   RO          431    i.HAL_PCD_SetAddress  stm32g4xx_hal_pcd.o
    0x080013ae   0x080013ae   0x0000000e   Code   RO         3036    i.HAL_PCD_SetupStageCallback  usbd_conf.o
    0x080013bc   0x080013bc   0x0000002a   Code   RO          433    i.HAL_PCD_Start     stm32g4xx_hal_pcd.o
    0x080013e6   0x080013e6   0x00000002   PAD
    0x080013e8   0x080013e8   0x00000024   Code   RO         3037    i.HAL_PCD_SuspendCallback  usbd_conf.o
    0x0800140c   0x0800140c   0x000000bc   Code   RO         2062    i.HAL_PWREx_ControlVoltageScaling  stm32g4xx_hal_pwr_ex.o
    0x080014c8   0x080014c8   0x00000010   Code   RO         2074    i.HAL_PWREx_DisableUCPDDeadBattery  stm32g4xx_hal_pwr_ex.o
    0x080014d8   0x080014d8   0x00000288   Code   RO         1321    i.HAL_RCCEx_PeriphCLKConfig  stm32g4xx_hal_rcc_ex.o
    0x08001760   0x08001760   0x000001dc   Code   RO         1196    i.HAL_RCC_ClockConfig  stm32g4xx_hal_rcc.o
    0x0800193c   0x0800193c   0x00000024   Code   RO         1204    i.HAL_RCC_GetPCLK1Freq  stm32g4xx_hal_rcc.o
    0x08001960   0x08001960   0x00000024   Code   RO         1205    i.HAL_RCC_GetPCLK2Freq  stm32g4xx_hal_rcc.o
    0x08001984   0x08001984   0x00000070   Code   RO         1206    i.HAL_RCC_GetSysClockFreq  stm32g4xx_hal_rcc.o
    0x080019f4   0x080019f4   0x00000404   Code   RO         1209    i.HAL_RCC_OscConfig  stm32g4xx_hal_rcc.o
    0x08001df8   0x08001df8   0x00000028   Code   RO         2319    i.HAL_SYSTICK_Config  stm32g4xx_hal_cortex.o
    0x08001e20   0x08001e20   0x0000003e   Code   RO         2868    i.HAL_UARTEx_DisableFifoMode  stm32g4xx_hal_uart_ex.o
    0x08001e5e   0x08001e5e   0x0000004e   Code   RO         2875    i.HAL_UARTEx_ReceiveToIdle_IT  stm32g4xx_hal_uart_ex.o
    0x08001eac   0x08001eac   0x00000068   Code   RO           14    i.HAL_UARTEx_RxEventCallback  main.o
    0x08001f14   0x08001f14   0x00000002   Code   RO         2876    i.HAL_UARTEx_RxFifoFullCallback  stm32g4xx_hal_uart_ex.o
    0x08001f16   0x08001f16   0x0000004c   Code   RO         2877    i.HAL_UARTEx_SetRxFifoThreshold  stm32g4xx_hal_uart_ex.o
    0x08001f62   0x08001f62   0x0000004c   Code   RO         2878    i.HAL_UARTEx_SetTxFifoThreshold  stm32g4xx_hal_uart_ex.o
    0x08001fae   0x08001fae   0x00000002   Code   RO         2880    i.HAL_UARTEx_TxFifoEmptyCallback  stm32g4xx_hal_uart_ex.o
    0x08001fb0   0x08001fb0   0x00000002   Code   RO         2881    i.HAL_UARTEx_WakeupCallback  stm32g4xx_hal_uart_ex.o
    0x08001fb2   0x08001fb2   0x00000002   Code   RO         2473    i.HAL_UART_ErrorCallback  stm32g4xx_hal_uart.o
    0x08001fb4   0x08001fb4   0x0000031c   Code   RO         2476    i.HAL_UART_IRQHandler  stm32g4xx_hal_uart.o
    0x080022d0   0x080022d0   0x0000006a   Code   RO         2477    i.HAL_UART_Init     stm32g4xx_hal_uart.o
    0x0800233a   0x0800233a   0x00000002   PAD
    0x0800233c   0x0800233c   0x000000f0   Code   RO          236    i.HAL_UART_MspInit  usart.o
    0x0800242c   0x0800242c   0x00000002   Code   RO         2484    i.HAL_UART_RxCpltCallback  stm32g4xx_hal_uart.o
    0x0800242e   0x0800242e   0x000000ae   Code   RO         2486    i.HAL_UART_Transmit  stm32g4xx_hal_uart.o
    0x080024dc   0x080024dc   0x00000002   Code   RO         2489    i.HAL_UART_TxCpltCallback  stm32g4xx_hal_uart.o
    0x080024de   0x080024de   0x00000002   Code   RO          285    i.HardFault_Handler  stm32g4xx_it.o
    0x080024e0   0x080024e0   0x00000038   Code   RO         3293    i.IntToUnicode      usbd_desc.o
    0x08002518   0x08002518   0x00000080   Code   RO          211    i.MX_GPIO_Init      gpio.o
    0x08002598   0x08002598   0x00000068   Code   RO          237    i.MX_UART4_Init     usart.o
    0x08002600   0x08002600   0x00000068   Code   RO          238    i.MX_USART3_UART_Init  usart.o
    0x08002668   0x08002668   0x00000054   Code   RO         3255    i.MX_USB_Device_Init  usb_device.o
    0x080026bc   0x080026bc   0x00000002   Code   RO          286    i.MemManage_Handler  stm32g4xx_it.o
    0x080026be   0x080026be   0x00000002   Code   RO          287    i.NMI_Handler       stm32g4xx_it.o
    0x080026c0   0x080026c0   0x00000342   Code   RO          436    i.PCD_EP_ISR_Handler  stm32g4xx_hal_pcd.o
    0x08002a02   0x08002a02   0x00000002   Code   RO          288    i.PendSV_Handler    stm32g4xx_it.o
    0x08002a04   0x08002a04   0x00000034   Code   RO         3815    i.Reset_ESP32_C3_To_Run  pom_esp32_c3.o
    0x08002a38   0x08002a38   0x00000002   Code   RO          289    i.SVC_Handler       stm32g4xx_it.o
    0x08002a3a   0x08002a3a   0x0000000a   Code   RO         3574    i.SWAPBYTE          usbd_ctlreq.o
    0x08002a44   0x08002a44   0x00000004   Code   RO          290    i.SysTick_Handler   stm32g4xx_it.o
    0x08002a48   0x08002a48   0x0000006e   Code   RO           15    i.SystemClock_Config  main.o
    0x08002ab6   0x08002ab6   0x00000002   PAD
    0x08002ab8   0x08002ab8   0x00000010   Code   RO         2987    i.SystemInit        system_stm32g4xx.o
    0x08002ac8   0x08002ac8   0x0000000c   Code   RO          291    i.UART4_IRQHandler  stm32g4xx_it.o
    0x08002ad4   0x08002ad4   0x00000044   Code   RO         2882    i.UARTEx_SetNbDataToProcess  stm32g4xx_hal_uart_ex.o
    0x08002b18   0x08002b18   0x000000c8   Code   RO         2491    i.UART_AdvFeatureConfig  stm32g4xx_hal_uart.o
    0x08002be0   0x08002be0   0x000000ac   Code   RO         2492    i.UART_CheckIdleState  stm32g4xx_hal_uart.o
    0x08002c8c   0x08002c8c   0x00000010   Code   RO         2493    i.UART_DMAAbortOnError  stm32g4xx_hal_uart.o
    0x08002c9c   0x08002c9c   0x00000054   Code   RO         2503    i.UART_EndRxTransfer  stm32g4xx_hal_uart.o
    0x08002cf0   0x08002cf0   0x000000c8   Code   RO         2505    i.UART_RxISR_16BIT  stm32g4xx_hal_uart.o
    0x08002db8   0x08002db8   0x000001a0   Code   RO         2506    i.UART_RxISR_16BIT_FIFOEN  stm32g4xx_hal_uart.o
    0x08002f58   0x08002f58   0x000000c8   Code   RO         2507    i.UART_RxISR_8BIT   stm32g4xx_hal_uart.o
    0x08003020   0x08003020   0x000001a0   Code   RO         2508    i.UART_RxISR_8BIT_FIFOEN  stm32g4xx_hal_uart.o
    0x080031c0   0x080031c0   0x00000274   Code   RO         2509    i.UART_SetConfig    stm32g4xx_hal_uart.o
    0x08003434   0x08003434   0x00000110   Code   RO         2511    i.UART_Start_Receive_IT  stm32g4xx_hal_uart.o
    0x08003544   0x08003544   0x00000094   Code   RO         2516    i.UART_WaitOnFlagUntilTimeout  stm32g4xx_hal_uart.o
    0x080035d8   0x080035d8   0x0000000c   Code   RO          292    i.USART3_IRQHandler  stm32g4xx_it.o
    0x080035e4   0x080035e4   0x00000020   Code   RO         3294    i.USBD_CDC_ConfigStrDescriptor  usbd_desc.o
    0x08003604   0x08003604   0x0000005e   Code   RO         3707    i.USBD_CDC_DataIn   usbd_cdc.o
    0x08003662   0x08003662   0x0000002a   Code   RO         3708    i.USBD_CDC_DataOut  usbd_cdc.o
    0x0800368c   0x0800368c   0x00000048   Code   RO         3709    i.USBD_CDC_DeInit   usbd_cdc.o
    0x080036d4   0x080036d4   0x0000000c   Code   RO         3295    i.USBD_CDC_DeviceDescriptor  usbd_desc.o
    0x080036e0   0x080036e0   0x0000002e   Code   RO         3710    i.USBD_CDC_EP0_RxReady  usbd_cdc.o
    0x0800370e   0x0800370e   0x00000002   PAD
    0x08003710   0x08003710   0x0000000c   Code   RO         3711    i.USBD_CDC_GetDeviceQualifierDescriptor  usbd_cdc.o
    0x0800371c   0x0800371c   0x0000000c   Code   RO         3712    i.USBD_CDC_GetFSCfgDesc  usbd_cdc.o
    0x08003728   0x08003728   0x0000000c   Code   RO         3713    i.USBD_CDC_GetHSCfgDesc  usbd_cdc.o
    0x08003734   0x08003734   0x0000000c   Code   RO         3714    i.USBD_CDC_GetOtherSpeedCfgDesc  usbd_cdc.o
    0x08003740   0x08003740   0x000000a2   Code   RO         3715    i.USBD_CDC_Init     usbd_cdc.o
    0x080037e2   0x080037e2   0x00000002   PAD
    0x080037e4   0x080037e4   0x00000024   Code   RO         3296    i.USBD_CDC_InterfaceStrDescriptor  usbd_desc.o
    0x08003808   0x08003808   0x0000000c   Code   RO         3297    i.USBD_CDC_LangIDStrDescriptor  usbd_desc.o
    0x08003814   0x08003814   0x00000028   Code   RO         3298    i.USBD_CDC_ManufacturerStrDescriptor  usbd_desc.o
    0x0800383c   0x0800383c   0x0000002c   Code   RO         3299    i.USBD_CDC_ProductStrDescriptor  usbd_desc.o
    0x08003868   0x08003868   0x00000028   Code   RO         3716    i.USBD_CDC_ReceivePacket  usbd_cdc.o
    0x08003890   0x08003890   0x0000000e   Code   RO         3717    i.USBD_CDC_RegisterInterface  usbd_cdc.o
    0x0800389e   0x0800389e   0x00000002   PAD
    0x080038a0   0x080038a0   0x00000038   Code   RO         3300    i.USBD_CDC_SerialStrDescriptor  usbd_desc.o
    0x080038d8   0x080038d8   0x00000012   Code   RO         3718    i.USBD_CDC_SetRxBuffer  usbd_cdc.o
    0x080038ea   0x080038ea   0x00000016   Code   RO         3719    i.USBD_CDC_SetTxBuffer  usbd_cdc.o
    0x08003900   0x08003900   0x000000be   Code   RO         3720    i.USBD_CDC_Setup    usbd_cdc.o
    0x080039be   0x080039be   0x00000036   Code   RO         3721    i.USBD_CDC_TransmitPacket  usbd_cdc.o
    0x080039f4   0x080039f4   0x00000010   Code   RO         3436    i.USBD_ClrClassConfig  usbd_core.o
    0x08003a04   0x08003a04   0x00000010   Code   RO         3647    i.USBD_CtlContinueRx  usbd_ioreq.o
    0x08003a14   0x08003a14   0x00000010   Code   RO         3648    i.USBD_CtlContinueSendData  usbd_ioreq.o
    0x08003a24   0x08003a24   0x00000016   Code   RO         3575    i.USBD_CtlError     usbd_ctlreq.o
    0x08003a3a   0x08003a3a   0x0000001e   Code   RO         3649    i.USBD_CtlPrepareRx  usbd_ioreq.o
    0x08003a58   0x08003a58   0x00000016   Code   RO         3650    i.USBD_CtlReceiveStatus  usbd_ioreq.o
    0x08003a6e   0x08003a6e   0x0000001a   Code   RO         3651    i.USBD_CtlSendData  usbd_ioreq.o
    0x08003a88   0x08003a88   0x00000016   Code   RO         3652    i.USBD_CtlSendStatus  usbd_ioreq.o
    0x08003a9e   0x08003a9e   0x000000fa   Code   RO         3576    i.USBD_GetDescriptor  usbd_ctlreq.o
    0x08003b98   0x08003b98   0x00000048   Code   RO         3577    i.USBD_GetString    usbd_ctlreq.o
    0x08003be0   0x08003be0   0x00000018   Code   RO         3038    i.USBD_Get_USB_Status  usbd_conf.o
    0x08003bf8   0x08003bf8   0x00000026   Code   RO         3438    i.USBD_Init         usbd_core.o
    0x08003c1e   0x08003c1e   0x00000012   Code   RO         3039    i.USBD_LL_ClearStallEP  usbd_conf.o
    0x08003c30   0x08003c30   0x00000012   Code   RO         3040    i.USBD_LL_CloseEP   usbd_conf.o
    0x08003c42   0x08003c42   0x000000a8   Code   RO         3439    i.USBD_LL_DataInStage  usbd_core.o
    0x08003cea   0x08003cea   0x0000006c   Code   RO         3440    i.USBD_LL_DataOutStage  usbd_core.o
    0x08003d56   0x08003d56   0x00000008   Code   RO         3044    i.USBD_LL_GetRxDataSize  usbd_conf.o
    0x08003d5e   0x08003d5e   0x00000002   PAD
    0x08003d60   0x08003d60   0x00000084   Code   RO         3045    i.USBD_LL_Init      usbd_conf.o
    0x08003de4   0x08003de4   0x0000001e   Code   RO         3046    i.USBD_LL_IsStallEP  usbd_conf.o
    0x08003e02   0x08003e02   0x00000018   Code   RO         3047    i.USBD_LL_OpenEP    usbd_conf.o
    0x08003e1a   0x08003e1a   0x00000012   Code   RO         3048    i.USBD_LL_PrepareReceive  usbd_conf.o
    0x08003e2c   0x08003e2c   0x0000005a   Code   RO         3445    i.USBD_LL_Reset     usbd_core.o
    0x08003e86   0x08003e86   0x00000014   Code   RO         3446    i.USBD_LL_Resume    usbd_core.o
    0x08003e9a   0x08003e9a   0x00000020   Code   RO         3447    i.USBD_LL_SOF       usbd_core.o
    0x08003eba   0x08003eba   0x00000006   Code   RO         3448    i.USBD_LL_SetSpeed  usbd_core.o
    0x08003ec0   0x08003ec0   0x00000012   Code   RO         3049    i.USBD_LL_SetUSBAddress  usbd_conf.o
    0x08003ed2   0x08003ed2   0x00000060   Code   RO         3449    i.USBD_LL_SetupStage  usbd_core.o
    0x08003f32   0x08003f32   0x00000012   Code   RO         3050    i.USBD_LL_StallEP   usbd_conf.o
    0x08003f44   0x08003f44   0x00000012   Code   RO         3051    i.USBD_LL_Start     usbd_conf.o
    0x08003f56   0x08003f56   0x00000012   Code   RO         3450    i.USBD_LL_Suspend   usbd_core.o
    0x08003f68   0x08003f68   0x00000012   Code   RO         3053    i.USBD_LL_Transmit  usbd_conf.o
    0x08003f7a   0x08003f7a   0x0000002c   Code   RO         3578    i.USBD_ParseSetupRequest  usbd_ctlreq.o
    0x08003fa6   0x08003fa6   0x00000024   Code   RO         3451    i.USBD_RegisterClass  usbd_core.o
    0x08003fca   0x08003fca   0x00000014   Code   RO         3453    i.USBD_SetClassConfig  usbd_core.o
    0x08003fde   0x08003fde   0x00000002   PAD
    0x08003fe0   0x08003fe0   0x000000bc   Code   RO         3579    i.USBD_SetConfig    usbd_ctlreq.o
    0x0800409c   0x0800409c   0x00000004   Code   RO         3454    i.USBD_Start        usbd_core.o
    0x080040a0   0x080040a0   0x00000114   Code   RO         3580    i.USBD_StdDevReq    usbd_ctlreq.o
    0x080041b4   0x080041b4   0x00000140   Code   RO         3581    i.USBD_StdEPReq     usbd_ctlreq.o
    0x080042f4   0x080042f4   0x00000052   Code   RO         3582    i.USBD_StdItfReq    usbd_ctlreq.o
    0x08004346   0x08004346   0x00000002   Code   RO         3054    i.USBD_static_free  usbd_conf.o
    0x08004348   0x08004348   0x00000008   Code   RO         3055    i.USBD_static_malloc  usbd_conf.o
    0x08004350   0x08004350   0x0000036a   Code   RO          793    i.USB_ActivateEndpoint  stm32g4xx_ll_usb.o
    0x080046ba   0x080046ba   0x0000010e   Code   RO          797    i.USB_DeactivateEndpoint  stm32g4xx_ll_usb.o
    0x080047c8   0x080047c8   0x0000000e   Code   RO          798    i.USB_DevConnect    stm32g4xx_ll_usb.o
    0x080047d6   0x080047d6   0x00000012   Code   RO          800    i.USB_DevInit       stm32g4xx_ll_usb.o
    0x080047e8   0x080047e8   0x00000010   Code   RO          801    i.USB_DisableGlobalInt  stm32g4xx_ll_usb.o
    0x080047f8   0x080047f8   0x00000070   Code   RO          802    i.USB_EPClearStall  stm32g4xx_ll_usb.o
    0x08004868   0x08004868   0x00000032   Code   RO          803    i.USB_EPSetStall    stm32g4xx_ll_usb.o
    0x0800489a   0x0800489a   0x00000002   PAD
    0x0800489c   0x0800489c   0x0000036e   Code   RO          804    i.USB_EPStartXfer   stm32g4xx_ll_usb.o
    0x08004c0a   0x08004c0a   0x00000012   Code   RO          806    i.USB_EnableGlobalInt  stm32g4xx_ll_usb.o
    0x08004c1c   0x08004c1c   0x0000000c   Code   RO          293    i.USB_LP_IRQHandler  stm32g4xx_it.o
    0x08004c28   0x08004c28   0x00000006   Code   RO          809    i.USB_ReadInterrupts  stm32g4xx_ll_usb.o
    0x08004c2e   0x08004c2e   0x00000028   Code   RO          810    i.USB_ReadPMA       stm32g4xx_ll_usb.o
    0x08004c56   0x08004c56   0x0000000c   Code   RO          812    i.USB_SetDevAddress  stm32g4xx_ll_usb.o
    0x08004c62   0x08004c62   0x00000002   PAD
    0x08004c64   0x08004c64   0x00000026   Code   RO          814    i.USB_WritePMA      stm32g4xx_ll_usb.o
    0x08004c8a   0x08004c8a   0x00000002   Code   RO          294    i.UsageFault_Handler  stm32g4xx_it.o
    0x08004c8c   0x08004c8c   0x00000020   Code   RO         2321    i.__NVIC_SetPriority  stm32g4xx_hal_cortex.o
    0x08004cac   0x08004cac   0x00000034   Code   RO           16    i.main              main.o
    0x08004ce0   0x08004ce0   0x0000000a   Code   RO         3965    x$fpl$fpinit        fz_wm.l(fpinit.o)
    0x08004cea   0x08004cea   0x00000018   Data   RO         2517    .constdata          stm32g4xx_hal_uart.o
    0x08004d02   0x08004d02   0x00000010   Data   RO         2883    .constdata          stm32g4xx_hal_uart_ex.o
    0x08004d12   0x08004d12   0x00000010   Data   RO         2988    .constdata          system_stm32g4xx.o
    0x08004d22   0x08004d22   0x00000008   Data   RO         2989    .constdata          system_stm32g4xx.o
    0x08004d2a   0x08004d2a   0x00000002   PAD
    0x08004d2c   0x08004d2c   0x00000020   Data   RO         4023    Region$$Table       anon$$obj.o


    Execution Region RW_IRAM1 (Exec base: 0x20000000, Load base: 0x08004d4c, Size: 0x000022e8, Max: 0x00008000, ABSOLUTE, COMPRESSED[0x000000c8])

    Exec Addr    Load Addr    Size         Type   Attr      Idx    E Section Name        Object

    0x20000000   COMPRESSED   0x00000004   Data   RW           18    .data               main.o
    0x20000004   COMPRESSED   0x0000000c   Data   RW          981    .data               stm32g4xx_hal.o
    0x20000010   COMPRESSED   0x00000004   Data   RW         2990    .data               system_stm32g4xx.o
    0x20000014   COMPRESSED   0x00000020   Data   RW         3302    .data               usbd_desc.o
    0x20000034   COMPRESSED   0x00000032   Data   RW         3303    .data               usbd_desc.o
    0x20000066   COMPRESSED   0x00000002   PAD
    0x20000068   COMPRESSED   0x00000014   Data   RW         3386    .data               usbd_cdc_if.o
    0x2000007c   COMPRESSED   0x00000001   Data   RW         3583    .data               usbd_ctlreq.o
    0x2000007d   COMPRESSED   0x00000003   PAD
    0x20000080   COMPRESSED   0x000000d7   Data   RW         3722    .data               usbd_cdc.o
    0x20000157   COMPRESSED   0x00000001   PAD
    0x20000158   COMPRESSED   0x00000038   Data   RW         3723    .data               usbd_cdc.o
    0x20000190        -       0x00000800   Zero   RW           17    .bss                main.o
    0x20000990        -       0x00000128   Zero   RW          239    .bss                usart.o
    0x20000ab8        -       0x000004fc   Zero   RW         3056    .bss                usbd_conf.o
    0x20000fb4        -       0x000002d0   Zero   RW         3256    .bss                usb_device.o
    0x20001284        -       0x00000200   Zero   RW         3301    .bss                usbd_desc.o
    0x20001484        -       0x00000800   Zero   RW         3385    .bss                usbd_cdc_if.o
    0x20001c84        -       0x00000060   Zero   RW         3895    .bss                c_w.l(libspace.o)
    0x20001ce4   COMPRESSED   0x00000004   PAD
    0x20001ce8        -       0x00000200   Zero   RW            2    HEAP                startup_stm32g431xx.o
    0x20001ee8        -       0x00000400   Zero   RW            1    STACK               startup_stm32g431xx.o


==============================================================================

Image component sizes


      Code (inc. data)   RO Data    RW Data    ZI Data      Debug   Object Name

       128         10          0          0          0        963   gpio.o
       270         42          0          4       2048     582289   main.o
        52          4          0          0          0        540   pom_esp32_c3.o
        64         26        472          0       1536        848   startup_stm32g431xx.o
       162         24          0         12          0       4417   stm32g4xx_hal.o
       198         14          0          0          0      33911   stm32g4xx_hal_cortex.o
       226          0          0          0          0       1975   stm32g4xx_hal_dma.o
       610         34          0          0          0       3037   stm32g4xx_hal_gpio.o
        48          6          0          0          0        878   stm32g4xx_hal_msp.o
      2976          0          0          0          0     603022   stm32g4xx_hal_pcd.o
        96          0          0          0          0       1984   stm32g4xx_hal_pcd_ex.o
       204         18          0          0          0       1433   stm32g4xx_hal_pwr_ex.o
      1688         92          0          0          0       6340   stm32g4xx_hal_rcc.o
       648         10          0          0          0       1908   stm32g4xx_hal_rcc_ex.o
      3834        138         24          0          0      36269   stm32g4xx_hal_uart.o
       366          6         16          0          0       6404   stm32g4xx_hal_uart_ex.o
        56         18          0          0          0       5629   stm32g4xx_it.o
      2346          0          0          0          0      14188   stm32g4xx_ll_usb.o
        16          4         24          4          0       1163   system_stm32g4xx.o
       448         40          0          0        296       2581   usart.o
        84         18          0          0        720        832   usb_device.o
       802         16          0        271          0      14001   usbd_cdc.o
       140         28          0         20       2048       4073   usbd_cdc_if.o
       684         36          0          0       1276      21043   usbd_conf.o
       652          0          0          0          0      10079   usbd_core.o
      1264         22          0          1          0      14500   usbd_ctlreq.o
       288        104          0         82        512       6290   usbd_desc.o
       132          0          0          0          0       4620   usbd_ioreq.o

    ----------------------------------------------------------------------
     18510        710        570        400       8436    1385217   Object Totals
         0          0         32          0          0          0   (incl. Generated)
        28          0          2          6          0          0   (incl. Padding)

    ----------------------------------------------------------------------

      Code (inc. data)   RO Data    RW Data    ZI Data      Debug   Library Member Name

        90          0          0          0          0          0   __dczerorl2.o
         8          0          0          0          0         68   __main.o
         0          0          0          0          0          0   __rtentry.o
        12          0          0          0          0          0   __rtentry2.o
         6          0          0          0          0          0   __rtentry4.o
        52          8          0          0          0          0   __scatter.o
        28          0          0          0          0          0   __scatter_zi.o
        18          0          0          0          0         80   exit.o
         6          0          0          0          0        152   heapauxi.o
         0          0          0          0          0          0   indicate_semi.o
         2          0          0          0          0          0   libinit.o
         6          0          0          0          0          0   libinit2.o
         2          0          0          0          0          0   libshutdown.o
         2          0          0          0          0          0   libshutdown2.o
         8          4          0          0         96         68   libspace.o
       238          0          0          0          0        100   lludivv7m.o
        78          0          0          0          0         80   rt_memclr_w.o
         2          0          0          0          0          0   rtexit.o
        10          0          0          0          0          0   rtexit2.o
        36          0          0          0          0         80   strstr.o
        12          4          0          0          0         68   sys_exit.o
        74          0          0          0          0         80   sys_stackheap_outer.o
         2          0          0          0          0         68   use_no_semi.o
        10          0          0          0          0        116   fpinit.o

    ----------------------------------------------------------------------
       708         16          0          0        100        960   Library Totals
         6          0          0          0          4          0   (incl. Padding)

    ----------------------------------------------------------------------

      Code (inc. data)   RO Data    RW Data    ZI Data      Debug   Library Name

       692         16          0          0         96        844   c_w.l
        10          0          0          0          0        116   fz_wm.l

    ----------------------------------------------------------------------
       708         16          0          0        100        960   Library Totals

    ----------------------------------------------------------------------

==============================================================================


      Code (inc. data)   RO Data    RW Data    ZI Data      Debug   

     19218        726        570        400       8536    1368465   Grand Totals
     19218        726        570        200       8536    1368465   ELF Image Totals (compressed)
     19218        726        570        200          0          0   ROM Totals

==============================================================================

    Total RO  Size (Code + RO Data)                19788 (  19.32kB)
    Total RW  Size (RW Data + ZI Data)              8936 (   8.73kB)
    Total ROM Size (Code + RO Data + RW Data)      19988 (  19.52kB)

==============================================================================

