Component: Arm Compiler for Embedded 6.22 Tool: armlink [5ee90200]

==============================================================================

Section Cross References

    startup_stm32g431xx.o(STACK) refers (Special) to heapauxi.o(.text) for __use_two_region_memory
    startup_stm32g431xx.o(HEAP) refers (Special) to heapauxi.o(.text) for __use_two_region_memory
    startup_stm32g431xx.o(RESET) refers (Special) to heapauxi.o(.text) for __use_two_region_memory
    startup_stm32g431xx.o(RESET) refers to startup_stm32g431xx.o(STACK) for __initial_sp
    startup_stm32g431xx.o(RESET) refers to startup_stm32g431xx.o(.text) for Reset_Handler
    startup_stm32g431xx.o(RESET) refers to stm32g4xx_it.o(.text.NMI_Handler) for NMI_Handler
    startup_stm32g431xx.o(RESET) refers to stm32g4xx_it.o(.text.HardFault_Handler) for HardFault_Handler
    startup_stm32g431xx.o(RESET) refers to stm32g4xx_it.o(.text.MemManage_Handler) for MemManage_Handler
    startup_stm32g431xx.o(RESET) refers to stm32g4xx_it.o(.text.BusFault_Handler) for BusFault_Handler
    startup_stm32g431xx.o(RESET) refers to stm32g4xx_it.o(.text.UsageFault_Handler) for UsageFault_Handler
    startup_stm32g431xx.o(RESET) refers to stm32g4xx_it.o(.text.SVC_Handler) for SVC_Handler
    startup_stm32g431xx.o(RESET) refers to stm32g4xx_it.o(.text.DebugMon_Handler) for DebugMon_Handler
    startup_stm32g431xx.o(RESET) refers to stm32g4xx_it.o(.text.PendSV_Handler) for PendSV_Handler
    startup_stm32g431xx.o(RESET) refers to stm32g4xx_it.o(.text.SysTick_Handler) for SysTick_Handler
    startup_stm32g431xx.o(RESET) refers to stm32g4xx_it.o(.text.USB_LP_IRQHandler) for USB_LP_IRQHandler
    startup_stm32g431xx.o(RESET) refers to stm32g4xx_it.o(.text.USART1_IRQHandler) for USART1_IRQHandler
    startup_stm32g431xx.o(RESET) refers to stm32g4xx_it.o(.text.USART2_IRQHandler) for USART2_IRQHandler
    startup_stm32g431xx.o(RESET) refers to stm32g4xx_it.o(.text.USART3_IRQHandler) for USART3_IRQHandler
    startup_stm32g431xx.o(RESET) refers to stm32g4xx_it.o(.text.UART4_IRQHandler) for UART4_IRQHandler
    startup_stm32g431xx.o(.text) refers (Special) to heapauxi.o(.text) for __use_two_region_memory
    startup_stm32g431xx.o(.text) refers to system_stm32g4xx.o(.text.SystemInit) for SystemInit
    startup_stm32g431xx.o(.text) refers to __main.o(!!!main) for __main
    startup_stm32g431xx.o(.text) refers to startup_stm32g431xx.o(HEAP) for Heap_Mem
    startup_stm32g431xx.o(.text) refers to startup_stm32g431xx.o(STACK) for Stack_Mem
    main.o(.text.main) refers to stm32g4xx_hal.o(.text.HAL_Init) for HAL_Init
    main.o(.text.main) refers to main.o(.text.SystemClock_Config) for SystemClock_Config
    main.o(.text.main) refers to gpio.o(.text.MX_GPIO_Init) for MX_GPIO_Init
    main.o(.text.main) refers to usb_device.o(.text.MX_USB_Device_Init) for MX_USB_Device_Init
    main.o(.text.main) refers to usart.o(.text.MX_USART2_UART_Init) for MX_USART2_UART_Init
    main.o(.text.main) refers to usart.o(.text.MX_USART3_UART_Init) for MX_USART3_UART_Init
    main.o(.text.main) refers to usart.o(.text.MX_UART4_Init) for MX_UART4_Init
    main.o(.text.main) refers to i2c.o(.text.MX_I2C1_Init) for MX_I2C1_Init
    main.o(.text.main) refers to usart.o(.text.MX_LPUART1_UART_Init) for MX_LPUART1_UART_Init
    main.o(.text.main) refers to usart.o(.text.MX_USART1_UART_Init) for MX_USART1_UART_Init
    main.o(.text.main) refers to i2c.o(.text.MX_I2C2_Init) for MX_I2C2_Init
    main.o(.text.main) refers to spi.o(.text.MX_SPI1_Init) for MX_SPI1_Init
    main.o(.text.main) refers to spi.o(.text.MX_SPI2_Init) for MX_SPI2_Init
    main.o(.text.main) refers to tim.o(.text.MX_TIM2_Init) for MX_TIM2_Init
    main.o(.text.main) refers to tim.o(.text.MX_TIM3_Init) for MX_TIM3_Init
    main.o(.text.main) refers to tim.o(.text.MX_TIM4_Init) for MX_TIM4_Init
    main.o(.text.main) refers to tim.o(.text.MX_TIM8_Init) for MX_TIM8_Init
    main.o(.text.main) refers to pom_esp32_c3.o(.text.Disable_ESP32_C3) for Disable_ESP32_C3
    main.o(.text.main) refers to main.o(.rodata.str1.1) for .L__func__.main
    main.o(.text.main) refers to main.o(.bss.printfBuf) for printfBuf
    main.o(.text.main) refers to sprintf.o(.text) for sprintf
    main.o(.text.main) refers to usart.o(.bss.huart1) for huart1
    main.o(.text.main) refers to stm32g4xx_hal_uart.o(.text.HAL_UART_Transmit) for HAL_UART_Transmit
    main.o(.ARM.exidx.text.main) refers to main.o(.text.main) for [Anonymous Symbol]
    main.o(.text.SystemClock_Config) refers to rt_memclr_w.o(.text) for __aeabi_memclr4
    main.o(.text.SystemClock_Config) refers to stm32g4xx_hal_pwr_ex.o(.text.HAL_PWREx_ControlVoltageScaling) for HAL_PWREx_ControlVoltageScaling
    main.o(.text.SystemClock_Config) refers to stm32g4xx_hal_rcc.o(.text.HAL_RCC_OscConfig) for HAL_RCC_OscConfig
    main.o(.text.SystemClock_Config) refers to main.o(.text.Error_Handler) for Error_Handler
[...]
    _ll_udiv                                 0x080003d1   Thumb Code   240  lludivv7m.o(.text)
    sprintf                                  0x080004c1   Thumb Code    38  sprintf.o(.text)
    __aeabi_memclr4                          0x080004ed   Thumb Code     0  rt_memclr_w.o(.text)
    __aeabi_memclr8                          0x080004ed   Thumb Code     0  rt_memclr_w.o(.text)
    __rt_memclr_w                            0x080004ed   Thumb Code     0  rt_memclr_w.o(.text)
    _memset_w                                0x080004f1   Thumb Code    74  rt_memclr_w.o(.text)
    __use_two_region_memory                  0x0800053b   Thumb Code     2  heapauxi.o(.text)
    __rt_heap_escrow$2region                 0x0800053d   Thumb Code     2  heapauxi.o(.text)
    __rt_heap_expand$2region                 0x0800053f   Thumb Code     2  heapauxi.o(.text)
    _printf_pre_padding                      0x08000541   Thumb Code    44  _printf_pad.o(.text)
    _printf_post_padding                     0x0800056d   Thumb Code    34  _printf_pad.o(.text)
    _printf_truncate_signed                  0x0800058f   Thumb Code    18  _printf_truncate.o(.text)
    _printf_truncate_unsigned                0x080005a1   Thumb Code    18  _printf_truncate.o(.text)
    _printf_str                              0x080005b3   Thumb Code    82  _printf_str.o(.text)
    _printf_int_dec                          0x08000605   Thumb Code   104  _printf_dec.o(.text)
    _printf_charcount                        0x0800067d   Thumb Code    40  _printf_charcount.o(.text)
    _printf_char_common                      0x080006af   Thumb Code    32  _printf_char_common.o(.text)
    _sputc                                   0x080006d5   Thumb Code    10  _sputc.o(.text)
    _printf_wctomb                           0x080006e1   Thumb Code   182  _printf_wctomb.o(.text)
    _printf_longlong_dec                     0x0800079d   Thumb Code   108  _printf_longlong_dec.o(.text)
    _printf_longlong_oct                     0x08000819   Thumb Code    68  _printf_oct_int_ll.o(.text)
    _printf_int_oct                          0x0800085d   Thumb Code    24  _printf_oct_int_ll.o(.text)
    _printf_ll_oct                           0x08000875   Thumb Code    12  _printf_oct_int_ll.o(.text)
    _printf_longlong_hex                     0x08000889   Thumb Code    86  _printf_hex_int_ll_ptr.o(.text)
    _printf_int_hex                          0x080008df   Thumb Code    28  _printf_hex_int_ll_ptr.o(.text)
    _printf_ll_hex                           0x080008fb   Thumb Code    12  _printf_hex_int_ll_ptr.o(.text)
    _printf_hex_ptr                          0x08000907   Thumb Code    18  _printf_hex_int_ll_ptr.o(.text)
    __printf                                 0x0800091d   Thumb Code   388  __printf_flags_ss_wp.o(.text)
    _ll_udiv10                               0x08000aa5   Thumb Code   138  lludiv10.o(.text)
    _printf_int_common                       0x08000b2f   Thumb Code   178  _printf_intcommon.o(.text)
    _printf_fp_dec_real                      0x08000d91   Thumb Code   620  _printf_fp_dec.o(.text)
    _printf_fp_hex_real                      0x08000ffd   Thumb Code   756  _printf_fp_hex.o(.text)
    _printf_cs_common                        0x080012f9   Thumb Code    20  _printf_char.o(.text)
    _printf_char                             0x0800130d   Thumb Code    16  _printf_char.o(.text)
    _printf_string                           0x0800131d   Thumb Code     8  _printf_char.o(.text)
    _printf_lcs_common                       0x08001325   Thumb Code    20  _printf_wchar.o(.text)
    _printf_wchar                            0x08001339   Thumb Code    16  _printf_wchar.o(.text)
    _printf_wstring                          0x08001349   Thumb Code     8  _printf_wchar.o(.text)
    _c16rtomb                                0x08001351   Thumb Code    72  _c16rtomb.o(.text)
    _wcrtomb                                 0x08001351   Thumb Code     0  _c16rtomb.o(.text)
    __user_setup_stackheap                   0x08001399   Thumb Code    74  sys_stackheap_outer.o(.text)
    __rt_ctype_table                         0x080013e5   Thumb Code    16  rt_ctype_table.o(.text)
    __rt_locale                              0x080013f5   Thumb Code     8  rt_locale_intlibspace.o(.text)
    _printf_fp_infnan                        0x080013fd   Thumb Code   112  _printf_fp_infnan.o(.text)
    _btod_etento                             0x0800147d   Thumb Code   224  bigflt0.o(.text)
    exit                                     0x08001561   Thumb Code    18  exit.o(.text)
    __user_libspace                          0x08001575   Thumb Code     8  libspace.o(.text)
    __user_perproc_libspace                  0x08001575   Thumb Code     0  libspace.o(.text)
    __user_perthread_libspace                0x08001575   Thumb Code     0  libspace.o(.text)
    strcmp                                   0x08001581   Thumb Code   124  strcmpv7em.o(.text)
    _sys_exit                                0x080015fd   Thumb Code     8  sys_exit.o(.text)
    __I$use$semihosting                      0x08001609   Thumb Code     0  use_no_semi.o(.text)
    __use_no_semihosting_swi                 0x08001609   Thumb Code     2  use_no_semi.o(.text)
    __semihosting_library_function           0x0800160b   Thumb Code     0  indicate_semi.o(.text)
    BusFault_Handler                         0x0800160d   Thumb Code     4  stm32g4xx_it.o(.text.BusFault_Handler)
    DebugMon_Handler                         0x080016e1   Thumb Code     2  stm32g4xx_it.o(.text.DebugMon_Handler)
    Disable_ESP32_C3                         0x080016e5   Thumb Code    22  pom_esp32_c3.o(.text.Disable_ESP32_C3)
    Error_Handler                            0x080016fd   Thumb Code    14  main.o(.text.Error_Handler)
    HAL_DMA_Abort                            0x08001769   Thumb Code   156  stm32g4xx_hal_dma.o(.text.HAL_DMA_Abort)
    HAL_DMA_Abort_IT                         0x08001805   Thumb Code   194  stm32g4xx_hal_dma.o(.text.HAL_DMA_Abort_IT)
    HAL_GPIO_Init                            0x080018c9   Thumb Code   872  stm32g4xx_hal_gpio.o(.text.HAL_GPIO_Init)
    HAL_GPIO_WritePin                        0x08001c31   Thumb Code    44  stm32g4xx_hal_gpio.o(.text.HAL_GPIO_WritePin)
    HAL_GetTick                              0x08001c5d   Thumb Code    12  stm32g4xx_hal.o(.text.HAL_GetTick)
    HAL_I2CEx_ConfigAnalogFilter             0x08001c69   Thumb Code   152  stm32g4xx_hal_i2c_ex.o(.text.HAL_I2CEx_ConfigAnalogFilter)
    HAL_I2CEx_ConfigDigitalFilter            0x08001d01   Thumb Code   162  stm32g4xx_hal_i2c_ex.o(.text.HAL_I2CEx_ConfigDigitalFilter)
    HAL_I2C_Init                             0x08001da5   Thumb Code   276  stm32g4xx_hal_i2c.o(.text.HAL_I2C_Init)
    HAL_I2C_MspInit                          0x08001eb9   Thumb Code   446  i2c.o(.text.HAL_I2C_MspInit)
    HAL_IncTick                              0x08002079   Thumb Code    26  stm32g4xx_hal.o(.text.HAL_IncTick)
    HAL_Init                                 0x08002095   Thumb Code    48  stm32g4xx_hal.o(.text.HAL_Init)
    HAL_InitTick                             0x080020c5   Thumb Code   136  stm32g4xx_hal.o(.text.HAL_InitTick)
    HAL_MspInit                              0x0800214d   Thumb Code    72  stm32g4xx_hal_msp.o(.text.HAL_MspInit)
    HAL_NVIC_EnableIRQ                       0x08002195   Thumb Code    20  stm32g4xx_hal_cortex.o(.text.HAL_NVIC_EnableIRQ)
    HAL_NVIC_SetPriority                     0x080021a9   Thumb Code    46  stm32g4xx_hal_cortex.o(.text.HAL_NVIC_SetPriority)
    HAL_NVIC_SetPriorityGrouping             0x080021d9   Thumb Code    16  stm32g4xx_hal_cortex.o(.text.HAL_NVIC_SetPriorityGrouping)
    HAL_PCDEx_ActivateLPM                    0x080021e9   Thumb Code    58  stm32g4xx_hal_pcd_ex.o(.text.HAL_PCDEx_ActivateLPM)
    HAL_PCDEx_LPM_Callback                   0x08002225   Thumb Code   114  usbd_conf.o(.text.HAL_PCDEx_LPM_Callback)
    HAL_PCDEx_PMAConfig                      0x08002299   Thumb Code   122  stm32g4xx_hal_pcd_ex.o(.text.HAL_PCDEx_PMAConfig)
    HAL_PCD_DataInStageCallback              0x08002315   Thumb Code    38  usbd_conf.o(.text.HAL_PCD_DataInStageCallback)
    HAL_PCD_DataOutStageCallback             0x0800233d   Thumb Code    40  usbd_conf.o(.text.HAL_PCD_DataOutStageCallback)
    HAL_PCD_EP_Close                         0x08002365   Thumb Code   168  stm32g4xx_hal_pcd.o(.text.HAL_PCD_EP_Close)
    HAL_PCD_EP_ClrStall                      0x0800240d   Thumb Code   200  stm32g4xx_hal_pcd.o(.text.HAL_PCD_EP_ClrStall)
    HAL_PCD_EP_GetRxCount                    0x08002ebd   Thumb Code    34  stm32g4xx_hal_pcd.o(.text.HAL_PCD_EP_GetRxCount)
    HAL_PCD_EP_Open                          0x08002ee1   Thumb Code   222  stm32g4xx_hal_pcd.o(.text.HAL_PCD_EP_Open)
    HAL_PCD_EP_Receive                       0x08002fc1   Thumb Code    90  stm32g4xx_hal_pcd.o(.text.HAL_PCD_EP_Receive)
    HAL_PCD_EP_SetStall                      0x0800301d   Thumb Code   196  stm32g4xx_hal_pcd.o(.text.HAL_PCD_EP_SetStall)
    HAL_PCD_EP_Transmit                      0x080030e1   Thumb Code   102  stm32g4xx_hal_pcd.o(.text.HAL_PCD_EP_Transmit)
    HAL_PCD_IRQHandler                       0x08003149   Thumb Code   488  stm32g4xx_hal_pcd.o(.text.HAL_PCD_IRQHandler)
    HAL_PCD_Init                             0x08003331   Thumb Code   404  stm32g4xx_hal_pcd.o(.text.HAL_PCD_Init)
    HAL_PCD_MspInit                          0x080034c5   Thumb Code   112  usbd_conf.o(.text.HAL_PCD_MspInit)
    HAL_PCD_ResetCallback                    0x08003535   Thumb Code    56  usbd_conf.o(.text.HAL_PCD_ResetCallback)
    HAL_PCD_ResumeCallback                   0x0800356d   Thumb Code    50  usbd_conf.o(.text.HAL_PCD_ResumeCallback)
    HAL_PCD_SOFCallback                      0x080035a1   Thumb Code    20  usbd_conf.o(.text.HAL_PCD_SOFCallback)
    HAL_PCD_SetAddress                       0x080035b5   Thumb Code    92  stm32g4xx_hal_pcd.o(.text.HAL_PCD_SetAddress)
    HAL_PCD_SetupStageCallback               0x08003611   Thumb Code    24  usbd_conf.o(.text.HAL_PCD_SetupStageCallback)
    HAL_PCD_Start                            0x08003629   Thumb Code    84  stm32g4xx_hal_pcd.o(.text.HAL_PCD_Start)
    HAL_PCD_SuspendCallback                  0x0800367d   Thumb Code    46  usbd_conf.o(.text.HAL_PCD_SuspendCallback)
    HAL_PWREx_ControlVoltageScaling          0x080036ad   Thumb Code   436  stm32g4xx_hal_pwr_ex.o(.text.HAL_PWREx_ControlVoltageScaling)
    HAL_PWREx_DisableUCPDDeadBattery         0x08003861   Thumb Code    18  stm32g4xx_hal_pwr_ex.o(.text.HAL_PWREx_DisableUCPDDeadBattery)
    HAL_RCCEx_PeriphCLKConfig                0x08003875   Thumb Code  1114  stm32g4xx_hal_rcc_ex.o(.text.HAL_RCCEx_PeriphCLKConfig)
    HAL_RCC_ClockConfig                      0x08003cd1   Thumb Code   806  stm32g4xx_hal_rcc.o(.text.HAL_RCC_ClockConfig)
    HAL_RCC_GetHCLKFreq                      0x08003ff9   Thumb Code    12  stm32g4xx_hal_rcc.o(.text.HAL_RCC_GetHCLKFreq)
    HAL_RCC_GetPCLK1Freq                     0x08004005   Thumb Code    38  stm32g4xx_hal_rcc.o(.text.HAL_RCC_GetPCLK1Freq)
    HAL_RCC_GetPCLK2Freq                     0x0800402d   Thumb Code    38  stm32g4xx_hal_rcc.o(.text.HAL_RCC_GetPCLK2Freq)
    HAL_RCC_GetSysClockFreq                  0x08004055   Thumb Code   252  stm32g4xx_hal_rcc.o(.text.HAL_RCC_GetSysClockFreq)
    HAL_RCC_OscConfig                        0x08004151   Thumb Code  1974  stm32g4xx_hal_rcc.o(.text.HAL_RCC_OscConfig)
    HAL_SPI_Init                             0x08004909   Thumb Code   336  stm32g4xx_hal_spi.o(.text.HAL_SPI_Init)
    HAL_SPI_MspInit                          0x08004a59   Thumb Code   320  spi.o(.text.HAL_SPI_MspInit)
    HAL_SYSTICK_Config                       0x08004b99   Thumb Code    16  stm32g4xx_hal_cortex.o(.text.HAL_SYSTICK_Config)
    HAL_TIMEx_ConfigBreakDeadTime            0x08004ba9   Thumb Code   304  stm32g4xx_hal_tim_ex.o(.text.HAL_TIMEx_ConfigBreakDeadTime)
    HAL_TIMEx_MasterConfigSynchronization    0x08004cd9   Thumb Code   318  stm32g4xx_hal_tim_ex.o(.text.HAL_TIMEx_MasterConfigSynchronization)
    HAL_TIM_MspPostInit                      0x08004e19   Thumb Code   404  tim.o(.text.HAL_TIM_MspPostInit)
    HAL_TIM_PWM_ConfigChannel                0x08004fad   Thumb Code   432  stm32g4xx_hal_tim.o(.text.HAL_TIM_PWM_ConfigChannel)
    HAL_TIM_PWM_Init                         0x0800515d   Thumb Code   168  stm32g4xx_hal_tim.o(.text.HAL_TIM_PWM_Init)
    HAL_TIM_PWM_MspInit                      0x08005205   Thumb Code   208  tim.o(.text.HAL_TIM_PWM_MspInit)
    HAL_UARTEx_DisableFifoMode               0x080052d5   Thumb Code   124  stm32g4xx_hal_uart_ex.o(.text.HAL_UARTEx_DisableFifoMode)
    HAL_UARTEx_RxEventCallback               0x08005351   Thumb Code    12  stm32g4xx_hal_uart.o(.text.HAL_UARTEx_RxEventCallback)
    HAL_UARTEx_RxFifoFullCallback            0x0800535d   Thumb Code     8  stm32g4xx_hal_uart_ex.o(.text.HAL_UARTEx_RxFifoFullCallback)
    HAL_UARTEx_SetRxFifoThreshold            0x08005365   Thumb Code   140  stm32g4xx_hal_uart_ex.o(.text.HAL_UARTEx_SetRxFifoThreshold)
    HAL_UARTEx_SetTxFifoThreshold            0x080053f1   Thumb Code   140  stm32g4xx_hal_uart_ex.o(.text.HAL_UARTEx_SetTxFifoThreshold)
    HAL_UARTEx_TxFifoEmptyCallback           0x0800547d   Thumb Code     8  stm32g4xx_hal_uart_ex.o(.text.HAL_UARTEx_TxFifoEmptyCallback)
    HAL_UARTEx_WakeupCallback                0x08005485   Thumb Code     8  stm32g4xx_hal_uart_ex.o(.text.HAL_UARTEx_WakeupCallback)
    HAL_UART_ErrorCallback                   0x0800548d   Thumb Code     8  stm32g4xx_hal_uart.o(.text.HAL_UART_ErrorCallback)
    HAL_UART_IRQHandler                      0x08005495   Thumb Code  1430  stm32g4xx_hal_uart.o(.text.HAL_UART_IRQHandler)
    HAL_UART_Init                            0x08005a2d   Thumb Code   170  stm32g4xx_hal_uart.o(.text.HAL_UART_Init)
    HAL_UART_MspInit                         0x08005ad9   Thumb Code   794  usart.o(.text.HAL_UART_MspInit)
    HAL_UART_Transmit                        0x08005df5   Thumb Code   312  stm32g4xx_hal_uart.o(.text.HAL_UART_Transmit)
    HAL_UART_TxCpltCallback                  0x08005f2d   Thumb Code     8  stm32g4xx_hal_uart.o(.text.HAL_UART_TxCpltCallback)
    HardFault_Handler                        0x08005f35   Thumb Code     4  stm32g4xx_it.o(.text.HardFault_Handler)
    MX_GPIO_Init                             0x08005fb5   Thumb Code   242  gpio.o(.text.MX_GPIO_Init)
    MX_I2C1_Init                             0x080060a9   Thumb Code   118  i2c.o(.text.MX_I2C1_Init)
    MX_I2C2_Init                             0x08006121   Thumb Code   118  i2c.o(.text.MX_I2C2_Init)
    MX_LPUART1_UART_Init                     0x08006199   Thumb Code   142  usart.o(.text.MX_LPUART1_UART_Init)
    MX_SPI1_Init                             0x08006229   Thumb Code    88  spi.o(.text.MX_SPI1_Init)
    MX_SPI2_Init                             0x08006281   Thumb Code    88  spi.o(.text.MX_SPI2_Init)
    MX_TIM2_Init                             0x080062d9   Thumb Code   178  tim.o(.text.MX_TIM2_Init)
    MX_TIM3_Init                             0x0800638d   Thumb Code   210  tim.o(.text.MX_TIM3_Init)
    MX_TIM4_Init                             0x08006461   Thumb Code   182  tim.o(.text.MX_TIM4_Init)
    MX_TIM8_Init                             0x08006519   Thumb Code   240  tim.o(.text.MX_TIM8_Init)
    MX_UART4_Init                            0x08006609   Thumb Code   142  usart.o(.text.MX_UART4_Init)
    MX_USART1_UART_Init                      0x08006699   Thumb Code   142  usart.o(.text.MX_USART1_UART_Init)
    MX_USART2_UART_Init                      0x08006729   Thumb Code   142  usart.o(.text.MX_USART2_UART_Init)
    MX_USART3_UART_Init                      0x080067b9   Thumb Code   142  usart.o(.text.MX_USART3_UART_Init)
    MX_USB_Device_Init                       0x08006849   Thumb Code   118  usb_device.o(.text.MX_USB_Device_Init)
    MemManage_Handler                        0x080068c1   Thumb Code     4  stm32g4xx_it.o(.text.MemManage_Handler)
    NMI_Handler                              0x080068c5   Thumb Code     4  stm32g4xx_it.o(.text.NMI_Handler)
    PendSV_Handler                           0x08006f85   Thumb Code     2  stm32g4xx_it.o(.text.PendSV_Handler)
    SVC_Handler                              0x08007025   Thumb Code     2  stm32g4xx_it.o(.text.SVC_Handler)
    SysTick_Handler                          0x080070b5   Thumb Code     8  stm32g4xx_it.o(.text.SysTick_Handler)
    SystemClock_Config                       0x080070c5   Thumb Code   120  main.o(.text.SystemClock_Config)
    SystemInit                               0x0800713d   Thumb Code    18  system_stm32g4xx.o(.text.SystemInit)
    TIM_Base_SetConfig                       0x08007151   Thumb Code   406  stm32g4xx_hal_tim.o(.text.TIM_Base_SetConfig)
    TIM_OC2_SetConfig                        0x0800743d   Thumb Code   368  stm32g4xx_hal_tim.o(.text.TIM_OC2_SetConfig)
    UART4_IRQHandler                         0x08007a35   Thumb Code    16  stm32g4xx_it.o(.text.UART4_IRQHandler)
    UART_AdvFeatureConfig                    0x08007acd   Thumb Code   328  stm32g4xx_hal_uart.o(.text.UART_AdvFeatureConfig)
    UART_CheckIdleState                      0x08007c15   Thumb Code   326  stm32g4xx_hal_uart.o(.text.UART_CheckIdleState)
    UART_SetConfig                           0x08007e61   Thumb Code  1392  stm32g4xx_hal_uart.o(.text.UART_SetConfig)
    UART_WaitOnFlagUntilTimeout              0x080083d1   Thumb Code   268  stm32g4xx_hal_uart.o(.text.UART_WaitOnFlagUntilTimeout)
    USART1_IRQHandler                        0x080084dd   Thumb Code    16  stm32g4xx_it.o(.text.USART1_IRQHandler)
    USART2_IRQHandler                        0x080084ed   Thumb Code    16  stm32g4xx_it.o(.text.USART2_IRQHandler)
    USART3_IRQHandler                        0x080084fd   Thumb Code    16  stm32g4xx_it.o(.text.USART3_IRQHandler)
    USBD_CDC_ConfigStrDescriptor             0x0800850d   Thumb Code    78  usbd_desc.o(.text.USBD_CDC_ConfigStrDescriptor)
    USBD_CDC_DeviceDescriptor                0x080086e9   Thumb Code    26  usbd_desc.o(.text.USBD_CDC_DeviceDescriptor)
    USBD_CDC_GetDeviceQualifierDescriptor    0x08008765   Thumb Code    22  usbd_cdc.o(.text.USBD_CDC_GetDeviceQualifierDescriptor)
    USBD_CDC_InterfaceStrDescriptor          0x080088d5   Thumb Code    78  usbd_desc.o(.text.USBD_CDC_InterfaceStrDescriptor)
    USBD_CDC_LangIDStrDescriptor             0x08008925   Thumb Code    26  usbd_desc.o(.text.USBD_CDC_LangIDStrDescriptor)
    USBD_CDC_ManufacturerStrDescriptor       0x08008941   Thumb Code    40  usbd_desc.o(.text.USBD_CDC_ManufacturerStrDescriptor)
    USBD_CDC_ProductStrDescriptor            0x08008969   Thumb Code    78  usbd_desc.o(.text.USBD_CDC_ProductStrDescriptor)
    USBD_CDC_ReceivePacket                   0x080089b9   Thumb Code    94  usbd_cdc.o(.text.USBD_CDC_ReceivePacket)
    USBD_CDC_RegisterInterface               0x08008a19   Thumb Code    44  usbd_cdc.o(.text.USBD_CDC_RegisterInterface)
    USBD_CDC_SerialStrDescriptor             0x08008a45   Thumb Code    32  usbd_desc.o(.text.USBD_CDC_SerialStrDescriptor)
    USBD_CDC_SetRxBuffer                     0x08008a65   Thumb Code    52  usbd_cdc.o(.text.USBD_CDC_SetRxBuffer)
    USBD_CDC_SetTxBuffer                     0x08008a99   Thumb Code    62  usbd_cdc.o(.text.USBD_CDC_SetTxBuffer)
    USBD_ClrClassConfig                      0x08008c75   Thumb Code    42  usbd_core.o(.text.USBD_ClrClassConfig)
    USBD_CtlContinueRx                       0x08008ce1   Thumb Code    30  usbd_ioreq.o(.text.USBD_CtlContinueRx)
    USBD_CtlContinueSendData                 0x08008d01   Thumb Code    30  usbd_ioreq.o(.text.USBD_CtlContinueSendData)
    USBD_CtlError                            0x08008d21   Thumb Code    28  usbd_ctlreq.o(.text.USBD_CtlError)
    USBD_CtlPrepareRx                        0x08008d3d   Thumb Code    54  usbd_ioreq.o(.text.USBD_CtlPrepareRx)
    USBD_CtlReceiveStatus                    0x08008d75   Thumb Code    34  usbd_ioreq.o(.text.USBD_CtlReceiveStatus)
    USBD_CtlSendData                         0x08008d99   Thumb Code    50  usbd_ioreq.o(.text.USBD_CtlSendData)
    USBD_CtlSendStatus                       0x08008dcd   Thumb Code    34  usbd_ioreq.o(.text.USBD_CtlSendStatus)
    USBD_GetString                           0x0800920d   Thumb Code   152  usbd_ctlreq.o(.text.USBD_GetString)
    USBD_Init                                0x080092f9   Thumb Code   106  usbd_core.o(.text.USBD_Init)
    USBD_LL_ClearStallEP                     0x08009365   Thumb Code    58  usbd_conf.o(.text.USBD_LL_ClearStallEP)
    USBD_LL_CloseEP                          0x080093a1   Thumb Code    58  usbd_conf.o(.text.USBD_LL_CloseEP)
    USBD_LL_DataInStage                      0x080093dd   Thumb Code   332  usbd_core.o(.text.USBD_LL_DataInStage)
    USBD_LL_DataOutStage                     0x08009529   Thumb Code   246  usbd_core.o(.text.USBD_LL_DataOutStage)
    USBD_LL_GetRxDataSize                    0x08009621   Thumb Code    28  usbd_conf.o(.text.USBD_LL_GetRxDataSize)
    USBD_LL_Init                             0x0800963d   Thumb Code   164  usbd_conf.o(.text.USBD_LL_Init)
    USBD_LL_IsStallEP                        0x080096e1   Thumb Code    90  usbd_conf.o(.text.USBD_LL_IsStallEP)
    USBD_LL_OpenEP                           0x0800973d   Thumb Code    74  usbd_conf.o(.text.USBD_LL_OpenEP)
    USBD_LL_PrepareReceive                   0x08009789   Thumb Code    66  usbd_conf.o(.text.USBD_LL_PrepareReceive)
    USBD_LL_Reset                            0x080097cd   Thumb Code   160  usbd_core.o(.text.USBD_LL_Reset)
    USBD_LL_Resume                           0x0800986d   Thumb Code    36  usbd_core.o(.text.USBD_LL_Resume)
    USBD_LL_SOF                              0x08009891   Thumb Code    78  usbd_core.o(.text.USBD_LL_SOF)
    USBD_LL_SetSpeed                         0x080098e1   Thumb Code    22  usbd_core.o(.text.USBD_LL_SetSpeed)
    USBD_LL_SetUSBAddress                    0x080098f9   Thumb Code    58  usbd_conf.o(.text.USBD_LL_SetUSBAddress)
    USBD_LL_SetupStage                       0x08009935   Thumb Code   148  usbd_core.o(.text.USBD_LL_SetupStage)
    USBD_LL_StallEP                          0x080099c9   Thumb Code    58  usbd_conf.o(.text.USBD_LL_StallEP)
    USBD_LL_Start                            0x08009a05   Thumb Code    50  usbd_conf.o(.text.USBD_LL_Start)
    USBD_LL_Suspend                          0x08009a39   Thumb Code    30  usbd_core.o(.text.USBD_LL_Suspend)
    USBD_LL_Transmit                         0x08009a59   Thumb Code    66  usbd_conf.o(.text.USBD_LL_Transmit)
    USBD_ParseSetupRequest                   0x08009a9d   Thumb Code    98  usbd_ctlreq.o(.text.USBD_ParseSetupRequest)
    USBD_RegisterClass                       0x08009b01   Thumb Code    86  usbd_core.o(.text.USBD_RegisterClass)
    USBD_RunTestMode                         0x08009b59   Thumb Code    10  usbd_core.o(.text.USBD_RunTestMode)
    USBD_SetClassConfig                      0x08009bf1   Thumb Code    54  usbd_core.o(.text.USBD_SetClassConfig)
    USBD_Start                               0x08009dc9   Thumb Code    16  usbd_core.o(.text.USBD_Start)
    USBD_StdDevReq                           0x08009dd9   Thumb Code   196  usbd_ctlreq.o(.text.USBD_StdDevReq)
    USBD_StdEPReq                            0x08009e9d   Thumb Code   792  usbd_ctlreq.o(.text.USBD_StdEPReq)
    USBD_StdItfReq                           0x0800a1b5   Thumb Code   154  usbd_ctlreq.o(.text.USBD_StdItfReq)
    USBD_static_free                         0x0800a251   Thumb Code     8  usbd_conf.o(.text.USBD_static_free)
    USBD_static_malloc                       0x0800a259   Thumb Code    16  usbd_conf.o(.text.USBD_static_malloc)
    USB_ActivateEndpoint                     0x0800a269   Thumb Code  2182  stm32g4xx_ll_usb.o(.text.USB_ActivateEndpoint)
    USB_DeactivateEndpoint                   0x0800aaf1   Thumb Code   864  stm32g4xx_ll_usb.o(.text.USB_DeactivateEndpoint)
    USB_DevConnect                           0x0800ae51   Thumb Code    24  stm32g4xx_ll_usb.o(.text.USB_DevConnect)
    USB_DevInit                              0x0800ae69   Thumb Code    40  stm32g4xx_ll_usb.o(.text.USB_DevInit)
    USB_DisableGlobalInt                     0x0800ae91   Thumb Code    30  stm32g4xx_ll_usb.o(.text.USB_DisableGlobalInt)
    USB_EPClearStall                         0x0800aeb1   Thumb Code   314  stm32g4xx_ll_usb.o(.text.USB_EPClearStall)
    USB_EPSetStall                           0x0800afed   Thumb Code   136  stm32g4xx_ll_usb.o(.text.USB_EPSetStall)
    USB_EPStartXfer                          0x0800b075   Thumb Code  2522  stm32g4xx_ll_usb.o(.text.USB_EPStartXfer)
    USB_EnableGlobalInt                      0x0800ba51   Thumb Code    30  stm32g4xx_ll_usb.o(.text.USB_EnableGlobalInt)
    USB_LP_IRQHandler                        0x0800ba71   Thumb Code    16  stm32g4xx_it.o(.text.USB_LP_IRQHandler)
    USB_ReadInterrupts                       0x0800ba81   Thumb Code    18  stm32g4xx_ll_usb.o(.text.USB_ReadInterrupts)
    USB_ReadPMA                              0x0800ba95   Thumb Code   132  stm32g4xx_ll_usb.o(.text.USB_ReadPMA)
    USB_SetDevAddress                        0x0800bb19   Thumb Code    32  stm32g4xx_ll_usb.o(.text.USB_SetDevAddress)
    USB_WritePMA                             0x0800bb39   Thumb Code   122  stm32g4xx_ll_usb.o(.text.USB_WritePMA)
    UsageFault_Handler                       0x0800bbb5   Thumb Code     4  stm32g4xx_it.o(.text.UsageFault_Handler)
    main                                     0x0800bc79   Thumb Code   214  main.o(.text.main)
    _btod_d2e                                0x0800bd4f   Thumb Code    62  btod.o(CL$$btod_d2e)
    _d2e_denorm_low                          0x0800bd8d   Thumb Code    70  btod.o(CL$$btod_d2e_denorm_low)
    _d2e_norm_op1                            0x0800bdd3   Thumb Code    96  btod.o(CL$$btod_d2e_norm_op1)
    __btod_div_common                        0x0800be35   Thumb Code   696  btod.o(CL$$btod_div_common)
    _e2e                                     0x0800c16d   Thumb Code   220  btod.o(CL$$btod_e2e)
    _btod_ediv                               0x0800c249   Thumb Code    42  btod.o(CL$$btod_ediv)
    _btod_emul                               0x0800c273   Thumb Code    42  btod.o(CL$$btod_emul)
    __btod_mult_common                       0x0800c29d   Thumb Code   580  btod.o(CL$$btod_mult_common)
    __ARM_fpclassify                         0x0800c4e1   Thumb Code    48  fpclassify.o(i.__ARM_fpclassify)
    _is_digit                                0x0800c511   Thumb Code    14  __printf_wp.o(i._is_digit)
    _get_lc_numeric                          0x0800c521   Thumb Code    44  lc_numeric_c.o(locale$$code)
    _get_lc_ctype                            0x0800c54d   Thumb Code    44  lc_ctype_c.o(locale$$code)
    _fp_init                                 0x0800c579   Thumb Code    26  fpinit.o(x$fpl$fpinit)
    __fplib_config_fpu_vfp                   0x0800c591   Thumb Code     0  fpinit.o(x$fpl$fpinit)
    __fplib_config_pureend_doubles           0x0800c591   Thumb Code     0  fpinit.o(x$fpl$fpinit)
    _printf_fp_dec                           0x0800c593   Thumb Code     4  printf1.o(x$fpl$printf1)
    _printf_fp_hex                           0x0800c597   Thumb Code     4  printf2.o(x$fpl$printf2)
    __I$use$fp                               0x0800c59a   Number         0  usenofp.o(x$fpl$usenofp)
    AHBPrescTable                            0x0800c698   Data          16  system_stm32g4xx.o(.rodata.AHBPrescTable)
    APBPrescTable                            0x0800c6a8   Data           8  system_stm32g4xx.o(.rodata.APBPrescTable)
    UARTPrescTable                           0x0800c6c0   Data          24  stm32g4xx_hal_uart.o(.rodata.UARTPrescTable)
    Region$$Table$$Base                      0x0800c7a4   Number         0  anon$$obj.o(Region$$Table)
    Region$$Table$$Limit                     0x0800c7c4   Number         0  anon$$obj.o(Region$$Table)
    __ctype                                  0x0800c7ed   Data           0  lc_ctype_c.o(locale$$data)
    CDC_Desc                                 0x20000000   Data          32  usbd_desc.o(.data.CDC_Desc)
    SystemCoreClock                          0x20000020   Data           4  system_stm32g4xx.o(.data.SystemCoreClock)
    USBD_CDC                                 0x20000024   Data          56  usbd_cdc.o(.data.USBD_CDC)
    USBD_CDC_DeviceDesc                      0x200000e4   Data          18  usbd_desc.o(.data.USBD_CDC_DeviceDesc)
    USBD_Interface_fops_FS                   0x20000148   Data          20  usbd_cdc_if.o(.data.USBD_Interface_fops_FS)
    USBD_LangIDDesc                          0x2000015c   Data           4  usbd_desc.o(.data.USBD_LangIDDesc)
    USBD_StringSerial                        0x20000160   Data          26  usbd_desc.o(.data.USBD_StringSerial)
    uwTickFreq                               0x2000017c   Data           4  stm32g4xx_hal.o(.data.uwTickFreq)
    uwTickPrio                               0x20000180   Data           4  stm32g4xx_hal.o(.data.uwTickPrio)
    __libspace_start                         0x20000188   Data          96  libspace.o(.bss)
    __temporary_stack_top$libspace           0x200001e8   Data           0  libspace.o(.bss)
    USBD_StrDesc                             0x200001ec   Data         512  usbd_desc.o(.bss.USBD_StrDesc)
    UserRxBufferFS                           0x2000060c   Data        1024  usbd_cdc_if.o(.bss.UserRxBufferFS)
    UserTxBufferFS                           0x20000a0c   Data        1024  usbd_cdc_if.o(.bss.UserTxBufferFS)
    hUsbDeviceFS                             0x20000e0c   Data         720  usb_device.o(.bss.hUsbDeviceFS)
    hi2c1                                    0x200010dc   Data          84  i2c.o(.bss.hi2c1)
    hi2c2                                    0x20001130   Data          84  i2c.o(.bss.hi2c2)
    hlpuart1                                 0x20001184   Data         148  usart.o(.bss.hlpuart1)
    hpcd_USB_FS                              0x20001218   Data         732  usbd_conf.o(.bss.hpcd_USB_FS)
    hspi1                                    0x200014f4   Data         100  spi.o(.bss.hspi1)
    hspi2                                    0x20001558   Data         100  spi.o(.bss.hspi2)
    htim2                                    0x200015bc   Data          76  tim.o(.bss.htim2)
    htim3                                    0x20001608   Data          76  tim.o(.bss.htim3)
    htim4                                    0x20001654   Data          76  tim.o(.bss.htim4)
    htim8                                    0x200016a0   Data          76  tim.o(.bss.htim8)
    huart1                                   0x200016ec   Data         148  usart.o(.bss.huart1)
    huart2                                   0x20001780   Data         148  usart.o(.bss.huart2)
    huart3                                   0x20001814   Data         148  usart.o(.bss.huart3)
    huart4                                   0x200018a8   Data         148  usart.o(.bss.huart4)
    printfBuf                                0x2000193c   Data         100  main.o(.bss.printfBuf)
    uwTick                                   0x200019a0   Data           4  stm32g4xx_hal.o(.bss.uwTick)



==============================================================================

Memory Map of the image

  Image Entry point : 0x080001d9

  Load Region LR_IROM1 (Base: 0x08000000, Size: 0x0000ca78, Max: 0x00020000, ABSOLUTE, COMPRESSED[0x0000c9b8])

    Execution Region ER_IROM1 (Exec base: 0x08000000, Load base: 0x08000000, Size: 0x0000c8f0, Max: 0x00020000, ABSOLUTE)

    Exec Addr    Load Addr    Size         Type   Attr      Idx    E Section Name        Object

    0x08000000   0x08000000   0x000001d8   Data   RO            3    RESET               startup_stm32g431xx.o
    0x080001d8   0x080001d8   0x00000008   Code   RO         2104  * !!!main             c_w.l(__main.o)
    0x080001e0   0x080001e0   0x0000005c   Code   RO         2453    !!!scatter          c_w.l(__scatter.o)
    0x0800023c   0x0800023c   0x0000005a   Code   RO         2451    !!dczerorl2         c_w.l(__dczerorl2.o)
    0x08000296   0x08000296   0x00000002   PAD
    0x08000298   0x08000298   0x00000002   Code   RO         2454    !!handler_null      c_w.l(__scatter.o)
    0x0800029a   0x0800029a   0x00000002   PAD
    0x0800029c   0x0800029c   0x0000001c   Code   RO         2457    !!handler_zi        c_w.l(__scatter_zi.o)
    0x080002b8   0x080002b8   0x00000000   Code   RO         2192    .ARM.Collect$$_printf_percent$$00000000  c_w.l(_printf_percent.o)
    0x080002b8   0x080002b8   0x00000006   Code   RO         2181    .ARM.Collect$$_printf_percent$$00000001  c_w.l(_printf_n.o)
    0x080002be   0x080002be   0x00000006   Code   RO         2183    .ARM.Collect$$_printf_percent$$00000002  c_w.l(_printf_p.o)
    0x080002c4   0x080002c4   0x00000006   Code   RO         2188    .ARM.Collect$$_printf_percent$$00000003  c_w.l(_printf_f.o)
    0x080002ca   0x080002ca   0x00000006   Code   RO         2189    .ARM.Collect$$_printf_percent$$00000004  c_w.l(_printf_e.o)
    0x080002d0   0x080002d0   0x00000006   Code   RO         2190    .ARM.Collect$$_printf_percent$$00000005  c_w.l(_printf_g.o)
    0x080002d6   0x080002d6   0x00000006   Code   RO         2191    .ARM.Collect$$_printf_percent$$00000006  c_w.l(_printf_a.o)
    0x080002dc   0x080002dc   0x0000000a   Code   RO         2196    .ARM.Collect$$_printf_percent$$00000007  c_w.l(_printf_ll.o)
    0x080002e6   0x080002e6   0x00000006   Code   RO         2185    .ARM.Collect$$_printf_percent$$00000008  c_w.l(_printf_i.o)
    0x080002ec   0x080002ec   0x00000006   Code   RO         2186    .ARM.Collect$$_printf_percent$$00000009  c_w.l(_printf_d.o)
    0x080002f2   0x080002f2   0x00000006   Code   RO         2187    .ARM.Collect$$_printf_percent$$0000000A  c_w.l(_printf_u.o)
    0x080002f8   0x080002f8   0x00000006   Code   RO         2184    .ARM.Collect$$_printf_percent$$0000000B  c_w.l(_printf_o.o)
    0x080002fe   0x080002fe   0x00000006   Code   RO         2182    .ARM.Collect$$_printf_percent$$0000000C  c_w.l(_printf_x.o)
    0x08000304   0x08000304   0x00000006   Code   RO         2193    .ARM.Collect$$_printf_percent$$0000000D  c_w.l(_printf_lli.o)
    0x0800030a   0x0800030a   0x00000006   Code   RO         2194    .ARM.Collect$$_printf_percent$$0000000E  c_w.l(_printf_lld.o)
    0x08000310   0x08000310   0x00000006   Code   RO         2195    .ARM.Collect$$_printf_percent$$0000000F  c_w.l(_printf_llu.o)
    0x08000316   0x08000316   0x00000006   Code   RO         2200    .ARM.Collect$$_printf_percent$$00000010  c_w.l(_printf_llo.o)
    0x0800031c   0x0800031c   0x00000006   Code   RO         2201    .ARM.Collect$$_printf_percent$$00000011  c_w.l(_printf_llx.o)
    0x08000322   0x08000322   0x0000000a   Code   RO         2197    .ARM.Collect$$_printf_percent$$00000012  c_w.l(_printf_l.o)
    0x0800032c   0x0800032c   0x00000006   Code   RO         2179    .ARM.Collect$$_printf_percent$$00000013  c_w.l(_printf_c.o)
    0x08000332   0x08000332   0x00000006   Code   RO         2180    .ARM.Collect$$_printf_percent$$00000014  c_w.l(_printf_s.o)
    0x08000338   0x08000338   0x00000006   Code   RO         2198    .ARM.Collect$$_printf_percent$$00000015  c_w.l(_printf_lc.o)
    0x0800033e   0x0800033e   0x00000006   Code   RO         2199    .ARM.Collect$$_printf_percent$$00000016  c_w.l(_printf_ls.o)
    0x08000344   0x08000344   0x00000004   Code   RO         2244    .ARM.Collect$$_printf_percent$$00000017  c_w.l(_printf_percent_end.o)
    0x08000348   0x08000348   0x00000002   Code   RO         2299    .ARM.Collect$$libinit$$00000000  c_w.l(libinit.o)
    0x0800034a   0x0800034a   0x00000004   Code   RO         2323    .ARM.Collect$$libinit$$00000001  c_w.l(libinit2.o)
    0x0800034e   0x0800034e   0x00000000   Code   RO         2326    .ARM.Collect$$libinit$$00000004  c_w.l(libinit2.o)
    0x0800034e   0x0800034e   0x00000000   Code   RO         2328    .ARM.Collect$$libinit$$00000006  c_w.l(libinit2.o)
    0x0800034e   0x0800034e   0x00000000   Code   RO         2331    .ARM.Collect$$libinit$$0000000C  c_w.l(libinit2.o)
    0x0800034e   0x0800034e   0x00000000   Code   RO         2333    .ARM.Collect$$libinit$$0000000E  c_w.l(libinit2.o)
    0x0800034e   0x0800034e   0x00000000   Code   RO         2335    .ARM.Collect$$libinit$$00000010  c_w.l(libinit2.o)
    0x0800034e   0x0800034e   0x00000006   Code   RO         2336    .ARM.Collect$$libinit$$00000011  c_w.l(libinit2.o)
    0x08000354   0x08000354   0x00000000   Code   RO         2338    .ARM.Collect$$libinit$$00000013  c_w.l(libinit2.o)
    0x08000354   0x08000354   0x0000000c   Code   RO         2339    .ARM.Collect$$libinit$$00000014  c_w.l(libinit2.o)
    0x08000360   0x08000360   0x00000000   Code   RO         2340    .ARM.Collect$$libinit$$00000015  c_w.l(libinit2.o)
    0x08000360   0x08000360   0x00000000   Code   RO         2342    .ARM.Collect$$libinit$$00000017  c_w.l(libinit2.o)
    0x08000360   0x08000360   0x0000000a   Code   RO         2343    .ARM.Collect$$libinit$$00000018  c_w.l(libinit2.o)
    0x0800036a   0x0800036a   0x00000000   Code   RO         2344    .ARM.Collect$$libinit$$00000019  c_w.l(libinit2.o)
    0x0800036a   0x0800036a   0x00000000   Code   RO         2346    .ARM.Collect$$libinit$$0000001B  c_w.l(libinit2.o)
    0x0800036a   0x0800036a   0x00000000   Code   RO         2348    .ARM.Collect$$libinit$$0000001D  c_w.l(libinit2.o)
    0x0800036a   0x0800036a   0x00000000   Code   RO         2350    .ARM.Collect$$libinit$$0000001F  c_w.l(libinit2.o)
    0x0800036a   0x0800036a   0x00000000   Code   RO         2352    .ARM.Collect$$libinit$$00000021  c_w.l(libinit2.o)
    0x0800036a   0x0800036a   0x00000000   Code   RO         2354    .ARM.Collect$$libinit$$00000023  c_w.l(libinit2.o)
    0x0800036a   0x0800036a   0x00000000   Code   RO         2356    .ARM.Collect$$libinit$$00000025  c_w.l(libinit2.o)
    0x0800036a   0x0800036a   0x00000000   Code   RO         2358    .ARM.Collect$$libinit$$00000027  c_w.l(libinit2.o)
    0x0800036a   0x0800036a   0x00000000   Code   RO         2362    .ARM.Collect$$libinit$$0000002E  c_w.l(libinit2.o)
    0x0800036a   0x0800036a   0x00000000   Code   RO         2364    .ARM.Collect$$libinit$$00000030  c_w.l(libinit2.o)
    0x0800036a   0x0800036a   0x00000000   Code   RO         2366    .ARM.Collect$$libinit$$00000032  c_w.l(libinit2.o)
    0x0800036a   0x0800036a   0x00000000   Code   RO         2368    .ARM.Collect$$libinit$$00000034  c_w.l(libinit2.o)
    0x0800036a   0x0800036a   0x00000002   Code   RO         2369    .ARM.Collect$$libinit$$00000035  c_w.l(libinit2.o)
    0x0800036c   0x0800036c   0x00000002   Code   RO         2406    .ARM.Collect$$libshutdown$$00000000  c_w.l(libshutdown.o)
    0x0800036e   0x0800036e   0x00000000   Code   RO         2434    .ARM.Collect$$libshutdown$$00000002  c_w.l(libshutdown2.o)
    0x0800036e   0x0800036e   0x00000000   Code   RO         2436    .ARM.Collect$$libshutdown$$00000004  c_w.l(libshutdown2.o)
    0x0800036e   0x0800036e   0x00000000   Code   RO         2439    .ARM.Collect$$libshutdown$$00000007  c_w.l(libshutdown2.o)
    0x0800036e   0x0800036e   0x00000000   Code   RO         2442    .ARM.Collect$$libshutdown$$0000000A  c_w.l(libshutdown2.o)
    0x0800036e   0x0800036e   0x00000000   Code   RO         2444    .ARM.Collect$$libshutdown$$0000000C  c_w.l(libshutdown2.o)
    0x0800036e   0x0800036e   0x00000000   Code   RO         2447    .ARM.Collect$$libshutdown$$0000000F  c_w.l(libshutdown2.o)
    0x0800036e   0x0800036e   0x00000002   Code   RO         2448    .ARM.Collect$$libshutdown$$00000010  c_w.l(libshutdown2.o)
    0x08000370   0x08000370   0x00000000   Code   RO         2106    .ARM.Collect$$rtentry$$00000000  c_w.l(__rtentry.o)
    0x08000370   0x08000370   0x00000000   Code   RO         2211    .ARM.Collect$$rtentry$$00000002  c_w.l(__rtentry2.o)
    0x08000370   0x08000370   0x00000006   Code   RO         2223    .ARM.Collect$$rtentry$$00000004  c_w.l(__rtentry4.o)
    0x08000376   0x08000376   0x00000000   Code   RO         2213    .ARM.Collect$$rtentry$$00000009  c_w.l(__rtentry2.o)
    0x08000376   0x08000376   0x00000004   Code   RO         2214    .ARM.Collect$$rtentry$$0000000A  c_w.l(__rtentry2.o)
    0x0800037a   0x0800037a   0x00000000   Code   RO         2216    .ARM.Collect$$rtentry$$0000000C  c_w.l(__rtentry2.o)
    0x0800037a   0x0800037a   0x00000008   Code   RO         2217    .ARM.Collect$$rtentry$$0000000D  c_w.l(__rtentry2.o)
    0x08000382   0x08000382   0x00000002   Code   RO         2308    .ARM.Collect$$rtexit$$00000000  c_w.l(rtexit.o)
    0x08000384   0x08000384   0x00000000   Code   RO         2375    .ARM.Collect$$rtexit$$00000002  c_w.l(rtexit2.o)
    0x08000384   0x08000384   0x00000004   Code   RO         2376    .ARM.Collect$$rtexit$$00000003  c_w.l(rtexit2.o)
    0x08000388   0x08000388   0x00000006   Code   RO         2377    .ARM.Collect$$rtexit$$00000004  c_w.l(rtexit2.o)
    0x0800038e   0x0800038e   0x00000002   PAD
    0x08000390   0x08000390   0x00000040   Code   RO            4    .text               startup_stm32g431xx.o
    0x080003d0   0x080003d0   0x000000f0   Code   RO         2096    .text               c_w.l(lludivv7m.o)
    0x080004c0   0x080004c0   0x0000002c   Code   RO         2098    .text               c_w.l(sprintf.o)
    0x080004ec   0x080004ec   0x0000004e   Code   RO         2100    .text               c_w.l(rt_memclr_w.o)
    0x0800053a   0x0800053a   0x00000006   Code   RO         2102    .text               c_w.l(heapauxi.o)
    0x08000540   0x08000540   0x0000004e   Code   RO         2113    .text               c_w.l(_printf_pad.o)
    0x0800058e   0x0800058e   0x00000024   Code   RO         2115    .text               c_w.l(_printf_truncate.o)
    0x080005b2   0x080005b2   0x00000052   Code   RO         2117    .text               c_w.l(_printf_str.o)
    0x08000604   0x08000604   0x00000078   Code   RO         2119    .text               c_w.l(_printf_dec.o)
    0x0800067c   0x0800067c   0x00000028   Code   RO         2121    .text               c_w.l(_printf_charcount.o)
    0x080006a4   0x080006a4   0x00000030   Code   RO         2123    .text               c_w.l(_printf_char_common.o)
    0x080006d4   0x080006d4   0x0000000a   Code   RO         2125    .text               c_w.l(_sputc.o)
    0x080006de   0x080006de   0x00000002   PAD
    0x080006e0   0x080006e0   0x000000bc   Code   RO         2127    .text               c_w.l(_printf_wctomb.o)
    0x0800079c   0x0800079c   0x0000007c   Code   RO         2130    .text               c_w.l(_printf_longlong_dec.o)
    0x08000818   0x08000818   0x00000070   Code   RO         2136    .text               c_w.l(_printf_oct_int_ll.o)
    0x08000888   0x08000888   0x00000094   Code   RO         2156    .text               c_w.l(_printf_hex_int_ll_ptr.o)
    0x0800091c   0x0800091c   0x00000188   Code   RO         2176    .text               c_w.l(__printf_flags_ss_wp.o)
    0x08000aa4   0x08000aa4   0x0000008a   Code   RO         2227    .text               c_w.l(lludiv10.o)
    0x08000b2e   0x08000b2e   0x000000b2   Code   RO         2229    .text               c_w.l(_printf_intcommon.o)
    0x08000be0   0x08000be0   0x0000041c   Code   RO         2231    .text               c_w.l(_printf_fp_dec.o)
    0x08000ffc   0x08000ffc   0x000002fc   Code   RO         2235    .text               c_w.l(_printf_fp_hex.o)
    0x080012f8   0x080012f8   0x0000002c   Code   RO         2240    .text               c_w.l(_printf_char.o)
    0x08001324   0x08001324   0x0000002c   Code   RO         2242    .text               c_w.l(_printf_wchar.o)
    0x08001350   0x08001350   0x00000048   Code   RO         2245    .text               c_w.l(_c16rtomb.o)
    0x08001398   0x08001398   0x0000004a   Code   RO         2247    .text               c_w.l(sys_stackheap_outer.o)
    0x080013e2   0x080013e2   0x00000002   PAD
    0x080013e4   0x080013e4   0x00000010   Code   RO         2249    .text               c_w.l(rt_ctype_table.o)
    0x080013f4   0x080013f4   0x00000008   Code   RO         2254    .text               c_w.l(rt_locale_intlibspace.o)
    0x080013fc   0x080013fc   0x00000080   Code   RO         2256    .text               c_w.l(_printf_fp_infnan.o)
    0x0800147c   0x0800147c   0x000000e4   Code   RO         2258    .text               c_w.l(bigflt0.o)
    0x08001560   0x08001560   0x00000012   Code   RO         2288    .text               c_w.l(exit.o)
    0x08001572   0x08001572   0x00000002   PAD
    0x08001574   0x08001574   0x00000008   Code   RO         2305    .text               c_w.l(libspace.o)
    0x0800157c   0x0800157c   0x00000004   PAD
    0x08001580   0x08001580   0x0000007c   Code   RO         2321    .text               c_w.l(strcmpv7em.o)
    0x080015fc   0x080015fc   0x0000000c   Code   RO         2370    .text               c_w.l(sys_exit.o)
    0x08001608   0x08001608   0x00000002   Code   RO         2395    .text               c_w.l(use_no_semi.o)
    0x0800160a   0x0800160a   0x00000000   Code   RO         2397    .text               c_w.l(indicate_semi.o)
    0x0800160a   0x0800160a   0x00000002   PAD
    0x0800160c   0x0800160c   0x00000004   Code   RO          126    .text.BusFault_Handler  stm32g4xx_it.o
    0x08001610   0x08001610   0x0000005c   Code   RO          282    .text.CDC_Control_FS  usbd_cdc_if.o
    0x0800166c   0x0800166c   0x00000004   Code   RO          280    .text.CDC_DeInit_FS  usbd_cdc_if.o
    0x08001670   0x08001670   0x00000032   Code   RO          278    .text.CDC_Init_FS   usbd_cdc_if.o
    0x080016a2   0x080016a2   0x00000002   PAD
    0x080016a4   0x080016a4   0x00000024   Code   RO          284    .text.CDC_Receive_FS  usbd_cdc_if.o
    0x080016c8   0x080016c8   0x00000018   Code   RO          286    .text.CDC_TransmitCplt_FS  usbd_cdc_if.o
    0x080016e0   0x080016e0   0x00000002   Code   RO          132    .text.DebugMon_Handler  stm32g4xx_it.o
    0x080016e2   0x080016e2   0x00000002   PAD
    0x080016e4   0x080016e4   0x00000016   Code   RO         2086    .text.Disable_ESP32_C3  pom_esp32_c3.o
    0x080016fa   0x080016fa   0x00000002   PAD
    0x080016fc   0x080016fc   0x0000000e   Code   RO           15    .text.Error_Handler  main.o
    0x0800170a   0x0800170a   0x00000002   PAD
    0x0800170c   0x0800170c   0x0000005c   Code   RO          261    .text.Get_SerialNum  usbd_desc.o
    0x08001768   0x08001768   0x0000009c   Code   RO          783    .text.HAL_DMA_Abort  stm32g4xx_hal_dma.o
    0x08001804   0x08001804   0x000000c2   Code   RO          785    .text.HAL_DMA_Abort_IT  stm32g4xx_hal_dma.o
    0x080018c6   0x080018c6   0x00000002   PAD
    0x080018c8   0x080018c8   0x00000368   Code   RO          721    .text.HAL_GPIO_Init  stm32g4xx_hal_gpio.o
    0x08001c30   0x08001c30   0x0000002c   Code   RO          727    .text.HAL_GPIO_WritePin  stm32g4xx_hal_gpio.o
    0x08001c5c   0x08001c5c   0x0000000c   Code   RO          465    .text.HAL_GetTick   stm32g4xx_hal.o
    0x08001c68   0x08001c68   0x00000098   Code   RO         1187    .text.HAL_I2CEx_ConfigAnalogFilter  stm32g4xx_hal_i2c_ex.o
    0x08001d00   0x08001d00   0x000000a2   Code   RO         1189    .text.HAL_I2CEx_ConfigDigitalFilter  stm32g4xx_hal_i2c_ex.o
    0x08001da2   0x08001da2   0x00000002   PAD
    0x08001da4   0x08001da4   0x00000114   Code   RO         1018    .text.HAL_I2C_Init  stm32g4xx_hal_i2c.o
    0x08001eb8   0x08001eb8   0x000001be   Code   RO           39    .text.HAL_I2C_MspInit  i2c.o
    0x08002076   0x08002076   0x00000002   PAD
    0x08002078   0x08002078   0x0000001a   Code   RO          463    .text.HAL_IncTick   stm32g4xx_hal.o
    0x08002092   0x08002092   0x00000002   PAD
    0x08002094   0x08002094   0x00000030   Code   RO          453    .text.HAL_Init      stm32g4xx_hal.o
    0x080020c4   0x080020c4   0x00000088   Code   RO          455    .text.HAL_InitTick  stm32g4xx_hal.o
    0x0800214c   0x0800214c   0x00000048   Code   RO          155    .text.HAL_MspInit   stm32g4xx_hal_msp.o
    0x08002194   0x08002194   0x00000014   Code   RO          955    .text.HAL_NVIC_EnableIRQ  stm32g4xx_hal_cortex.o
    0x080021a8   0x080021a8   0x0000002e   Code   RO          947    .text.HAL_NVIC_SetPriority  stm32g4xx_hal_cortex.o
    0x080021d6   0x080021d6   0x00000002   PAD
    0x080021d8   0x080021d8   0x00000010   Code   RO          943    .text.HAL_NVIC_SetPriorityGrouping  stm32g4xx_hal_cortex.o
    0x080021e8   0x080021e8   0x0000003a   Code   RO          389    .text.HAL_PCDEx_ActivateLPM  stm32g4xx_hal_pcd_ex.o
    0x08002222   0x08002222   0x00000002   PAD
    0x08002224   0x08002224   0x00000072   Code   RO          221    .text.HAL_PCDEx_LPM_Callback  usbd_conf.o
    0x08002296   0x08002296   0x00000002   PAD
    0x08002298   0x08002298   0x0000007a   Code   RO          379    .text.HAL_PCDEx_PMAConfig  stm32g4xx_hal_pcd_ex.o
    0x08002312   0x08002312   0x00000002   PAD
    0x08002314   0x08002314   0x00000026   Code   RO          171    .text.HAL_PCD_DataInStageCallback  usbd_conf.o
    0x0800233a   0x0800233a   0x00000002   PAD
    0x0800233c   0x0800233c   0x00000028   Code   RO          169    .text.HAL_PCD_DataOutStageCallback  usbd_conf.o
    0x08002364   0x08002364   0x000000a8   Code   RO          346    .text.HAL_PCD_EP_Close  stm32g4xx_hal_pcd.o
    0x0800240c   0x0800240c   0x000000c8   Code   RO          356    .text.HAL_PCD_EP_ClrStall  stm32g4xx_hal_pcd.o
    0x080024d4   0x080024d4   0x000001f8   Code   RO          368    .text.HAL_PCD_EP_DB_Receive  stm32g4xx_hal_pcd.o
    0x080026cc   0x080026cc   0x000007ee   Code   RO          370    .text.HAL_PCD_EP_DB_Transmit  stm32g4xx_hal_pcd.o
    0x08002eba   0x08002eba   0x00000002   PAD
    0x08002ebc   0x08002ebc   0x00000022   Code   RO          350    .text.HAL_PCD_EP_GetRxCount  stm32g4xx_hal_pcd.o
    0x08002ede   0x08002ede   0x00000002   PAD
    0x08002ee0   0x08002ee0   0x000000de   Code   RO          344    .text.HAL_PCD_EP_Open  stm32g4xx_hal_pcd.o
    0x08002fbe   0x08002fbe   0x00000002   PAD
    0x08002fc0   0x08002fc0   0x0000005a   Code   RO          348    .text.HAL_PCD_EP_Receive  stm32g4xx_hal_pcd.o
    0x0800301a   0x0800301a   0x00000002   PAD
    0x0800301c   0x0800301c   0x000000c4   Code   RO          354    .text.HAL_PCD_EP_SetStall  stm32g4xx_hal_pcd.o
    0x080030e0   0x080030e0   0x00000066   Code   RO          352    .text.HAL_PCD_EP_Transmit  stm32g4xx_hal_pcd.o
    0x08003146   0x08003146   0x00000002   PAD
    0x08003148   0x08003148   0x000001e8   Code   RO          312    .text.HAL_PCD_IRQHandler  stm32g4xx_hal_pcd.o
    0x08003330   0x08003330   0x00000194   Code   RO          300    .text.HAL_PCD_Init  stm32g4xx_hal_pcd.o
    0x080034c4   0x080034c4   0x00000070   Code   RO          163    .text.HAL_PCD_MspInit  usbd_conf.o
    0x08003534   0x08003534   0x00000038   Code   RO          175    .text.HAL_PCD_ResetCallback  usbd_conf.o
    0x0800356c   0x0800356c   0x00000032   Code   RO          179    .text.HAL_PCD_ResumeCallback  usbd_conf.o
    0x0800359e   0x0800359e   0x00000002   PAD
    0x080035a0   0x080035a0   0x00000014   Code   RO          173    .text.HAL_PCD_SOFCallback  usbd_conf.o
    0x080035b4   0x080035b4   0x0000005c   Code   RO          318    .text.HAL_PCD_SetAddress  stm32g4xx_hal_pcd.o
    0x08003610   0x08003610   0x00000018   Code   RO          167    .text.HAL_PCD_SetupStageCallback  usbd_conf.o
    0x08003628   0x08003628   0x00000054   Code   RO          308    .text.HAL_PCD_Start  stm32g4xx_hal_pcd.o
    0x0800367c   0x0800367c   0x0000002e   Code   RO          177    .text.HAL_PCD_SuspendCallback  usbd_conf.o
    0x080036aa   0x080036aa   0x00000002   PAD
    0x080036ac   0x080036ac   0x000001b4   Code   RO          864    .text.HAL_PWREx_ControlVoltageScaling  stm32g4xx_hal_pwr_ex.o
    0x08003860   0x08003860   0x00000012   Code   RO          934    .text.HAL_PWREx_DisableUCPDDeadBattery  stm32g4xx_hal_pwr_ex.o
    0x08003872   0x08003872   0x00000002   PAD
    0x08003874   0x08003874   0x0000045a   Code   RO          578    .text.HAL_RCCEx_PeriphCLKConfig  stm32g4xx_hal_rcc_ex.o
    0x08003cce   0x08003cce   0x00000002   PAD
    0x08003cd0   0x08003cd0   0x00000326   Code   RO          543    .text.HAL_RCC_ClockConfig  stm32g4xx_hal_rcc.o
    0x08003ff6   0x08003ff6   0x00000002   PAD
    0x08003ff8   0x08003ff8   0x0000000c   Code   RO          551    .text.HAL_RCC_GetHCLKFreq  stm32g4xx_hal_rcc.o
    0x08004004   0x08004004   0x00000026   Code   RO          553    .text.HAL_RCC_GetPCLK1Freq  stm32g4xx_hal_rcc.o
    0x0800402a   0x0800402a   0x00000002   PAD
    0x0800402c   0x0800402c   0x00000026   Code   RO          555    .text.HAL_RCC_GetPCLK2Freq  stm32g4xx_hal_rcc.o
    0x08004052   0x08004052   0x00000002   PAD
    0x08004054   0x08004054   0x000000fc   Code   RO          547    .text.HAL_RCC_GetSysClockFreq  stm32g4xx_hal_rcc.o
    0x08004150   0x08004150   0x000007b6   Code   RO          541    .text.HAL_RCC_OscConfig  stm32g4xx_hal_rcc.o
    0x08004906   0x08004906   0x00000002   PAD
    0x08004908   0x08004908   0x00000150   Code   RO         1399    .text.HAL_SPI_Init  stm32g4xx_hal_spi.o
    0x08004a58   0x08004a58   0x00000140   Code   RO           82    .text.HAL_SPI_MspInit  spi.o
    0x08004b98   0x08004b98   0x00000010   Code   RO          967    .text.HAL_SYSTICK_Config  stm32g4xx_hal_cortex.o
    0x08004ba8   0x08004ba8   0x00000130   Code   RO         1845    .text.HAL_TIMEx_ConfigBreakDeadTime  stm32g4xx_hal_tim_ex.o
    0x08004cd8   0x08004cd8   0x0000013e   Code   RO         1843    .text.HAL_TIMEx_MasterConfigSynchronization  stm32g4xx_hal_tim_ex.o
    0x08004e16   0x08004e16   0x00000002   PAD
    0x08004e18   0x08004e18   0x00000194   Code   RO           97    .text.HAL_TIM_MspPostInit  tim.o
    0x08004fac   0x08004fac   0x000001b0   Code   RO         1696    .text.HAL_TIM_PWM_ConfigChannel  stm32g4xx_hal_tim.o
    0x0800515c   0x0800515c   0x000000a8   Code   RO         1580    .text.HAL_TIM_PWM_Init  stm32g4xx_hal_tim.o
    0x08005204   0x08005204   0x000000d0   Code   RO          105    .text.HAL_TIM_PWM_MspInit  tim.o
    0x080052d4   0x080052d4   0x0000007c   Code   RO         1376    .text.HAL_UARTEx_DisableFifoMode  stm32g4xx_hal_uart_ex.o
    0x08005350   0x08005350   0x0000000c   Code   RO         1300    .text.HAL_UARTEx_RxEventCallback  stm32g4xx_hal_uart.o
    0x0800535c   0x0800535c   0x00000008   Code   RO         1358    .text.HAL_UARTEx_RxFifoFullCallback  stm32g4xx_hal_uart_ex.o
    0x08005364   0x08005364   0x0000008c   Code   RO         1380    .text.HAL_UARTEx_SetRxFifoThreshold  stm32g4xx_hal_uart_ex.o
    0x080053f0   0x080053f0   0x0000008c   Code   RO         1378    .text.HAL_UARTEx_SetTxFifoThreshold  stm32g4xx_hal_uart_ex.o
    0x0800547c   0x0800547c   0x00000008   Code   RO         1360    .text.HAL_UARTEx_TxFifoEmptyCallback  stm32g4xx_hal_uart_ex.o
    0x08005484   0x08005484   0x00000008   Code   RO         1356    .text.HAL_UARTEx_WakeupCallback  stm32g4xx_hal_uart_ex.o
    0x0800548c   0x0800548c   0x00000008   Code   RO         1298    .text.HAL_UART_ErrorCallback  stm32g4xx_hal_uart.o
    0x08005494   0x08005494   0x00000596   Code   RO         1294    .text.HAL_UART_IRQHandler  stm32g4xx_hal_uart.o
    0x08005a2a   0x08005a2a   0x00000002   PAD
    0x08005a2c   0x08005a2c   0x000000aa   Code   RO         1206    .text.HAL_UART_Init  stm32g4xx_hal_uart.o
    0x08005ad6   0x08005ad6   0x00000002   PAD
    0x08005ad8   0x08005ad8   0x0000031a   Code   RO           62    .text.HAL_UART_MspInit  usart.o
    0x08005df2   0x08005df2   0x00000002   PAD
    0x08005df4   0x08005df4   0x00000138   Code   RO         1226    .text.HAL_UART_Transmit  stm32g4xx_hal_uart.o
    0x08005f2c   0x08005f2c   0x00000008   Code   RO         1304    .text.HAL_UART_TxCpltCallback  stm32g4xx_hal_uart.o
    0x08005f34   0x08005f34   0x00000004   Code   RO          122    .text.HardFault_Handler  stm32g4xx_it.o
    0x08005f38   0x08005f38   0x0000007a   Code   RO          263    .text.IntToUnicode  usbd_desc.o
    0x08005fb2   0x08005fb2   0x00000002   PAD
    0x08005fb4   0x08005fb4   0x000000f2   Code   RO           27    .text.MX_GPIO_Init  gpio.o
    0x080060a6   0x080060a6   0x00000002   PAD
    0x080060a8   0x080060a8   0x00000076   Code   RO           35    .text.MX_I2C1_Init  i2c.o
    0x0800611e   0x0800611e   0x00000002   PAD
    0x08006120   0x08006120   0x00000076   Code   RO           37    .text.MX_I2C2_Init  i2c.o
    0x08006196   0x08006196   0x00000002   PAD
    0x08006198   0x08006198   0x0000008e   Code   RO           52    .text.MX_LPUART1_UART_Init  usart.o
    0x08006226   0x08006226   0x00000002   PAD
    0x08006228   0x08006228   0x00000058   Code   RO           78    .text.MX_SPI1_Init  spi.o
    0x08006280   0x08006280   0x00000058   Code   RO           80    .text.MX_SPI2_Init  spi.o
    0x080062d8   0x080062d8   0x000000b2   Code   RO           95    .text.MX_TIM2_Init  tim.o
    0x0800638a   0x0800638a   0x00000002   PAD
    0x0800638c   0x0800638c   0x000000d2   Code   RO           99    .text.MX_TIM3_Init  tim.o
    0x0800645e   0x0800645e   0x00000002   PAD
    0x08006460   0x08006460   0x000000b6   Code   RO          101    .text.MX_TIM4_Init  tim.o
    0x08006516   0x08006516   0x00000002   PAD
    0x08006518   0x08006518   0x000000f0   Code   RO          103    .text.MX_TIM8_Init  tim.o
    0x08006608   0x08006608   0x0000008e   Code   RO           54    .text.MX_UART4_Init  usart.o
    0x08006696   0x08006696   0x00000002   PAD
    0x08006698   0x08006698   0x0000008e   Code   RO           56    .text.MX_USART1_UART_Init  usart.o
    0x08006726   0x08006726   0x00000002   PAD
    0x08006728   0x08006728   0x0000008e   Code   RO           58    .text.MX_USART2_UART_Init  usart.o
    0x080067b6   0x080067b6   0x00000002   PAD
    0x080067b8   0x080067b8   0x0000008e   Code   RO           60    .text.MX_USART3_UART_Init  usart.o
    0x08006846   0x08006846   0x00000002   PAD
    0x08006848   0x08006848   0x00000076   Code   RO          238    .text.MX_USB_Device_Init  usb_device.o
    0x080068be   0x080068be   0x00000002   PAD
    0x080068c0   0x080068c0   0x00000004   Code   RO          124    .text.MemManage_Handler  stm32g4xx_it.o
    0x080068c4   0x080068c4   0x00000004   Code   RO          120    .text.NMI_Handler   stm32g4xx_it.o
    0x080068c8   0x080068c8   0x0000006c   Code   RO          953    .text.NVIC_EncodePriority  stm32g4xx_hal_cortex.o
    0x08006934   0x08006934   0x00000650   Code   RO          314    .text.PCD_EP_ISR_Handler  stm32g4xx_hal_pcd.o
    0x08006f84   0x08006f84   0x00000002   Code   RO          134    .text.PendSV_Handler  stm32g4xx_it.o
    0x08006f86   0x08006f86   0x00000002   PAD
    0x08006f88   0x08006f88   0x0000009c   Code   RO          545    .text.RCC_GetSysClockFreqFromPLLSource  stm32g4xx_hal_rcc.o
    0x08007024   0x08007024   0x00000002   Code   RO          130    .text.SVC_Handler   stm32g4xx_it.o
    0x08007026   0x08007026   0x00000002   PAD
    0x08007028   0x08007028   0x00000036   Code   RO         2005    .text.SWAPBYTE      usbd_ctlreq.o
    0x0800705e   0x0800705e   0x00000002   PAD
    0x08007060   0x08007060   0x00000052   Code   RO          969    .text.SysTick_Config  stm32g4xx_hal_cortex.o
    0x080070b2   0x080070b2   0x00000002   PAD
    0x080070b4   0x080070b4   0x00000008   Code   RO          136    .text.SysTick_Handler  stm32g4xx_it.o
    0x080070bc   0x080070bc   0x00000008   Code   RO          181    .text.SystemClockConfig_Resume  usbd_conf.o
    0x080070c4   0x080070c4   0x00000078   Code   RO           13    .text.SystemClock_Config  main.o
    0x0800713c   0x0800713c   0x00000012   Code   RO         1920    .text.SystemInit    system_stm32g4xx.o
    0x0800714e   0x0800714e   0x00000002   PAD
    0x08007150   0x08007150   0x00000196   Code   RO         1530    .text.TIM_Base_SetConfig  stm32g4xx_hal_tim.o
    0x080072e6   0x080072e6   0x00000002   PAD
    0x080072e8   0x080072e8   0x00000154   Code   RO         1674    .text.TIM_OC1_SetConfig  stm32g4xx_hal_tim.o
    0x0800743c   0x0800743c   0x00000170   Code   RO         1676    .text.TIM_OC2_SetConfig  stm32g4xx_hal_tim.o
    0x080075ac   0x080075ac   0x0000016e   Code   RO         1678    .text.TIM_OC3_SetConfig  stm32g4xx_hal_tim.o
    0x0800771a   0x0800771a   0x00000002   PAD
    0x0800771c   0x0800771c   0x00000170   Code   RO         1680    .text.TIM_OC4_SetConfig  stm32g4xx_hal_tim.o
    0x0800788c   0x0800788c   0x000000d2   Code   RO         1682    .text.TIM_OC5_SetConfig  stm32g4xx_hal_tim.o
    0x0800795e   0x0800795e   0x00000002   PAD
    0x08007960   0x08007960   0x000000d4   Code   RO         1684    .text.TIM_OC6_SetConfig  stm32g4xx_hal_tim.o
    0x08007a34   0x08007a34   0x00000010   Code   RO          146    .text.UART4_IRQHandler  stm32g4xx_it.o
    0x08007a44   0x08007a44   0x00000086   Code   RO         1374    .text.UARTEx_SetNbDataToProcess  stm32g4xx_hal_uart_ex.o
    0x08007aca   0x08007aca   0x00000002   PAD
    0x08007acc   0x08007acc   0x00000148   Code   RO         1210    .text.UART_AdvFeatureConfig  stm32g4xx_hal_uart.o
    0x08007c14   0x08007c14   0x00000146   Code   RO         1214    .text.UART_CheckIdleState  stm32g4xx_hal_uart.o
    0x08007d5a   0x08007d5a   0x00000002   PAD
    0x08007d5c   0x08007d5c   0x0000001e   Code   RO         1296    .text.UART_DMAAbortOnError  stm32g4xx_hal_uart.o
    0x08007d7a   0x08007d7a   0x00000002   PAD
    0x08007d7c   0x08007d7c   0x0000009e   Code   RO         1266    .text.UART_EndRxTransfer  stm32g4xx_hal_uart.o
    0x08007e1a   0x08007e1a   0x00000002   PAD
    0x08007e1c   0x08007e1c   0x00000044   Code   RO         1302    .text.UART_EndTransmit_IT  stm32g4xx_hal_uart.o
    0x08007e60   0x08007e60   0x00000570   Code   RO         1212    .text.UART_SetConfig  stm32g4xx_hal_uart.o
    0x080083d0   0x080083d0   0x0000010c   Code   RO         1228    .text.UART_WaitOnFlagUntilTimeout  stm32g4xx_hal_uart.o
    0x080084dc   0x080084dc   0x00000010   Code   RO          140    .text.USART1_IRQHandler  stm32g4xx_it.o
    0x080084ec   0x080084ec   0x00000010   Code   RO          142    .text.USART2_IRQHandler  stm32g4xx_it.o
    0x080084fc   0x080084fc   0x00000010   Code   RO          144    .text.USART3_IRQHandler  stm32g4xx_it.o
    0x0800850c   0x0800850c   0x0000004e   Code   RO          257    .text.USBD_CDC_ConfigStrDescriptor  usbd_desc.o
    0x0800855a   0x0800855a   0x00000002   PAD
    0x0800855c   0x0800855c   0x000000c4   Code   RO         2048    .text.USBD_CDC_DataIn  usbd_cdc.o
    0x08008620   0x08008620   0x00000058   Code   RO         2050    .text.USBD_CDC_DataOut  usbd_cdc.o
    0x08008678   0x08008678   0x0000006e   Code   RO         2042    .text.USBD_CDC_DeInit  usbd_cdc.o
    0x080086e6   0x080086e6   0x00000002   PAD
    0x080086e8   0x080086e8   0x0000001a   Code   RO          247    .text.USBD_CDC_DeviceDescriptor  usbd_desc.o
    0x08008702   0x08008702   0x00000002   PAD
    0x08008704   0x08008704   0x00000060   Code   RO         2046    .text.USBD_CDC_EP0_RxReady  usbd_cdc.o
    0x08008764   0x08008764   0x00000016   Code   RO         2058    .text.USBD_CDC_GetDeviceQualifierDescriptor  usbd_cdc.o
    0x0800877a   0x0800877a   0x00000002   PAD
    0x0800877c   0x0800877c   0x00000016   Code   RO         2054    .text.USBD_CDC_GetFSCfgDesc  usbd_cdc.o
    0x08008792   0x08008792   0x00000002   PAD
    0x08008794   0x08008794   0x00000016   Code   RO         2052    .text.USBD_CDC_GetHSCfgDesc  usbd_cdc.o
    0x080087aa   0x080087aa   0x00000002   PAD
    0x080087ac   0x080087ac   0x00000016   Code   RO         2056    .text.USBD_CDC_GetOtherSpeedCfgDesc  usbd_cdc.o
    0x080087c2   0x080087c2   0x00000002   PAD
    0x080087c4   0x080087c4   0x0000010e   Code   RO         2040    .text.USBD_CDC_Init  usbd_cdc.o
    0x080088d2   0x080088d2   0x00000002   PAD
    0x080088d4   0x080088d4   0x0000004e   Code   RO          259    .text.USBD_CDC_InterfaceStrDescriptor  usbd_desc.o
    0x08008922   0x08008922   0x00000002   PAD
    0x08008924   0x08008924   0x0000001a   Code   RO          249    .text.USBD_CDC_LangIDStrDescriptor  usbd_desc.o
    0x0800893e   0x0800893e   0x00000002   PAD
    0x08008940   0x08008940   0x00000028   Code   RO          251    .text.USBD_CDC_ManufacturerStrDescriptor  usbd_desc.o
    0x08008968   0x08008968   0x0000004e   Code   RO          253    .text.USBD_CDC_ProductStrDescriptor  usbd_desc.o
    0x080089b6   0x080089b6   0x00000002   PAD
    0x080089b8   0x080089b8   0x0000005e   Code   RO         2068    .text.USBD_CDC_ReceivePacket  usbd_cdc.o
    0x08008a16   0x08008a16   0x00000002   PAD
    0x08008a18   0x08008a18   0x0000002c   Code   RO         2060    .text.USBD_CDC_RegisterInterface  usbd_cdc.o
    0x08008a44   0x08008a44   0x00000020   Code   RO          255    .text.USBD_CDC_SerialStrDescriptor  usbd_desc.o
    0x08008a64   0x08008a64   0x00000034   Code   RO         2064    .text.USBD_CDC_SetRxBuffer  usbd_cdc.o
    0x08008a98   0x08008a98   0x0000003e   Code   RO         2062    .text.USBD_CDC_SetTxBuffer  usbd_cdc.o
    0x08008ad6   0x08008ad6   0x00000002   PAD
    0x08008ad8   0x08008ad8   0x0000019c   Code   RO         2044    .text.USBD_CDC_Setup  usbd_cdc.o
    0x08008c74   0x08008c74   0x0000002a   Code   RO         1948    .text.USBD_ClrClassConfig  usbd_core.o
    0x08008c9e   0x08008c9e   0x00000002   PAD
    0x08008ca0   0x08008ca0   0x00000040   Code   RO         1995    .text.USBD_ClrFeature  usbd_ctlreq.o
    0x08008ce0   0x08008ce0   0x0000001e   Code   RO         2025    .text.USBD_CtlContinueRx  usbd_ioreq.o
    0x08008cfe   0x08008cfe   0x00000002   PAD
    0x08008d00   0x08008d00   0x0000001e   Code   RO         2021    .text.USBD_CtlContinueSendData  usbd_ioreq.o
    0x08008d1e   0x08008d1e   0x00000002   PAD
    0x08008d20   0x08008d20   0x0000001c   Code   RO         1997    .text.USBD_CtlError  usbd_ctlreq.o
    0x08008d3c   0x08008d3c   0x00000036   Code   RO         2023    .text.USBD_CtlPrepareRx  usbd_ioreq.o
    0x08008d72   0x08008d72   0x00000002   PAD
    0x08008d74   0x08008d74   0x00000022   Code   RO         2029    .text.USBD_CtlReceiveStatus  usbd_ioreq.o
    0x08008d96   0x08008d96   0x00000002   PAD
    0x08008d98   0x08008d98   0x00000032   Code   RO         2019    .text.USBD_CtlSendData  usbd_ioreq.o
    0x08008dca   0x08008dca   0x00000002   PAD
    0x08008dcc   0x08008dcc   0x00000022   Code   RO         2027    .text.USBD_CtlSendStatus  usbd_ioreq.o
    0x08008dee   0x08008dee   0x00000002   PAD
    0x08008df0   0x08008df0   0x00000064   Code   RO         1989    .text.USBD_GetConfig  usbd_ctlreq.o
    0x08008e54   0x08008e54   0x0000031e   Code   RO         1983    .text.USBD_GetDescriptor  usbd_ctlreq.o
    0x08009172   0x08009172   0x00000002   PAD
    0x08009174   0x08009174   0x00000032   Code   RO         2009    .text.USBD_GetLen   usbd_ctlreq.o
    0x080091a6   0x080091a6   0x00000002   PAD
    0x080091a8   0x080091a8   0x00000062   Code   RO         1991    .text.USBD_GetStatus  usbd_ctlreq.o
    0x0800920a   0x0800920a   0x00000002   PAD
    0x0800920c   0x0800920c   0x00000098   Code   RO         2007    .text.USBD_GetString  usbd_ctlreq.o
    0x080092a4   0x080092a4   0x00000052   Code   RO          195    .text.USBD_Get_USB_Status  usbd_conf.o
    0x080092f6   0x080092f6   0x00000002   PAD
    0x080092f8   0x080092f8   0x0000006a   Code   RO         1934    .text.USBD_Init     usbd_core.o
    0x08009362   0x08009362   0x00000002   PAD
    0x08009364   0x08009364   0x0000003a   Code   RO          209    .text.USBD_LL_ClearStallEP  usbd_conf.o
    0x0800939e   0x0800939e   0x00000002   PAD
    0x080093a0   0x080093a0   0x0000003a   Code   RO          203    .text.USBD_LL_CloseEP  usbd_conf.o
    0x080093da   0x080093da   0x00000002   PAD
    0x080093dc   0x080093dc   0x0000014c   Code   RO         1954    .text.USBD_LL_DataInStage  usbd_core.o
    0x08009528   0x08009528   0x000000f6   Code   RO         1952    .text.USBD_LL_DataOutStage  usbd_core.o
    0x0800961e   0x0800961e   0x00000002   PAD
    0x08009620   0x08009620   0x0000001c   Code   RO          219    .text.USBD_LL_GetRxDataSize  usbd_conf.o
    0x0800963c   0x0800963c   0x000000a4   Code   RO          191    .text.USBD_LL_Init  usbd_conf.o
    0x080096e0   0x080096e0   0x0000005a   Code   RO          211    .text.USBD_LL_IsStallEP  usbd_conf.o
    0x0800973a   0x0800973a   0x00000002   PAD
    0x0800973c   0x0800973c   0x0000004a   Code   RO          201    .text.USBD_LL_OpenEP  usbd_conf.o
    0x08009786   0x08009786   0x00000002   PAD
    0x08009788   0x08009788   0x00000042   Code   RO          217    .text.USBD_LL_PrepareReceive  usbd_conf.o
    0x080097ca   0x080097ca   0x00000002   PAD
    0x080097cc   0x080097cc   0x000000a0   Code   RO         1956    .text.USBD_LL_Reset  usbd_core.o
    0x0800986c   0x0800986c   0x00000024   Code   RO         1962    .text.USBD_LL_Resume  usbd_core.o
    0x08009890   0x08009890   0x0000004e   Code   RO         1964    .text.USBD_LL_SOF   usbd_core.o
    0x080098de   0x080098de   0x00000002   PAD
    0x080098e0   0x080098e0   0x00000016   Code   RO         1958    .text.USBD_LL_SetSpeed  usbd_core.o
    0x080098f6   0x080098f6   0x00000002   PAD
    0x080098f8   0x080098f8   0x0000003a   Code   RO          213    .text.USBD_LL_SetUSBAddress  usbd_conf.o
    0x08009932   0x08009932   0x00000002   PAD
    0x08009934   0x08009934   0x00000094   Code   RO         1950    .text.USBD_LL_SetupStage  usbd_core.o
    0x080099c8   0x080099c8   0x0000003a   Code   RO          207    .text.USBD_LL_StallEP  usbd_conf.o
    0x08009a02   0x08009a02   0x00000002   PAD
    0x08009a04   0x08009a04   0x00000032   Code   RO          197    .text.USBD_LL_Start  usbd_conf.o
    0x08009a36   0x08009a36   0x00000002   PAD
    0x08009a38   0x08009a38   0x0000001e   Code   RO         1960    .text.USBD_LL_Suspend  usbd_core.o
    0x08009a56   0x08009a56   0x00000002   PAD
    0x08009a58   0x08009a58   0x00000042   Code   RO          215    .text.USBD_LL_Transmit  usbd_conf.o
    0x08009a9a   0x08009a9a   0x00000002   PAD
    0x08009a9c   0x08009a9c   0x00000062   Code   RO         2003    .text.USBD_ParseSetupRequest  usbd_ctlreq.o
    0x08009afe   0x08009afe   0x00000002   PAD
    0x08009b00   0x08009b00   0x00000056   Code   RO         1938    .text.USBD_RegisterClass  usbd_core.o
    0x08009b56   0x08009b56   0x00000002   PAD
    0x08009b58   0x08009b58   0x0000000a   Code   RO         1944    .text.USBD_RunTestMode  usbd_core.o
    0x08009b62   0x08009b62   0x00000002   PAD
    0x08009b64   0x08009b64   0x0000008c   Code   RO         1985    .text.USBD_SetAddress  usbd_ctlreq.o
    0x08009bf0   0x08009bf0   0x00000036   Code   RO         1946    .text.USBD_SetClassConfig  usbd_core.o
    0x08009c26   0x08009c26   0x00000002   PAD
    0x08009c28   0x08009c28   0x00000176   Code   RO         1987    .text.USBD_SetConfig  usbd_ctlreq.o
    0x08009d9e   0x08009d9e   0x00000002   PAD
    0x08009da0   0x08009da0   0x00000026   Code   RO         1993    .text.USBD_SetFeature  usbd_ctlreq.o
    0x08009dc6   0x08009dc6   0x00000002   PAD
    0x08009dc8   0x08009dc8   0x00000010   Code   RO         1940    .text.USBD_Start    usbd_core.o
    0x08009dd8   0x08009dd8   0x000000c4   Code   RO         1981    .text.USBD_StdDevReq  usbd_ctlreq.o
    0x08009e9c   0x08009e9c   0x00000318   Code   RO         2001    .text.USBD_StdEPReq  usbd_ctlreq.o
    0x0800a1b4   0x0800a1b4   0x0000009a   Code   RO         1999    .text.USBD_StdItfReq  usbd_ctlreq.o
    0x0800a24e   0x0800a24e   0x00000002   PAD
    0x0800a250   0x0800a250   0x00000008   Code   RO          227    .text.USBD_static_free  usbd_conf.o
    0x0800a258   0x0800a258   0x00000010   Code   RO          225    .text.USBD_static_malloc  usbd_conf.o
    0x0800a268   0x0800a268   0x00000886   Code   RO          416    .text.USB_ActivateEndpoint  stm32g4xx_ll_usb.o
    0x0800aaee   0x0800aaee   0x00000002   PAD
    0x0800aaf0   0x0800aaf0   0x00000360   Code   RO          418    .text.USB_DeactivateEndpoint  stm32g4xx_ll_usb.o
    0x0800ae50   0x0800ae50   0x00000018   Code   RO          434    .text.USB_DevConnect  stm32g4xx_ll_usb.o
    0x0800ae68   0x0800ae68   0x00000028   Code   RO          410    .text.USB_DevInit   stm32g4xx_ll_usb.o
    0x0800ae90   0x0800ae90   0x0000001e   Code   RO          406    .text.USB_DisableGlobalInt  stm32g4xx_ll_usb.o
    0x0800aeae   0x0800aeae   0x00000002   PAD
    0x0800aeb0   0x0800aeb0   0x0000013a   Code   RO          426    .text.USB_EPClearStall  stm32g4xx_ll_usb.o
    0x0800afea   0x0800afea   0x00000002   PAD
    0x0800afec   0x0800afec   0x00000088   Code   RO          424    .text.USB_EPSetStall  stm32g4xx_ll_usb.o
    0x0800b074   0x0800b074   0x000009da   Code   RO          420    .text.USB_EPStartXfer  stm32g4xx_ll_usb.o
    0x0800ba4e   0x0800ba4e   0x00000002   PAD
    0x0800ba50   0x0800ba50   0x0000001e   Code   RO          404    .text.USB_EnableGlobalInt  stm32g4xx_ll_usb.o
    0x0800ba6e   0x0800ba6e   0x00000002   PAD
    0x0800ba70   0x0800ba70   0x00000010   Code   RO          138    .text.USB_LP_IRQHandler  stm32g4xx_it.o
    0x0800ba80   0x0800ba80   0x00000012   Code   RO          438    .text.USB_ReadInterrupts  stm32g4xx_ll_usb.o
    0x0800ba92   0x0800ba92   0x00000002   PAD
    0x0800ba94   0x0800ba94   0x00000084   Code   RO          444    .text.USB_ReadPMA   stm32g4xx_ll_usb.o
    0x0800bb18   0x0800bb18   0x00000020   Code   RO          432    .text.USB_SetDevAddress  stm32g4xx_ll_usb.o
    0x0800bb38   0x0800bb38   0x0000007a   Code   RO          422    .text.USB_WritePMA  stm32g4xx_ll_usb.o
    0x0800bbb2   0x0800bbb2   0x00000002   PAD
    0x0800bbb4   0x0800bbb4   0x00000004   Code   RO          128    .text.UsageFault_Handler  stm32g4xx_it.o
    0x0800bbb8   0x0800bbb8   0x00000030   Code   RO          957    .text.__NVIC_EnableIRQ  stm32g4xx_hal_cortex.o
    0x0800bbe8   0x0800bbe8   0x00000010   Code   RO          949    .text.__NVIC_GetPriorityGrouping  stm32g4xx_hal_cortex.o
    0x0800bbf8   0x0800bbf8   0x00000042   Code   RO          951    .text.__NVIC_SetPriority  stm32g4xx_hal_cortex.o
    0x0800bc3a   0x0800bc3a   0x00000002   PAD
    0x0800bc3c   0x0800bc3c   0x0000003c   Code   RO          945    .text.__NVIC_SetPriorityGrouping  stm32g4xx_hal_cortex.o
    0x0800bc78   0x0800bc78   0x000000d6   Code   RO           11    .text.main          main.o
    0x0800bd4e   0x0800bd4e   0x0000003e   Code   RO         2261    CL$$btod_d2e        c_w.l(btod.o)
    0x0800bd8c   0x0800bd8c   0x00000046   Code   RO         2263    CL$$btod_d2e_denorm_low  c_w.l(btod.o)
    0x0800bdd2   0x0800bdd2   0x00000060   Code   RO         2262    CL$$btod_d2e_norm_op1  c_w.l(btod.o)
    0x0800be32   0x0800be32   0x00000002   PAD
    0x0800be34   0x0800be34   0x00000338   Code   RO         2271    CL$$btod_div_common  c_w.l(btod.o)
    0x0800c16c   0x0800c16c   0x000000dc   Code   RO         2268    CL$$btod_e2e        c_w.l(btod.o)
    0x0800c248   0x0800c248   0x0000002a   Code   RO         2265    CL$$btod_ediv       c_w.l(btod.o)
    0x0800c272   0x0800c272   0x0000002a   Code   RO         2264    CL$$btod_emul       c_w.l(btod.o)
    0x0800c29c   0x0800c29c   0x00000244   Code   RO         2270    CL$$btod_mult_common  c_w.l(btod.o)
    0x0800c4e0   0x0800c4e0   0x00000030   Code   RO         2303    i.__ARM_fpclassify  m_wm.l(fpclassify.o)
    0x0800c510   0x0800c510   0x0000000e   Code   RO         2169    i._is_digit         c_w.l(__printf_wp.o)
    0x0800c51e   0x0800c51e   0x00000002   PAD
    0x0800c520   0x0800c520   0x0000002c   Code   RO         2286    locale$$code        c_w.l(lc_numeric_c.o)
    0x0800c54c   0x0800c54c   0x0000002c   Code   RO         2315    locale$$code        c_w.l(lc_ctype_c.o)
    0x0800c578   0x0800c578   0x0000001a   Code   RO         2389    x$fpl$fpinit        fz_wm.l(fpinit.o)
    0x0800c592   0x0800c592   0x00000004   Code   RO         2202    x$fpl$printf1       fz_wm.l(printf1.o)
    0x0800c596   0x0800c596   0x00000004   Code   RO         2204    x$fpl$printf2       fz_wm.l(printf2.o)
    0x0800c59a   0x0800c59a   0x00000000   Code   RO         2302    x$fpl$usenofp       fz_wm.l(usenofp.o)
    0x0800c59a   0x0800c59a   0x00000002   PAD
    0x0800c59c   0x0800c59c   0x00000008   Data   RO         2128    .constdata          c_w.l(_printf_wctomb.o)
    0x0800c5a4   0x0800c5a4   0x00000028   Data   RO         2157    .constdata          c_w.l(_printf_hex_int_ll_ptr.o)
    0x0800c5cc   0x0800c5cc   0x00000011   Data   RO         2177    .constdata          c_w.l(__printf_flags_ss_wp.o)
    0x0800c5dd   0x0800c5dd   0x00000026   Data   RO         2236    .constdata          c_w.l(_printf_fp_hex.o)
    0x0800c603   0x0800c603   0x00000001   PAD
    0x0800c604   0x0800c604   0x00000094   Data   RO         2259    .constdata          c_w.l(bigflt0.o)
    0x0800c698   0x0800c698   0x00000010   Data   RO         1925    .rodata.AHBPrescTable  system_stm32g4xx.o
    0x0800c6a8   0x0800c6a8   0x00000008   Data   RO         1926    .rodata.APBPrescTable  system_stm32g4xx.o
    0x0800c6b0   0x0800c6b0   0x00000008   Data   RO         1391    .rodata.UARTEx_SetNbDataToProcess.denominator  stm32g4xx_hal_uart_ex.o
    0x0800c6b8   0x0800c6b8   0x00000008   Data   RO         1390    .rodata.UARTEx_SetNbDataToProcess.numerator  stm32g4xx_hal_uart_ex.o
    0x0800c6c0   0x0800c6c0   0x00000018   Data   RO         1346    .rodata.UARTPrescTable  stm32g4xx_hal_uart.o
    0x0800c6d8   0x0800c6d8   0x00000089   Data   RO           18    .rodata.str1.1      main.o
    0x0800c761   0x0800c761   0x00000042   Data   RO          269    .rodata.str1.1      usbd_desc.o
    0x0800c7a3   0x0800c7a3   0x00000001   PAD
    0x0800c7a4   0x0800c7a4   0x00000020   Data   RO         2450    Region$$Table       anon$$obj.o
    0x0800c7c4   0x0800c7c4   0x0000001c   Data   RO         2285    locale$$data        c_w.l(lc_numeric_c.o)
    0x0800c7e0   0x0800c7e0   0x00000110   Data   RO         2314    locale$$data        c_w.l(lc_ctype_c.o)


    Execution Region RW_IRAM1 (Exec base: 0x20000000, Load base: 0x0800c8f0, Size: 0x00001fa8, Max: 0x00008000, ABSOLUTE, COMPRESSED[0x000000c8])

    Exec Addr    Load Addr    Size         Type   Attr      Idx    E Section Name        Object

    0x20000000   COMPRESSED   0x00000020   Data   RW          265    .data.CDC_Desc      usbd_desc.o
    0x20000020   COMPRESSED   0x00000004   Data   RW         1924    .data.SystemCoreClock  system_stm32g4xx.o
    0x20000024   COMPRESSED   0x00000038   Data   RW         2070    .data.USBD_CDC      usbd_cdc.o
    0x2000005c   COMPRESSED   0x00000043   Data   RW         2072    .data.USBD_CDC_CfgFSDesc  usbd_cdc.o
    0x2000009f   COMPRESSED   0x00000001   PAD
    0x200000a0   COMPRESSED   0x00000043   Data   RW         2073    .data.USBD_CDC_CfgHSDesc  usbd_cdc.o
    0x200000e3   COMPRESSED   0x00000001   PAD
    0x200000e4   COMPRESSED   0x00000012   Data   RW          266    .data.USBD_CDC_DeviceDesc  usbd_desc.o
    0x200000f6   COMPRESSED   0x00000002   PAD
    0x200000f8   COMPRESSED   0x0000000a   Data   RW         2071    .data.USBD_CDC_DeviceQualifierDesc  usbd_cdc.o
    0x20000102   COMPRESSED   0x00000002   PAD
    0x20000104   COMPRESSED   0x00000043   Data   RW         2074    .data.USBD_CDC_OtherSpeedCfgDesc  usbd_cdc.o
    0x20000147   COMPRESSED   0x00000001   PAD
    0x20000148   COMPRESSED   0x00000014   Data   RW          290    .data.USBD_Interface_fops_FS  usbd_cdc_if.o
    0x2000015c   COMPRESSED   0x00000004   Data   RW          267    .data.USBD_LangIDDesc  usbd_desc.o
    0x20000160   COMPRESSED   0x0000001a   Data   RW          268    .data.USBD_StringSerial  usbd_desc.o
    0x2000017a   COMPRESSED   0x00000002   PAD
    0x2000017c   COMPRESSED   0x00000004   Data   RW          530    .data.uwTickFreq    stm32g4xx_hal.o
    0x20000180   COMPRESSED   0x00000004   Data   RW          529    .data.uwTickPrio    stm32g4xx_hal.o
    0x20000184   COMPRESSED   0x00000004   PAD
    0x20000188        -       0x00000060   Zero   RW         2306    .bss                c_w.l(libspace.o)
    0x200001e8        -       0x00000001   Zero   RW         2011    .bss.USBD_SetConfig.cfgidx  usbd_ctlreq.o
    0x200001e9   COMPRESSED   0x00000003   PAD
    0x200001ec        -       0x00000200   Zero   RW          270    .bss.USBD_StrDesc   usbd_desc.o
    0x200003ec        -       0x00000220   Zero   RW          230    .bss.USBD_static_malloc.mem  usbd_conf.o
    0x2000060c        -       0x00000400   Zero   RW          291    .bss.UserRxBufferFS  usbd_cdc_if.o
    0x20000a0c        -       0x00000400   Zero   RW          292    .bss.UserTxBufferFS  usbd_cdc_if.o
    0x20000e0c        -       0x000002d0   Zero   RW          240    .bss.hUsbDeviceFS   usb_device.o
    0x200010dc        -       0x00000054   Zero   RW           43    .bss.hi2c1          i2c.o
    0x20001130        -       0x00000054   Zero   RW           44    .bss.hi2c2          i2c.o
    0x20001184        -       0x00000094   Zero   RW           66    .bss.hlpuart1       usart.o
    0x20001218        -       0x000002dc   Zero   RW          229    .bss.hpcd_USB_FS    usbd_conf.o
    0x200014f4        -       0x00000064   Zero   RW           86    .bss.hspi1          spi.o
    0x20001558        -       0x00000064   Zero   RW           87    .bss.hspi2          spi.o
    0x200015bc        -       0x0000004c   Zero   RW          109    .bss.htim2          tim.o
    0x20001608        -       0x0000004c   Zero   RW          110    .bss.htim3          tim.o
    0x20001654        -       0x0000004c   Zero   RW          111    .bss.htim4          tim.o
    0x200016a0        -       0x0000004c   Zero   RW          112    .bss.htim8          tim.o
    0x200016ec        -       0x00000094   Zero   RW           68    .bss.huart1         usart.o
    0x20001780        -       0x00000094   Zero   RW           69    .bss.huart2         usart.o
    0x20001814        -       0x00000094   Zero   RW           70    .bss.huart3         usart.o
    0x200018a8        -       0x00000094   Zero   RW           67    .bss.huart4         usart.o
    0x2000193c        -       0x00000064   Zero   RW           17    .bss.printfBuf      main.o
    0x200019a0        -       0x00000004   Zero   RW          531    .bss.uwTick         stm32g4xx_hal.o
    0x200019a4   COMPRESSED   0x00000004   PAD
    0x200019a8        -       0x00000200   Zero   RW            2    HEAP                startup_stm32g431xx.o
    0x20001ba8        -       0x00000400   Zero   RW            1    STACK               startup_stm32g431xx.o


==============================================================================

Image component sizes


      Code (inc. data)   RO Data    RW Data    ZI Data      Debug   Object Name

       242          0          0          0          0       2368   gpio.o
       682          0          0          0        168       6831   i2c.o
       348          0        137          0        100       5185   main.o
        22          0          0          0          0       1332   pom_esp32_c3.o
       496          0          0          0        200       5868   spi.o
        64         26        472          0       1536        848   startup_stm32g431xx.o
       222          0          0          8          4       8413   stm32g4xx_hal.o
       478          0          0          0          0       9403   stm32g4xx_hal_cortex.o
       350          0          0          0          0       7764   stm32g4xx_hal_dma.o
       916          0          0          0          0       5301   stm32g4xx_hal_gpio.o
       276          0          0          0          0      36737   stm32g4xx_hal_i2c.o
       314          0          0          0          0       6260   stm32g4xx_hal_i2c_ex.o
        72          0          0          0          0       1629   stm32g4xx_hal_msp.o
      6230          0          0          0          0      13711   stm32g4xx_hal_pcd.o
       180          0          0          0          0       5080   stm32g4xx_hal_pcd_ex.o
       454          0          0          0          0       7796   stm32g4xx_hal_pwr_ex.o
      3276          0          0          0          0       9385   stm32g4xx_hal_rcc.o
      1114          0          0          0          0      10896   stm32g4xx_hal_rcc_ex.o
       336          0          0          0          0      21273   stm32g4xx_hal_spi.o
      2870         22          0          0          0      37851   stm32g4xx_hal_tim.o
       622          0          0          0          0      21662   stm32g4xx_hal_tim_ex.o
      4510         48         24          0          0      27347   stm32g4xx_hal_uart.o
       562          0         16          0          0       8884   stm32g4xx_hal_uart_ex.o
       114          0          0          0          0       1491   stm32g4xx_it.o
      6446          4          0          0          0      10821   stm32g4xx_ll_usb.o
        18          0         24          4          0       2681   system_stm32g4xx.o
      1422          0          0          0        304       8502   tim.o
      1504          0          0          0        740       9678   usart.o
       118          0          0          0        720       3027   usb_device.o
      1512         12          0        267          0       9679   usbd_cdc.o
       206         36          0         20       2048       2597   usbd_cdc_if.o
      1384          4          0          0       1276      14849   usbd_conf.o
      1366          0          0          0          0       7251   usbd_core.o
      3136         46          0          0          1       8175   usbd_ctlreq.o
       572          0         66         80        512       3309   usbd_desc.o
       232          0          0          0          0       4089   usbd_ioreq.o

    ----------------------------------------------------------------------
     42882        198        772        388       7620     347973   Object Totals
         0          0         32          0          0          0   (incl. Generated)
       216          0          1          9         11          0   (incl. Padding)

    ----------------------------------------------------------------------

      Code (inc. data)   RO Data    RW Data    ZI Data      Debug   Library Member Name

        90          0          0          0          0          0   __dczerorl2.o
         8          0          0          0          0         68   __main.o
       392          4         17          0          0         92   __printf_flags_ss_wp.o
        14          0          0          0          0         68   __printf_wp.o
         0          0          0          0          0          0   __rtentry.o
        12          0          0          0          0          0   __rtentry2.o
         6          0          0          0          0          0   __rtentry4.o
        94          8          0          0          0          0   __scatter.o
        28          0          0          0          0          0   __scatter_zi.o
        72          0          0          0          0         96   _c16rtomb.o
         6          0          0          0          0          0   _printf_a.o
         6          0          0          0          0          0   _printf_c.o
        44          0          0          0          0        108   _printf_char.o
        48          6          0          0          0         96   _printf_char_common.o
        40          0          0          0          0         68   _printf_charcount.o
         6          0          0          0          0          0   _printf_d.o
       120         16          0          0          0         92   _printf_dec.o
         6          0          0          0          0          0   _printf_e.o
         6          0          0          0          0          0   _printf_f.o
      1052          0          0          0          0        148   _printf_fp_dec.o
       764          8         38          0          0        100   _printf_fp_hex.o
       128         16          0          0          0         84   _printf_fp_infnan.o
         6          0          0          0          0          0   _printf_g.o
       148          4         40          0          0        160   _printf_hex_int_ll_ptr.o
         6          0          0          0          0          0   _printf_i.o
       178          0          0          0          0         88   _printf_intcommon.o
        10          0          0          0          0          0   _printf_l.o
         6          0          0          0          0          0   _printf_lc.o
        10          0          0          0          0          0   _printf_ll.o
         6          0          0          0          0          0   _printf_lld.o
         6          0          0          0          0          0   _printf_lli.o
         6          0          0          0          0          0   _printf_llo.o
         6          0          0          0          0          0   _printf_llu.o
         6          0          0          0          0          0   _printf_llx.o
       124         16          0          0          0         92   _printf_longlong_dec.o
         6          0          0          0          0          0   _printf_ls.o
         6          0          0          0          0          0   _printf_n.o
         6          0          0          0          0          0   _printf_o.o
       112          8          0          0          0        124   _printf_oct_int_ll.o
         6          0          0          0          0          0   _printf_p.o
        78          0          0          0          0        108   _printf_pad.o
         0          0          0          0          0          0   _printf_percent.o
         4          0          0          0          0          0   _printf_percent_end.o
         6          0          0          0          0          0   _printf_s.o
        82          0          0          0          0         80   _printf_str.o
        36          0          0          0          0         84   _printf_truncate.o
         6          0          0          0          0          0   _printf_u.o
        44          0          0          0          0        108   _printf_wchar.o
       188          6          8          0          0         92   _printf_wctomb.o
         6          0          0          0          0          0   _printf_x.o
        10          0          0          0          0         68   _sputc.o
       228          4        148          0          0         96   bigflt0.o
      1936        128          0          0          0        668   btod.o
        18          0          0          0          0         80   exit.o
         6          0          0          0          0        152   heapauxi.o
         0          0          0          0          0          0   indicate_semi.o
        44         10        272          0          0         76   lc_ctype_c.o
        44         10         28          0          0         76   lc_numeric_c.o
         2          0          0          0          0          0   libinit.o
        34          0          0          0          0          0   libinit2.o
         2          0          0          0          0          0   libshutdown.o
         2          0          0          0          0          0   libshutdown2.o
         8          4          0          0         96         68   libspace.o
       138          0          0          0          0         80   lludiv10.o
       240          0          0          0          0        100   lludivv7m.o
        16          4          0          0          0         76   rt_ctype_table.o
         8          4          0          0          0         68   rt_locale_intlibspace.o
        78          0          0          0          0         80   rt_memclr_w.o
         2          0          0          0          0          0   rtexit.o
        10          0          0          0          0          0   rtexit2.o
        44          6          0          0          0         84   sprintf.o
       124          0          0          0          0         88   strcmpv7em.o
        12          4          0          0          0         68   sys_exit.o
        74          0          0          0          0         80   sys_stackheap_outer.o
         2          0          0          0          0         68   use_no_semi.o
        26          0          0          0          0        116   fpinit.o
         4          0          0          0          0        116   printf1.o
         4          0          0          0          0        116   printf2.o
         0          0          0          0          0          0   usenofp.o
        48          0          0          0          0        124   fpclassify.o

    ----------------------------------------------------------------------
      7234        270        552          0         96       4504   Library Totals
        24          4          1          0          0          0   (incl. Padding)

    ----------------------------------------------------------------------

      Code (inc. data)   RO Data    RW Data    ZI Data      Debug   Library Name

      7128        266        551          0         96       4032   c_w.l
        34          0          0          0          0        348   fz_wm.l
        48          0          0          0          0        124   m_wm.l

    ----------------------------------------------------------------------
      7234        270        552          0         96       4504   Library Totals

    ----------------------------------------------------------------------

==============================================================================


      Code (inc. data)   RO Data    RW Data    ZI Data      Debug   

     50116        468       1324        388       7716     349533   Grand Totals
     50116        468       1324        200       7716     349533   ELF Image Totals (compressed)
     50116        468       1324        200          0          0   ROM Totals

==============================================================================

    Total RO  Size (Code + RO Data)                51440 (  50.23kB)
    Total RW  Size (RW Data + ZI Data)              8104 (   7.91kB)
    Total ROM Size (Code + RO Data + RW Data)      51640 (  50.43kB)

==============================================================================

