Component: Arm Compiler for Embedded 6.22 Tool: armlink [5ee90200]

==============================================================================

Section Cross References

    startup_stm32g431xx.o(STACK) refers (Special) to heapauxi.o(.text) for __use_two_region_memory
    startup_stm32g431xx.o(HEAP) refers (Special) to heapauxi.o(.text) for __use_two_region_memory
    startup_stm32g431xx.o(RESET) refers (Special) to heapauxi.o(.text) for __use_two_region_memory
    startup_stm32g431xx.o(RESET) refers to startup_stm32g431xx.o(STACK) for __initial_sp
    startup_stm32g431xx.o(RESET) refers to startup_stm32g431xx.o(.text) for Reset_Handler
    startup_stm32g431xx.o(RESET) refers to stm32g4xx_it.o(.text.NMI_Handler) for NMI_Handler
    startup_stm32g431xx.o(RESET) refers to stm32g4xx_it.o(.text.HardFault_Handler) for HardFault_Handler
    startup_stm32g431xx.o(RESET) refers to stm32g4xx_it.o(.text.MemManage_Handler) for MemManage_Handler
    startup_stm32g431xx.o(RESET) refers to stm32g4xx_it.o(.text.BusFault_Handler) for BusFault_Handler
    startup_stm32g431xx.o(RESET) refers to stm32g4xx_it.o(.text.UsageFault_Handler) for UsageFault_Handler
    startup_stm32g431xx.o(RESET) refers to stm32g4xx_it.o(.text.SVC_Handler) for SVC_Handler
    startup_stm32g431xx.o(RESET) refers to stm32g4xx_it.o(.text.DebugMon_Handler) for DebugMon_Handler
    startup_stm32g431xx.o(RESET) refers to stm32g4xx_it.o(.text.PendSV_Handler) for PendSV_Handler
    startup_stm32g431xx.o(RESET) refers to stm32g4xx_it.o(.text.SysTick_Handler) for SysTick_Handler
    startup_stm32g431xx.o(RESET) refers to stm32g4xx_it.o(.text.ADC1_2_IRQHandler) for ADC1_2_IRQHandler
    startup_stm32g431xx.o(RESET) refers to stm32g4xx_it.o(.text.USB_LP_IRQHandler) for USB_LP_IRQHandler
    startup_stm32g431xx.o(RESET) refers to stm32g4xx_it.o(.text.USART1_IRQHandler) for USART1_IRQHandler
    startup_stm32g431xx.o(RESET) refers to stm32g4xx_it.o(.text.USART2_IRQHandler) for USART2_IRQHandler
    startup_stm32g431xx.o(RESET) refers to stm32g4xx_it.o(.text.USART3_IRQHandler) for USART3_IRQHandler
    startup_stm32g431xx.o(RESET) refers to stm32g4xx_it.o(.text.UART4_IRQHandler) for UART4_IRQHandler
    startup_stm32g431xx.o(.text) refers (Special) to heapauxi.o(.text) for __use_two_region_memory
    startup_stm32g431xx.o(.text) refers to system_stm32g4xx.o(.text.SystemInit) for SystemInit
    startup_stm32g431xx.o(.text) refers to __main.o(!!!main) for __main
    startup_stm32g431xx.o(.text) refers to startup_stm32g431xx.o(HEAP) for Heap_Mem
    startup_stm32g431xx.o(.text) refers to startup_stm32g431xx.o(STACK) for Stack_Mem
    main.o(.text) refers (Special) to _printf_percent.o(.ARM.Collect$$_printf_percent$$00000000) for _printf_percent
    main.o(.text) refers (Special) to _printf_s.o(.ARM.Collect$$_printf_percent$$00000014) for _printf_s
    main.o(.text) refers (Special) to _printf_d.o(.ARM.Collect$$_printf_percent$$00000009) for _printf_d
    main.o(.text) refers (Special) to _printf_dec.o(.text) for _printf_int_dec
    main.o(.text) refers (Special) to _printf_str.o(.text) for _printf_str
    main.o(.text.main) refers (Special) to _printf_percent.o(.ARM.Collect$$_printf_percent$$00000000) for _printf_percent
    main.o(.text.main) refers (Special) to _printf_s.o(.ARM.Collect$$_printf_percent$$00000014) for _printf_s
    main.o(.text.main) refers (Special) to _printf_d.o(.ARM.Collect$$_printf_percent$$00000009) for _printf_d
    main.o(.text.main) refers (Special) to _printf_dec.o(.text) for _printf_int_dec
    main.o(.text.main) refers (Special) to _printf_str.o(.text) for _printf_str
    main.o(.text.main) refers to stm32g4xx_hal.o(.text.HAL_Init) for HAL_Init
    main.o(.text.main) refers to stm32g4xx_hal_pwr_ex.o(.text.HAL_PWREx_ControlVoltageScaling) for HAL_PWREx_ControlVoltageScaling
    main.o(.text.main) refers to stm32g4xx_hal_rcc.o(.text.HAL_RCC_OscConfig) for HAL_RCC_OscConfig
    main.o(.text.main) refers to stm32g4xx_hal_rcc.o(.text.HAL_RCC_ClockConfig) for HAL_RCC_ClockConfig
    main.o(.text.main) refers to gpio.o(.text.MX_GPIO_Init) for MX_GPIO_Init
    main.o(.text.main) refers to usb_device.o(.text.MX_USB_Device_Init) for MX_USB_Device_Init
    main.o(.text.main) refers to usart.o(.text.MX_USART2_UART_Init) for MX_USART2_UART_Init
    main.o(.text.main) refers to usart.o(.text.MX_USART3_UART_Init) for MX_USART3_UART_Init
    main.o(.text.main) refers to usart.o(.text.MX_UART4_Init) for MX_UART4_Init
    main.o(.text.main) refers to i2c.o(.text.MX_I2C1_Init) for MX_I2C1_Init
    main.o(.text.main) refers to usart.o(.text.MX_LPUART1_UART_Init) for MX_LPUART1_UART_Init
    main.o(.text.main) refers to usart.o(.text.MX_USART1_UART_Init) for MX_USART1_UART_Init
    main.o(.text.main) refers to i2c.o(.text.MX_I2C2_Init) for MX_I2C2_Init
    main.o(.text.main) refers to spi.o(.text.MX_SPI1_Init) for MX_SPI1_Init
    main.o(.text.main) refers to spi.o(.text.MX_SPI2_Init) for MX_SPI2_Init
[...]
    __scatterload_zeroinit                   0x0800029d   Thumb Code    28  __scatter_zi.o(!!handler_zi)
    _printf_d                                0x080002b9   Thumb Code     0  _printf_d.o(.ARM.Collect$$_printf_percent$$00000009)
    _printf_percent                          0x080002b9   Thumb Code     0  _printf_percent.o(.ARM.Collect$$_printf_percent$$00000000)
    _printf_s                                0x080002bf   Thumb Code     0  _printf_s.o(.ARM.Collect$$_printf_percent$$00000014)
    _printf_percent_end                      0x080002c5   Thumb Code     0  _printf_percent_end.o(.ARM.Collect$$_printf_percent$$00000017)
    __rt_lib_init                            0x080002c9   Thumb Code     0  libinit.o(.ARM.Collect$$libinit$$00000000)
    __rt_lib_init_fp_1                       0x080002cb   Thumb Code     0  libinit2.o(.ARM.Collect$$libinit$$00000001)
    __rt_lib_init_alloca_1                   0x080002cf   Thumb Code     0  libinit2.o(.ARM.Collect$$libinit$$00000030)
    __rt_lib_init_argv_1                     0x080002cf   Thumb Code     0  libinit2.o(.ARM.Collect$$libinit$$0000002E)
    __rt_lib_init_atexit_1                   0x080002cf   Thumb Code     0  libinit2.o(.ARM.Collect$$libinit$$0000001D)
    __rt_lib_init_clock_1                    0x080002cf   Thumb Code     0  libinit2.o(.ARM.Collect$$libinit$$00000023)
    __rt_lib_init_cpp_1                      0x080002cf   Thumb Code     0  libinit2.o(.ARM.Collect$$libinit$$00000034)
    __rt_lib_init_exceptions_1               0x080002cf   Thumb Code     0  libinit2.o(.ARM.Collect$$libinit$$00000032)
    __rt_lib_init_fp_trap_1                  0x080002cf   Thumb Code     0  libinit2.o(.ARM.Collect$$libinit$$00000021)
    __rt_lib_init_getenv_1                   0x080002cf   Thumb Code     0  libinit2.o(.ARM.Collect$$libinit$$00000025)
    __rt_lib_init_heap_1                     0x080002cf   Thumb Code     0  libinit2.o(.ARM.Collect$$libinit$$0000000C)
    __rt_lib_init_lc_collate_1               0x080002cf   Thumb Code     0  libinit2.o(.ARM.Collect$$libinit$$00000013)
    __rt_lib_init_lc_ctype_1                 0x080002cf   Thumb Code     0  libinit2.o(.ARM.Collect$$libinit$$00000015)
    __rt_lib_init_lc_monetary_1              0x080002cf   Thumb Code     0  libinit2.o(.ARM.Collect$$libinit$$00000017)
    __rt_lib_init_lc_numeric_1               0x080002cf   Thumb Code     0  libinit2.o(.ARM.Collect$$libinit$$00000019)
    __rt_lib_init_lc_time_1                  0x080002cf   Thumb Code     0  libinit2.o(.ARM.Collect$$libinit$$0000001B)
    __rt_lib_init_preinit_1                  0x080002cf   Thumb Code     0  libinit2.o(.ARM.Collect$$libinit$$00000006)
    __rt_lib_init_rand_1                     0x080002cf   Thumb Code     0  libinit2.o(.ARM.Collect$$libinit$$00000010)
    __rt_lib_init_relocate_pie_1             0x080002cf   Thumb Code     0  libinit2.o(.ARM.Collect$$libinit$$00000004)
    __rt_lib_init_return                     0x080002cf   Thumb Code     0  libinit2.o(.ARM.Collect$$libinit$$00000035)
    __rt_lib_init_signal_1                   0x080002cf   Thumb Code     0  libinit2.o(.ARM.Collect$$libinit$$0000001F)
    __rt_lib_init_stdio_1                    0x080002cf   Thumb Code     0  libinit2.o(.ARM.Collect$$libinit$$00000027)
    __rt_lib_init_user_alloc_1               0x080002cf   Thumb Code     0  libinit2.o(.ARM.Collect$$libinit$$0000000E)
    __rt_lib_shutdown                        0x080002d1   Thumb Code     0  libshutdown.o(.ARM.Collect$$libshutdown$$00000000)
    __rt_lib_shutdown_cpp_1                  0x080002d3   Thumb Code     0  libshutdown2.o(.ARM.Collect$$libshutdown$$00000002)
    __rt_lib_shutdown_fp_trap_1              0x080002d3   Thumb Code     0  libshutdown2.o(.ARM.Collect$$libshutdown$$00000007)
    __rt_lib_shutdown_heap_1                 0x080002d3   Thumb Code     0  libshutdown2.o(.ARM.Collect$$libshutdown$$0000000F)
    __rt_lib_shutdown_return                 0x080002d3   Thumb Code     0  libshutdown2.o(.ARM.Collect$$libshutdown$$00000010)
    __rt_lib_shutdown_signal_1               0x080002d3   Thumb Code     0  libshutdown2.o(.ARM.Collect$$libshutdown$$0000000A)
    __rt_lib_shutdown_stdio_1                0x080002d3   Thumb Code     0  libshutdown2.o(.ARM.Collect$$libshutdown$$00000004)
    __rt_lib_shutdown_user_alloc_1           0x080002d3   Thumb Code     0  libshutdown2.o(.ARM.Collect$$libshutdown$$0000000C)
    __rt_entry                               0x080002d5   Thumb Code     0  __rtentry.o(.ARM.Collect$$rtentry$$00000000)
    __rt_entry_presh_1                       0x080002d5   Thumb Code     0  __rtentry2.o(.ARM.Collect$$rtentry$$00000002)
    __rt_entry_sh                            0x080002d5   Thumb Code     0  __rtentry4.o(.ARM.Collect$$rtentry$$00000004)
    __rt_entry_li                            0x080002db   Thumb Code     0  __rtentry2.o(.ARM.Collect$$rtentry$$0000000A)
    __rt_entry_postsh_1                      0x080002db   Thumb Code     0  __rtentry2.o(.ARM.Collect$$rtentry$$00000009)
    __rt_entry_main                          0x080002df   Thumb Code     0  __rtentry2.o(.ARM.Collect$$rtentry$$0000000D)
    __rt_entry_postli_1                      0x080002df   Thumb Code     0  __rtentry2.o(.ARM.Collect$$rtentry$$0000000C)
    __rt_exit                                0x080002e7   Thumb Code     0  rtexit.o(.ARM.Collect$$rtexit$$00000000)
    __rt_exit_ls                             0x080002e9   Thumb Code     0  rtexit2.o(.ARM.Collect$$rtexit$$00000003)
    __rt_exit_prels_1                        0x080002e9   Thumb Code     0  rtexit2.o(.ARM.Collect$$rtexit$$00000002)
    __rt_exit_exit                           0x080002ed   Thumb Code     0  rtexit2.o(.ARM.Collect$$rtexit$$00000004)
    Reset_Handler                            0x080002f5   Thumb Code     8  startup_stm32g431xx.o(.text)
    COMP1_2_3_IRQHandler                     0x0800030f   Thumb Code     0  startup_stm32g431xx.o(.text)
    COMP4_IRQHandler                         0x0800030f   Thumb Code     0  startup_stm32g431xx.o(.text)
    CORDIC_IRQHandler                        0x0800030f   Thumb Code     0  startup_stm32g431xx.o(.text)
    CRS_IRQHandler                           0x0800030f   Thumb Code     0  startup_stm32g431xx.o(.text)
    DMA1_Channel1_IRQHandler                 0x0800030f   Thumb Code     0  startup_stm32g431xx.o(.text)
    DMA1_Channel2_IRQHandler                 0x0800030f   Thumb Code     0  startup_stm32g431xx.o(.text)
    DMA1_Channel3_IRQHandler                 0x0800030f   Thumb Code     0  startup_stm32g431xx.o(.text)
    DMA1_Channel4_IRQHandler                 0x0800030f   Thumb Code     0  startup_stm32g431xx.o(.text)
    DMA1_Channel5_IRQHandler                 0x0800030f   Thumb Code     0  startup_stm32g431xx.o(.text)
    DMA1_Channel6_IRQHandler                 0x0800030f   Thumb Code     0  startup_stm32g431xx.o(.text)
    DMA2_Channel1_IRQHandler                 0x0800030f   Thumb Code     0  startup_stm32g431xx.o(.text)
    DMA2_Channel2_IRQHandler                 0x0800030f   Thumb Code     0  startup_stm32g431xx.o(.text)
    DMA2_Channel3_IRQHandler                 0x0800030f   Thumb Code     0  startup_stm32g431xx.o(.text)
    DMA2_Channel4_IRQHandler                 0x0800030f   Thumb Code     0  startup_stm32g431xx.o(.text)
    DMA2_Channel5_IRQHandler                 0x0800030f   Thumb Code     0  startup_stm32g431xx.o(.text)
    DMA2_Channel6_IRQHandler                 0x0800030f   Thumb Code     0  startup_stm32g431xx.o(.text)
    DMAMUX_OVR_IRQHandler                    0x0800030f   Thumb Code     0  startup_stm32g431xx.o(.text)
    EXTI0_IRQHandler                         0x0800030f   Thumb Code     0  startup_stm32g431xx.o(.text)
    EXTI15_10_IRQHandler                     0x0800030f   Thumb Code     0  startup_stm32g431xx.o(.text)
    EXTI1_IRQHandler                         0x0800030f   Thumb Code     0  startup_stm32g431xx.o(.text)
    EXTI2_IRQHandler                         0x0800030f   Thumb Code     0  startup_stm32g431xx.o(.text)
    EXTI3_IRQHandler                         0x0800030f   Thumb Code     0  startup_stm32g431xx.o(.text)
    EXTI4_IRQHandler                         0x0800030f   Thumb Code     0  startup_stm32g431xx.o(.text)
    EXTI9_5_IRQHandler                       0x0800030f   Thumb Code     0  startup_stm32g431xx.o(.text)
    FDCAN1_IT0_IRQHandler                    0x0800030f   Thumb Code     0  startup_stm32g431xx.o(.text)
    FDCAN1_IT1_IRQHandler                    0x0800030f   Thumb Code     0  startup_stm32g431xx.o(.text)
    FLASH_IRQHandler                         0x0800030f   Thumb Code     0  startup_stm32g431xx.o(.text)
    FMAC_IRQHandler                          0x0800030f   Thumb Code     0  startup_stm32g431xx.o(.text)
    FPU_IRQHandler                           0x0800030f   Thumb Code     0  startup_stm32g431xx.o(.text)
    I2C1_ER_IRQHandler                       0x0800030f   Thumb Code     0  startup_stm32g431xx.o(.text)
    I2C1_EV_IRQHandler                       0x0800030f   Thumb Code     0  startup_stm32g431xx.o(.text)
    I2C2_ER_IRQHandler                       0x0800030f   Thumb Code     0  startup_stm32g431xx.o(.text)
    I2C2_EV_IRQHandler                       0x0800030f   Thumb Code     0  startup_stm32g431xx.o(.text)
    I2C3_ER_IRQHandler                       0x0800030f   Thumb Code     0  startup_stm32g431xx.o(.text)
    I2C3_EV_IRQHandler                       0x0800030f   Thumb Code     0  startup_stm32g431xx.o(.text)
    LPTIM1_IRQHandler                        0x0800030f   Thumb Code     0  startup_stm32g431xx.o(.text)
    LPUART1_IRQHandler                       0x0800030f   Thumb Code     0  startup_stm32g431xx.o(.text)
    PVD_PVM_IRQHandler                       0x0800030f   Thumb Code     0  startup_stm32g431xx.o(.text)
    RCC_IRQHandler                           0x0800030f   Thumb Code     0  startup_stm32g431xx.o(.text)
    RNG_IRQHandler                           0x0800030f   Thumb Code     0  startup_stm32g431xx.o(.text)
    RTC_Alarm_IRQHandler                     0x0800030f   Thumb Code     0  startup_stm32g431xx.o(.text)
    RTC_TAMP_LSECSS_IRQHandler               0x0800030f   Thumb Code     0  startup_stm32g431xx.o(.text)
    RTC_WKUP_IRQHandler                      0x0800030f   Thumb Code     0  startup_stm32g431xx.o(.text)
    SAI1_IRQHandler                          0x0800030f   Thumb Code     0  startup_stm32g431xx.o(.text)
    SPI1_IRQHandler                          0x0800030f   Thumb Code     0  startup_stm32g431xx.o(.text)
    SPI2_IRQHandler                          0x0800030f   Thumb Code     0  startup_stm32g431xx.o(.text)
    SPI3_IRQHandler                          0x0800030f   Thumb Code     0  startup_stm32g431xx.o(.text)
    TIM1_BRK_TIM15_IRQHandler                0x0800030f   Thumb Code     0  startup_stm32g431xx.o(.text)
    TIM1_CC_IRQHandler                       0x0800030f   Thumb Code     0  startup_stm32g431xx.o(.text)
    TIM1_TRG_COM_TIM17_IRQHandler            0x0800030f   Thumb Code     0  startup_stm32g431xx.o(.text)
    TIM1_UP_TIM16_IRQHandler                 0x0800030f   Thumb Code     0  startup_stm32g431xx.o(.text)
    TIM2_IRQHandler                          0x0800030f   Thumb Code     0  startup_stm32g431xx.o(.text)
    TIM3_IRQHandler                          0x0800030f   Thumb Code     0  startup_stm32g431xx.o(.text)
    TIM4_IRQHandler                          0x0800030f   Thumb Code     0  startup_stm32g431xx.o(.text)
    TIM6_DAC_IRQHandler                      0x0800030f   Thumb Code     0  startup_stm32g431xx.o(.text)
    TIM7_IRQHandler                          0x0800030f   Thumb Code     0  startup_stm32g431xx.o(.text)
    TIM8_BRK_IRQHandler                      0x0800030f   Thumb Code     0  startup_stm32g431xx.o(.text)
    TIM8_CC_IRQHandler                       0x0800030f   Thumb Code     0  startup_stm32g431xx.o(.text)
    TIM8_TRG_COM_IRQHandler                  0x0800030f   Thumb Code     0  startup_stm32g431xx.o(.text)
    TIM8_UP_IRQHandler                       0x0800030f   Thumb Code     0  startup_stm32g431xx.o(.text)
    UCPD1_IRQHandler                         0x0800030f   Thumb Code     0  startup_stm32g431xx.o(.text)
    USBWakeUp_IRQHandler                     0x0800030f   Thumb Code     0  startup_stm32g431xx.o(.text)
    USB_HP_IRQHandler                        0x0800030f   Thumb Code     0  startup_stm32g431xx.o(.text)
    WWDG_IRQHandler                          0x0800030f   Thumb Code     0  startup_stm32g431xx.o(.text)
    __user_initial_stackheap                 0x08000311   Thumb Code     0  startup_stm32g431xx.o(.text)
    __aeabi_uldivmod                         0x08000335   Thumb Code     0  lludivv7m.o(.text)
    _ll_udiv                                 0x08000335   Thumb Code   240  lludivv7m.o(.text)
    __2sprintf                               0x08000425   Thumb Code    38  __2sprintf.o(.text)
    __printf                                 0x08000451   Thumb Code   104  __printf.o(.text)
    _printf_str                              0x080004b9   Thumb Code    82  _printf_str.o(.text)
    _printf_int_dec                          0x0800050d   Thumb Code   104  _printf_dec.o(.text)
    __aeabi_memclr4                          0x08000585   Thumb Code     0  rt_memclr_w.o(.text)
    __aeabi_memclr8                          0x08000585   Thumb Code     0  rt_memclr_w.o(.text)
    __rt_memclr_w                            0x08000585   Thumb Code     0  rt_memclr_w.o(.text)
    _memset_w                                0x08000589   Thumb Code    74  rt_memclr_w.o(.text)
    __use_two_region_memory                  0x080005d3   Thumb Code     2  heapauxi.o(.text)
    __rt_heap_escrow$2region                 0x080005d5   Thumb Code     2  heapauxi.o(.text)
    __rt_heap_expand$2region                 0x080005d7   Thumb Code     2  heapauxi.o(.text)
    _printf_int_common                       0x080005d9   Thumb Code   178  _printf_intcommon.o(.text)
    _printf_char_common                      0x08000697   Thumb Code    32  _printf_char_common.o(.text)
    _sputc                                   0x080006bd   Thumb Code    10  _sputc.o(.text)
    _printf_cs_common                        0x080006c7   Thumb Code    20  _printf_char.o(.text)
    _printf_char                             0x080006db   Thumb Code    16  _printf_char.o(.text)
    _printf_string                           0x080006eb   Thumb Code     8  _printf_char.o(.text)
    __user_setup_stackheap                   0x080006f3   Thumb Code    74  sys_stackheap_outer.o(.text)
    exit                                     0x0800073d   Thumb Code    18  exit.o(.text)
    __user_libspace                          0x08000751   Thumb Code     8  libspace.o(.text)
    __user_perproc_libspace                  0x08000751   Thumb Code     0  libspace.o(.text)
    __user_perthread_libspace                0x08000751   Thumb Code     0  libspace.o(.text)
    _sys_exit                                0x08000759   Thumb Code     8  sys_exit.o(.text)
    __I$use$semihosting                      0x08000765   Thumb Code     0  use_no_semi.o(.text)
    __use_no_semihosting_swi                 0x08000765   Thumb Code     2  use_no_semi.o(.text)
    __semihosting_library_function           0x08000767   Thumb Code     0  indicate_semi.o(.text)
    ADC1_2_IRQHandler                        0x08000769   Thumb Code    12  stm32g4xx_it.o(.text.ADC1_2_IRQHandler)
    ADC_Disable                              0x08000775   Thumb Code   124  stm32g4xx_hal_adc.o(.text.ADC_Disable)
    ADC_Enable                               0x080007f1   Thumb Code   246  stm32g4xx_hal_adc.o(.text.ADC_Enable)
    BusFault_Handler                         0x080008e9   Thumb Code     2  stm32g4xx_it.o(.text.BusFault_Handler)
    CDC_Transmit_FS                          0x08000941   Thumb Code    54  usbd_cdc_if.o(.text.CDC_Transmit_FS)
    DebugMon_Handler                         0x08000979   Thumb Code     2  stm32g4xx_it.o(.text.DebugMon_Handler)
    Disable_ESP32_C3                         0x0800097d   Thumb Code    18  pom_esp32_c3.o(.text.Disable_ESP32_C3)
    Error_Handler                            0x08000991   Thumb Code    10  main.o(.text.Error_Handler)
    HAL_ADCEx_Calibration_Start              0x0800099d   Thumb Code   212  stm32g4xx_hal_adc_ex.o(.text.HAL_ADCEx_Calibration_Start)
    HAL_ADCEx_EndOfSamplingCallback          0x08000a71   Thumb Code     2  stm32g4xx_hal_adc_ex.o(.text.HAL_ADCEx_EndOfSamplingCallback)
    HAL_ADCEx_InjectedConvCpltCallback       0x08000a75   Thumb Code     2  stm32g4xx_hal_adc_ex.o(.text.HAL_ADCEx_InjectedConvCpltCallback)
    HAL_ADCEx_InjectedQueueOverflowCallback  0x08000a79   Thumb Code     2  stm32g4xx_hal_adc_ex.o(.text.HAL_ADCEx_InjectedQueueOverflowCallback)
    HAL_ADCEx_LevelOutOfWindow2Callback      0x08000a7d   Thumb Code     2  stm32g4xx_hal_adc_ex.o(.text.HAL_ADCEx_LevelOutOfWindow2Callback)
    HAL_ADCEx_LevelOutOfWindow3Callback      0x08000a81   Thumb Code     2  stm32g4xx_hal_adc_ex.o(.text.HAL_ADCEx_LevelOutOfWindow3Callback)
    HAL_ADCEx_MultiModeConfigChannel         0x08000a85   Thumb Code   184  stm32g4xx_hal_adc_ex.o(.text.HAL_ADCEx_MultiModeConfigChannel)
    HAL_ADC_ConfigChannel                    0x08000b3d   Thumb Code   922  stm32g4xx_hal_adc.o(.text.HAL_ADC_ConfigChannel)
    HAL_ADC_ConvCpltCallback                 0x08000ed9   Thumb Code    80  main.o(.text.HAL_ADC_ConvCpltCallback)
    HAL_ADC_ErrorCallback                    0x08000f61   Thumb Code     2  stm32g4xx_hal_adc.o(.text.HAL_ADC_ErrorCallback)
    HAL_ADC_GetValue                         0x08000f65   Thumb Code     6  stm32g4xx_hal_adc.o(.text.HAL_ADC_GetValue)
    HAL_ADC_IRQHandler                       0x08000f6d   Thumb Code   634  stm32g4xx_hal_adc.o(.text.HAL_ADC_IRQHandler)
    HAL_ADC_Init                             0x080011e9   Thumb Code   550  stm32g4xx_hal_adc.o(.text.HAL_ADC_Init)
    HAL_ADC_LevelOutOfWindowCallback         0x08001411   Thumb Code     2  stm32g4xx_hal_adc.o(.text.HAL_ADC_LevelOutOfWindowCallback)
    HAL_ADC_MspInit                          0x08001415   Thumb Code   100  adc.o(.text.HAL_ADC_MspInit)
    HAL_ADC_Start_IT                         0x08001479   Thumb Code   358  stm32g4xx_hal_adc.o(.text.HAL_ADC_Start_IT)
    HAL_DMA_Abort                            0x080015e1   Thumb Code   112  stm32g4xx_hal_dma.o(.text.HAL_DMA_Abort)
    HAL_DMA_Abort_IT                         0x08001651   Thumb Code   128  stm32g4xx_hal_dma.o(.text.HAL_DMA_Abort_IT)
    HAL_Delay                                0x080016d1   Thumb Code    40  stm32g4xx_hal.o(.text.HAL_Delay)
    HAL_GPIO_Init                            0x080016f9   Thumb Code   434  stm32g4xx_hal_gpio.o(.text.HAL_GPIO_Init)
    HAL_GPIO_WritePin                        0x080018ad   Thumb Code    12  stm32g4xx_hal_gpio.o(.text.HAL_GPIO_WritePin)
    HAL_GetTick                              0x080018b9   Thumb Code    12  stm32g4xx_hal.o(.text.HAL_GetTick)
    HAL_I2CEx_ConfigAnalogFilter             0x080018c5   Thumb Code    74  stm32g4xx_hal_i2c_ex.o(.text.HAL_I2CEx_ConfigAnalogFilter)
    HAL_I2CEx_ConfigDigitalFilter            0x08001911   Thumb Code    72  stm32g4xx_hal_i2c_ex.o(.text.HAL_I2CEx_ConfigDigitalFilter)
    HAL_I2C_Init                             0x08001959   Thumb Code   176  stm32g4xx_hal_i2c.o(.text.HAL_I2C_Init)
    HAL_I2C_MspInit                          0x08001a09   Thumb Code   352  i2c.o(.text.HAL_I2C_MspInit)
    HAL_IncTick                              0x08001b69   Thumb Code    26  stm32g4xx_hal.o(.text.HAL_IncTick)
    HAL_Init                                 0x08001b85   Thumb Code    30  stm32g4xx_hal.o(.text.HAL_Init)
    HAL_InitTick                             0x08001ba5   Thumb Code    80  stm32g4xx_hal.o(.text.HAL_InitTick)
    HAL_MspInit                              0x08001bf5   Thumb Code    52  stm32g4xx_hal_msp.o(.text.HAL_MspInit)
    HAL_NVIC_EnableIRQ                       0x08001c29   Thumb Code    34  stm32g4xx_hal_cortex.o(.text.HAL_NVIC_EnableIRQ)
    HAL_NVIC_SetPriority                     0x08001c4d   Thumb Code    86  stm32g4xx_hal_cortex.o(.text.HAL_NVIC_SetPriority)
    HAL_NVIC_SetPriorityGrouping             0x08001ca5   Thumb Code    32  stm32g4xx_hal_cortex.o(.text.HAL_NVIC_SetPriorityGrouping)
    HAL_PCDEx_ActivateLPM                    0x08001cc5   Thumb Code    42  stm32g4xx_hal_pcd_ex.o(.text.HAL_PCDEx_ActivateLPM)
    HAL_PCDEx_LPM_Callback                   0x08001cf1   Thumb Code    82  usbd_conf.o(.text.HAL_PCDEx_LPM_Callback)
    HAL_PCDEx_PMAConfig                      0x08001d45   Thumb Code    76  stm32g4xx_hal_pcd_ex.o(.text.HAL_PCDEx_PMAConfig)
    HAL_PCD_DataInStageCallback              0x08001d91   Thumb Code    20  usbd_conf.o(.text.HAL_PCD_DataInStageCallback)
    HAL_PCD_DataOutStageCallback             0x08001da5   Thumb Code    22  usbd_conf.o(.text.HAL_PCD_DataOutStageCallback)
    HAL_PCD_EP_Close                         0x08001dbd   Thumb Code    78  stm32g4xx_hal_pcd.o(.text.HAL_PCD_EP_Close)
    HAL_PCD_EP_ClrStall                      0x08001e0d   Thumb Code   100  stm32g4xx_hal_pcd.o(.text.HAL_PCD_EP_ClrStall)
    HAL_PCD_EP_GetRxCount                    0x08001e71   Thumb Code    18  stm32g4xx_hal_pcd.o(.text.HAL_PCD_EP_GetRxCount)
    HAL_PCD_EP_Open                          0x08001e85   Thumb Code    94  stm32g4xx_hal_pcd.o(.text.HAL_PCD_EP_Open)
    HAL_PCD_EP_Receive                       0x08001ee5   Thumb Code    50  stm32g4xx_hal_pcd.o(.text.HAL_PCD_EP_Receive)
    HAL_PCD_EP_SetStall                      0x08001f19   Thumb Code   104  stm32g4xx_hal_pcd.o(.text.HAL_PCD_EP_SetStall)
    HAL_PCD_EP_Transmit                      0x08001f81   Thumb Code    54  stm32g4xx_hal_pcd.o(.text.HAL_PCD_EP_Transmit)
    HAL_PCD_IRQHandler                       0x08001fb9   Thumb Code  2250  stm32g4xx_hal_pcd.o(.text.HAL_PCD_IRQHandler)
    HAL_PCD_Init                             0x08002885   Thumb Code   540  stm32g4xx_hal_pcd.o(.text.HAL_PCD_Init)
    HAL_PCD_MspInit                          0x08002aa1   Thumb Code   102  usbd_conf.o(.text.HAL_PCD_MspInit)
    HAL_PCD_ResetCallback                    0x08002b09   Thumb Code    36  usbd_conf.o(.text.HAL_PCD_ResetCallback)
    HAL_PCD_ResumeCallback                   0x08002b2d   Thumb Code    40  usbd_conf.o(.text.HAL_PCD_ResumeCallback)
    HAL_PCD_SOFCallback                      0x08002b55   Thumb Code     8  usbd_conf.o(.text.HAL_PCD_SOFCallback)
    HAL_PCD_SetAddress                       0x08002b5d   Thumb Code    40  stm32g4xx_hal_pcd.o(.text.HAL_PCD_SetAddress)
    HAL_PCD_SetupStageCallback               0x08002b85   Thumb Code    14  usbd_conf.o(.text.HAL_PCD_SetupStageCallback)
    HAL_PCD_Start                            0x08002b95   Thumb Code    44  stm32g4xx_hal_pcd.o(.text.HAL_PCD_Start)
    HAL_PCD_SuspendCallback                  0x08002bc1   Thumb Code    38  usbd_conf.o(.text.HAL_PCD_SuspendCallback)
    HAL_PWREx_ControlVoltageScaling          0x08002be9   Thumb Code   270  stm32g4xx_hal_pwr_ex.o(.text.HAL_PWREx_ControlVoltageScaling)
    HAL_PWREx_DisableUCPDDeadBattery         0x08002cf9   Thumb Code    18  stm32g4xx_hal_pwr_ex.o(.text.HAL_PWREx_DisableUCPDDeadBattery)
    HAL_RCCEx_PeriphCLKConfig                0x08002d0d   Thumb Code   618  stm32g4xx_hal_rcc_ex.o(.text.HAL_RCCEx_PeriphCLKConfig)
    HAL_RCC_ClockConfig                      0x08002f79   Thumb Code   772  stm32g4xx_hal_rcc.o(.text.HAL_RCC_ClockConfig)
    HAL_RCC_GetPCLK1Freq                     0x0800327d   Thumb Code    42  stm32g4xx_hal_rcc.o(.text.HAL_RCC_GetPCLK1Freq)
    HAL_RCC_GetPCLK2Freq                     0x080032a9   Thumb Code    42  stm32g4xx_hal_rcc.o(.text.HAL_RCC_GetPCLK2Freq)
    HAL_RCC_GetSysClockFreq                  0x080032d5   Thumb Code   130  stm32g4xx_hal_rcc.o(.text.HAL_RCC_GetSysClockFreq)
    HAL_RCC_OscConfig                        0x08003359   Thumb Code  1230  stm32g4xx_hal_rcc.o(.text.HAL_RCC_OscConfig)
    HAL_SPI_Init                             0x08003829   Thumb Code   228  stm32g4xx_hal_spi.o(.text.HAL_SPI_Init)
    HAL_SPI_MspInit                          0x0800390d   Thumb Code   224  spi.o(.text.HAL_SPI_MspInit)
    HAL_SYSTICK_Config                       0x080039ed   Thumb Code    44  stm32g4xx_hal_cortex.o(.text.HAL_SYSTICK_Config)
    HAL_TIMEx_ConfigBreakDeadTime            0x08003a19   Thumb Code   200  stm32g4xx_hal_tim_ex.o(.text.HAL_TIMEx_ConfigBreakDeadTime)
    HAL_TIMEx_MasterConfigSynchronization    0x08003ae1   Thumb Code   166  stm32g4xx_hal_tim_ex.o(.text.HAL_TIMEx_MasterConfigSynchronization)
    HAL_TIM_Base_Init                        0x08003b89   Thumb Code    98  stm32g4xx_hal_tim.o(.text.HAL_TIM_Base_Init)
    HAL_TIM_Base_MspInit                     0x08003bed   Thumb Code    48  tim.o(.text.HAL_TIM_Base_MspInit)
    HAL_TIM_Base_Start                       0x08003c1d   Thumb Code   138  stm32g4xx_hal_tim.o(.text.HAL_TIM_Base_Start)
    HAL_TIM_ConfigClockSource                0x08003ca9   Thumb Code   516  stm32g4xx_hal_tim.o(.text.HAL_TIM_ConfigClockSource)
    HAL_TIM_MspPostInit                      0x08003ead   Thumb Code   332  tim.o(.text.HAL_TIM_MspPostInit)
    HAL_TIM_PWM_ConfigChannel                0x08003ff9   Thumb Code   968  stm32g4xx_hal_tim.o(.text.HAL_TIM_PWM_ConfigChannel)
    HAL_TIM_PWM_Init                         0x080043c1   Thumb Code    98  stm32g4xx_hal_tim.o(.text.HAL_TIM_PWM_Init)
    HAL_TIM_PWM_MspInit                      0x08004425   Thumb Code   162  tim.o(.text.HAL_TIM_PWM_MspInit)
    HAL_UARTEx_DisableFifoMode               0x080044c9   Thumb Code    54  stm32g4xx_hal_uart_ex.o(.text.HAL_UARTEx_DisableFifoMode)
    HAL_UARTEx_RxEventCallback               0x08004501   Thumb Code     2  stm32g4xx_hal_uart.o(.text.HAL_UARTEx_RxEventCallback)
    HAL_UARTEx_RxFifoFullCallback            0x08004505   Thumb Code     2  stm32g4xx_hal_uart_ex.o(.text.HAL_UARTEx_RxFifoFullCallback)
    HAL_UARTEx_SetRxFifoThreshold            0x08004509   Thumb Code   140  stm32g4xx_hal_uart_ex.o(.text.HAL_UARTEx_SetRxFifoThreshold)
    HAL_UARTEx_SetTxFifoThreshold            0x08004595   Thumb Code   140  stm32g4xx_hal_uart_ex.o(.text.HAL_UARTEx_SetTxFifoThreshold)
    HAL_UARTEx_TxFifoEmptyCallback           0x08004621   Thumb Code     2  stm32g4xx_hal_uart_ex.o(.text.HAL_UARTEx_TxFifoEmptyCallback)
    HAL_UARTEx_WakeupCallback                0x08004625   Thumb Code     2  stm32g4xx_hal_uart_ex.o(.text.HAL_UARTEx_WakeupCallback)
    HAL_UART_ErrorCallback                   0x08004629   Thumb Code     2  stm32g4xx_hal_uart.o(.text.HAL_UART_ErrorCallback)
    HAL_UART_IRQHandler                      0x0800462d   Thumb Code  1614  stm32g4xx_hal_uart.o(.text.HAL_UART_IRQHandler)
    HAL_UART_Init                            0x08004c7d   Thumb Code   100  stm32g4xx_hal_uart.o(.text.HAL_UART_Init)
    HAL_UART_MspInit                         0x08004ce1   Thumb Code   652  usart.o(.text.HAL_UART_MspInit)
    HAL_UART_TxCpltCallback                  0x08004f6d   Thumb Code     2  stm32g4xx_hal_uart.o(.text.HAL_UART_TxCpltCallback)
    HardFault_Handler                        0x08004f71   Thumb Code     2  stm32g4xx_it.o(.text.HardFault_Handler)
    MX_ADC1_Init                             0x08004f75   Thumb Code   178  adc.o(.text.MX_ADC1_Init)
    MX_GPIO_Init                             0x08005029   Thumb Code   186  gpio.o(.text.MX_GPIO_Init)
    MX_I2C1_Init                             0x080050e5   Thumb Code   108  i2c.o(.text.MX_I2C1_Init)
    MX_I2C2_Init                             0x08005151   Thumb Code   108  i2c.o(.text.MX_I2C2_Init)
    MX_LPUART1_UART_Init                     0x080051bd   Thumb Code   132  usart.o(.text.MX_LPUART1_UART_Init)
    MX_SPI1_Init                             0x08005241   Thumb Code    80  spi.o(.text.MX_SPI1_Init)
    MX_SPI2_Init                             0x08005291   Thumb Code    80  spi.o(.text.MX_SPI2_Init)
    MX_TIM1_Init                             0x080052e1   Thumb Code   126  tim.o(.text.MX_TIM1_Init)
    MX_TIM2_Init                             0x08005361   Thumb Code   158  tim.o(.text.MX_TIM2_Init)
    MX_TIM3_Init                             0x08005401   Thumb Code   186  tim.o(.text.MX_TIM3_Init)
    MX_TIM4_Init                             0x080054bd   Thumb Code   162  tim.o(.text.MX_TIM4_Init)
    MX_TIM8_Init                             0x08005561   Thumb Code   216  tim.o(.text.MX_TIM8_Init)
    MX_UART4_Init                            0x08005639   Thumb Code   130  usart.o(.text.MX_UART4_Init)
    MX_USART1_UART_Init                      0x080056bd   Thumb Code   130  usart.o(.text.MX_USART1_UART_Init)
    MX_USART2_UART_Init                      0x08005741   Thumb Code   130  usart.o(.text.MX_USART2_UART_Init)
    MX_USART3_UART_Init                      0x080057c5   Thumb Code   130  usart.o(.text.MX_USART3_UART_Init)
    MX_USB_Device_Init                       0x08005849   Thumb Code   114  usb_device.o(.text.MX_USB_Device_Init)
    MemManage_Handler                        0x080058bd   Thumb Code     2  stm32g4xx_it.o(.text.MemManage_Handler)
    NMI_Handler                              0x080058c1   Thumb Code     2  stm32g4xx_it.o(.text.NMI_Handler)
    PendSV_Handler                           0x080058c5   Thumb Code     2  stm32g4xx_it.o(.text.PendSV_Handler)
    SVC_Handler                              0x080058c9   Thumb Code     2  stm32g4xx_it.o(.text.SVC_Handler)
    SysTick_Handler                          0x080058cd   Thumb Code     4  stm32g4xx_it.o(.text.SysTick_Handler)
    SystemClock_Config                       0x080058d1   Thumb Code   112  main.o(.text.SystemClock_Config)
    SystemInit                               0x08005941   Thumb Code    18  system_stm32g4xx.o(.text.SystemInit)
    TIM_Base_SetConfig                       0x08005955   Thumb Code   308  stm32g4xx_hal_tim.o(.text.TIM_Base_SetConfig)
    UART4_IRQHandler                         0x08005a89   Thumb Code    12  stm32g4xx_it.o(.text.UART4_IRQHandler)
    UART_AdvFeatureConfig                    0x08005a95   Thumb Code   230  stm32g4xx_hal_uart.o(.text.UART_AdvFeatureConfig)
    UART_CheckIdleState                      0x08005b7d   Thumb Code   362  stm32g4xx_hal_uart.o(.text.UART_CheckIdleState)
    UART_SetConfig                           0x08005cf5   Thumb Code   648  stm32g4xx_hal_uart.o(.text.UART_SetConfig)
    UART_WaitOnFlagUntilTimeout              0x08005f8d   Thumb Code   822  stm32g4xx_hal_uart.o(.text.UART_WaitOnFlagUntilTimeout)
    USART1_IRQHandler                        0x080062c5   Thumb Code    12  stm32g4xx_it.o(.text.USART1_IRQHandler)
    USART2_IRQHandler                        0x080062d1   Thumb Code    12  stm32g4xx_it.o(.text.USART2_IRQHandler)
    USART3_IRQHandler                        0x080062dd   Thumb Code    12  stm32g4xx_it.o(.text.USART3_IRQHandler)
    USBD_CDC_ConfigStrDescriptor             0x080062e9   Thumb Code    24  usbd_desc.o(.text.USBD_CDC_ConfigStrDescriptor)
    USBD_CDC_DeviceDescriptor                0x080063ed   Thumb Code    14  usbd_desc.o(.text.USBD_CDC_DeviceDescriptor)
    USBD_CDC_GetDeviceQualifierDescriptor    0x0800642d   Thumb Code    16  usbd_cdc.o(.text.USBD_CDC_GetDeviceQualifierDescriptor)
    USBD_CDC_InterfaceStrDescriptor          0x08006505   Thumb Code    24  usbd_desc.o(.text.USBD_CDC_InterfaceStrDescriptor)
    USBD_CDC_LangIDStrDescriptor             0x0800652d   Thumb Code    14  usbd_desc.o(.text.USBD_CDC_LangIDStrDescriptor)
    USBD_CDC_ManufacturerStrDescriptor       0x0800653d   Thumb Code    24  usbd_desc.o(.text.USBD_CDC_ManufacturerStrDescriptor)
    USBD_CDC_ProductStrDescriptor            0x08006569   Thumb Code    24  usbd_desc.o(.text.USBD_CDC_ProductStrDescriptor)
    USBD_CDC_ReceivePacket                   0x08006599   Thumb Code    44  usbd_cdc.o(.text.USBD_CDC_ReceivePacket)
    USBD_CDC_RegisterInterface               0x080065c5   Thumb Code    14  usbd_cdc.o(.text.USBD_CDC_RegisterInterface)
    USBD_CDC_SerialStrDescriptor             0x080065d5   Thumb Code   368  usbd_desc.o(.text.USBD_CDC_SerialStrDescriptor)
    USBD_CDC_SetRxBuffer                     0x08006745   Thumb Code    18  usbd_cdc.o(.text.USBD_CDC_SetRxBuffer)
    USBD_CDC_SetTxBuffer                     0x08006759   Thumb Code    22  usbd_cdc.o(.text.USBD_CDC_SetTxBuffer)
    USBD_CDC_TransmitPacket                  0x08006849   Thumb Code    60  usbd_cdc.o(.text.USBD_CDC_TransmitPacket)
    USBD_ClrClassConfig                      0x08006885   Thumb Code    20  usbd_core.o(.text.USBD_ClrClassConfig)
    USBD_CtlContinueRx                       0x08006899   Thumb Code    16  usbd_ioreq.o(.text.USBD_CtlContinueRx)
    USBD_CtlContinueSendData                 0x080068a9   Thumb Code    16  usbd_ioreq.o(.text.USBD_CtlContinueSendData)
    USBD_CtlError                            0x080068b9   Thumb Code    22  usbd_ctlreq.o(.text.USBD_CtlError)
    USBD_CtlPrepareRx                        0x080068d1   Thumb Code    26  usbd_ioreq.o(.text.USBD_CtlPrepareRx)
    USBD_CtlReceiveStatus                    0x080068ed   Thumb Code    22  usbd_ioreq.o(.text.USBD_CtlReceiveStatus)
    USBD_CtlSendData                         0x08006905   Thumb Code    26  usbd_ioreq.o(.text.USBD_CtlSendData)
    USBD_CtlSendStatus                       0x08006921   Thumb Code    22  usbd_ioreq.o(.text.USBD_CtlSendStatus)
    USBD_GetString                           0x08006939   Thumb Code   218  usbd_ctlreq.o(.text.USBD_GetString)
    USBD_Init                                0x08006a15   Thumb Code    42  usbd_core.o(.text.USBD_Init)
    USBD_LL_ClearStallEP                     0x08006a41   Thumb Code    34  usbd_conf.o(.text.USBD_LL_ClearStallEP)
    USBD_LL_CloseEP                          0x08006a65   Thumb Code    34  usbd_conf.o(.text.USBD_LL_CloseEP)
    USBD_LL_DataInStage                      0x08006a89   Thumb Code   168  usbd_core.o(.text.USBD_LL_DataInStage)
    USBD_LL_DataOutStage                     0x08006b31   Thumb Code   102  usbd_core.o(.text.USBD_LL_DataOutStage)
    USBD_LL_GetRxDataSize                    0x08006b99   Thumb Code     8  usbd_conf.o(.text.USBD_LL_GetRxDataSize)
    USBD_LL_Init                             0x08006ba1   Thumb Code   134  usbd_conf.o(.text.USBD_LL_Init)
    USBD_LL_IsStallEP                        0x08006c29   Thumb Code    42  usbd_conf.o(.text.USBD_LL_IsStallEP)
    USBD_LL_OpenEP                           0x08006c55   Thumb Code    40  usbd_conf.o(.text.USBD_LL_OpenEP)
    USBD_LL_PrepareReceive                   0x08006c7d   Thumb Code    34  usbd_conf.o(.text.USBD_LL_PrepareReceive)
    USBD_LL_Reset                            0x08006ca1   Thumb Code   104  usbd_core.o(.text.USBD_LL_Reset)
    USBD_LL_Resume                           0x08006d09   Thumb Code    20  usbd_core.o(.text.USBD_LL_Resume)
    USBD_LL_SOF                              0x08006d1d   Thumb Code    36  usbd_core.o(.text.USBD_LL_SOF)
    USBD_LL_SetSpeed                         0x08006d41   Thumb Code     8  usbd_core.o(.text.USBD_LL_SetSpeed)
    USBD_LL_SetUSBAddress                    0x08006d49   Thumb Code    34  usbd_conf.o(.text.USBD_LL_SetUSBAddress)
    USBD_LL_SetupStage                       0x08006d6d   Thumb Code    98  usbd_core.o(.text.USBD_LL_SetupStage)
    USBD_LL_StallEP                          0x08006dd1   Thumb Code    34  usbd_conf.o(.text.USBD_LL_StallEP)
    USBD_LL_Start                            0x08006df5   Thumb Code    34  usbd_conf.o(.text.USBD_LL_Start)
    USBD_LL_Suspend                          0x08006e19   Thumb Code    20  usbd_core.o(.text.USBD_LL_Suspend)
    USBD_LL_Transmit                         0x08006e2d   Thumb Code    34  usbd_conf.o(.text.USBD_LL_Transmit)
    USBD_ParseSetupRequest                   0x08006e51   Thumb Code    22  usbd_ctlreq.o(.text.USBD_ParseSetupRequest)
    USBD_RegisterClass                       0x08006e69   Thumb Code    46  usbd_core.o(.text.USBD_RegisterClass)
    USBD_SetClassConfig                      0x08006e99   Thumb Code    16  usbd_core.o(.text.USBD_SetClassConfig)
    USBD_Start                               0x08006ea9   Thumb Code     4  usbd_core.o(.text.USBD_Start)
    USBD_StdDevReq                           0x08006ead   Thumb Code   884  usbd_ctlreq.o(.text.USBD_StdDevReq)
    USBD_StdEPReq                            0x08007221   Thumb Code   324  usbd_ctlreq.o(.text.USBD_StdEPReq)
    USBD_StdItfReq                           0x08007365   Thumb Code    98  usbd_ctlreq.o(.text.USBD_StdItfReq)
    USBD_static_free                         0x080073c9   Thumb Code     2  usbd_conf.o(.text.USBD_static_free)
    USBD_static_malloc                       0x080073cd   Thumb Code    10  usbd_conf.o(.text.USBD_static_malloc)
    USB_ActivateEndpoint                     0x080073d9   Thumb Code   802  stm32g4xx_ll_usb.o(.text.USB_ActivateEndpoint)
    USB_DeactivateEndpoint                   0x080076fd   Thumb Code   226  stm32g4xx_ll_usb.o(.text.USB_DeactivateEndpoint)
    USB_DevConnect                           0x080077e1   Thumb Code    18  stm32g4xx_ll_usb.o(.text.USB_DevConnect)
    USB_DevInit                              0x080077f5   Thumb Code    26  stm32g4xx_ll_usb.o(.text.USB_DevInit)
    USB_DisableGlobalInt                     0x08007811   Thumb Code    20  stm32g4xx_ll_usb.o(.text.USB_DisableGlobalInt)
    USB_EPClearStall                         0x08007825   Thumb Code   120  stm32g4xx_ll_usb.o(.text.USB_EPClearStall)
    USB_EPSetStall                           0x0800789d   Thumb Code    50  stm32g4xx_ll_usb.o(.text.USB_EPSetStall)
    USB_EPStartXfer                          0x080078d1   Thumb Code  1662  stm32g4xx_ll_usb.o(.text.USB_EPStartXfer)
    USB_EnableGlobalInt                      0x08007f51   Thumb Code    18  stm32g4xx_ll_usb.o(.text.USB_EnableGlobalInt)
    USB_LP_IRQHandler                        0x08007f65   Thumb Code    12  stm32g4xx_it.o(.text.USB_LP_IRQHandler)
    USB_ReadInterrupts                       0x08007f71   Thumb Code     6  stm32g4xx_ll_usb.o(.text.USB_ReadInterrupts)
    USB_ReadPMA                              0x08007f79   Thumb Code   156  stm32g4xx_ll_usb.o(.text.USB_ReadPMA)
    USB_SetDevAddress                        0x08008015   Thumb Code    14  stm32g4xx_ll_usb.o(.text.USB_SetDevAddress)
    USB_WritePMA                             0x08008025   Thumb Code   150  stm32g4xx_ll_usb.o(.text.USB_WritePMA)
    UsageFault_Handler                       0x080080bd   Thumb Code     2  stm32g4xx_it.o(.text.UsageFault_Handler)
    main                                     0x080080c1   Thumb Code   256  main.o(.text.main)
    _fp_init                                 0x080081f1   Thumb Code    26  fpinit.o(x$fpl$fpinit)
    __fplib_config_fpu_vfp                   0x08008209   Thumb Code     0  fpinit.o(x$fpl$fpinit)
    __fplib_config_pureend_doubles           0x08008209   Thumb Code     0  fpinit.o(x$fpl$fpinit)
    AHBPrescTable                            0x0800820a   Data          16  system_stm32g4xx.o(.rodata.AHBPrescTable)
    APBPrescTable                            0x0800821a   Data           8  system_stm32g4xx.o(.rodata.APBPrescTable)
    UARTPrescTable                           0x08008222   Data          24  stm32g4xx_hal_uart.o(.rodata.UARTPrescTable)
    Region$$Table$$Base                      0x0800825c   Number         0  anon$$obj.o(Region$$Table)
    Region$$Table$$Limit                     0x0800827c   Number         0  anon$$obj.o(Region$$Table)
    uwTickPrio                               0x20000000   Data           4  stm32g4xx_hal.o(.data..L_MergedGlobals)
    uwTickFreq                               0x20000004   Data           4  stm32g4xx_hal.o(.data..L_MergedGlobals)
    CDC_Desc                                 0x20000008   Data          32  usbd_desc.o(.data.CDC_Desc)
    SystemCoreClock                          0x20000028   Data           4  system_stm32g4xx.o(.data.SystemCoreClock)
    USBD_CDC                                 0x2000002c   Data          56  usbd_cdc.o(.data.USBD_CDC)
    USBD_CDC_DeviceDesc                      0x200000ec   Data          18  usbd_desc.o(.data.USBD_CDC_DeviceDesc)
    USBD_Interface_fops_FS                   0x20000150   Data          20  usbd_cdc_if.o(.data.USBD_Interface_fops_FS)
    USBD_LangIDDesc                          0x20000164   Data           4  usbd_desc.o(.data.USBD_LangIDDesc)
    USBD_StringSerial                        0x20000168   Data          26  usbd_desc.o(.data.USBD_StringSerial)
    __libspace_start                         0x20000188   Data          96  libspace.o(.bss)
    __temporary_stack_top$libspace           0x200001e8   Data           0  libspace.o(.bss)
    USBD_StrDesc                             0x200001ec   Data         512  usbd_desc.o(.bss.USBD_StrDesc)
    UserRxBufferFS                           0x2000060c   Data        1024  usbd_cdc_if.o(.bss.UserRxBufferFS)
    UserTxBufferFS                           0x20000a0c   Data        1024  usbd_cdc_if.o(.bss.UserTxBufferFS)
    hUsbDeviceFS                             0x20000e0c   Data         720  usb_device.o(.bss.hUsbDeviceFS)
    hadc1                                    0x200010dc   Data         108  adc.o(.bss.hadc1)
    hi2c1                                    0x20001148   Data          84  i2c.o(.bss.hi2c1)
    hi2c2                                    0x2000119c   Data          84  i2c.o(.bss.hi2c2)
    hlpuart1                                 0x200011f0   Data         148  usart.o(.bss.hlpuart1)
    hpcd_USB_FS                              0x20001284   Data         732  usbd_conf.o(.bss.hpcd_USB_FS)
    hspi1                                    0x20001560   Data         100  spi.o(.bss.hspi1)
    hspi2                                    0x200015c4   Data         100  spi.o(.bss.hspi2)
    htim1                                    0x20001628   Data          76  tim.o(.bss.htim1)
    htim2                                    0x20001674   Data          76  tim.o(.bss.htim2)
    htim3                                    0x200016c0   Data          76  tim.o(.bss.htim3)
    htim4                                    0x2000170c   Data          76  tim.o(.bss.htim4)
    htim8                                    0x20001758   Data          76  tim.o(.bss.htim8)
    huart1                                   0x200017a4   Data         148  usart.o(.bss.huart1)
    huart2                                   0x20001838   Data         148  usart.o(.bss.huart2)
    huart3                                   0x200018cc   Data         148  usart.o(.bss.huart3)
    huart4                                   0x20001960   Data         148  usart.o(.bss.huart4)
    printfBuf                                0x200019f4   Data         100  main.o(.bss.printfBuf)
    uwTick                                   0x20001a58   Data           4  stm32g4xx_hal.o(.bss.uwTick)



==============================================================================

Memory Map of the image

  Image Entry point : 0x080001d9

  Load Region LR_IROM1 (Base: 0x08000000, Size: 0x00008408, Max: 0x00020000, ABSOLUTE, COMPRESSED[0x00008348])

    Execution Region ER_IROM1 (Exec base: 0x08000000, Load base: 0x08000000, Size: 0x0000827c, Max: 0x00020000, ABSOLUTE)

    Exec Addr    Load Addr    Size         Type   Attr      Idx    E Section Name        Object

    0x08000000   0x08000000   0x000001d8   Data   RO            3    RESET               startup_stm32g431xx.o
    0x080001d8   0x080001d8   0x00000008   Code   RO         2178  * !!!main             c_w.l(__main.o)
    0x080001e0   0x080001e0   0x0000005c   Code   RO         2366    !!!scatter          c_w.l(__scatter.o)
    0x0800023c   0x0800023c   0x0000005a   Code   RO         2364    !!dczerorl2         c_w.l(__dczerorl2.o)
    0x08000296   0x08000296   0x00000002   PAD
    0x08000298   0x08000298   0x00000002   Code   RO         2367    !!handler_null      c_w.l(__scatter.o)
    0x0800029a   0x0800029a   0x00000002   PAD
    0x0800029c   0x0800029c   0x0000001c   Code   RO         2370    !!handler_zi        c_w.l(__scatter_zi.o)
    0x080002b8   0x080002b8   0x00000000   Code   RO         2173    .ARM.Collect$$_printf_percent$$00000000  c_w.l(_printf_percent.o)
    0x080002b8   0x080002b8   0x00000006   Code   RO         2172    .ARM.Collect$$_printf_percent$$00000009  c_w.l(_printf_d.o)
    0x080002be   0x080002be   0x00000006   Code   RO         2171    .ARM.Collect$$_printf_percent$$00000014  c_w.l(_printf_s.o)
    0x080002c4   0x080002c4   0x00000004   Code   RO         2193    .ARM.Collect$$_printf_percent$$00000017  c_w.l(_printf_percent_end.o)
    0x080002c8   0x080002c8   0x00000002   Code   RO         2226    .ARM.Collect$$libinit$$00000000  c_w.l(libinit.o)
    0x080002ca   0x080002ca   0x00000004   Code   RO         2238    .ARM.Collect$$libinit$$00000001  c_w.l(libinit2.o)
    0x080002ce   0x080002ce   0x00000000   Code   RO         2241    .ARM.Collect$$libinit$$00000004  c_w.l(libinit2.o)
    0x080002ce   0x080002ce   0x00000000   Code   RO         2243    .ARM.Collect$$libinit$$00000006  c_w.l(libinit2.o)
    0x080002ce   0x080002ce   0x00000000   Code   RO         2246    .ARM.Collect$$libinit$$0000000C  c_w.l(libinit2.o)
    0x080002ce   0x080002ce   0x00000000   Code   RO         2248    .ARM.Collect$$libinit$$0000000E  c_w.l(libinit2.o)
    0x080002ce   0x080002ce   0x00000000   Code   RO         2250    .ARM.Collect$$libinit$$00000010  c_w.l(libinit2.o)
    0x080002ce   0x080002ce   0x00000000   Code   RO         2253    .ARM.Collect$$libinit$$00000013  c_w.l(libinit2.o)
    0x080002ce   0x080002ce   0x00000000   Code   RO         2255    .ARM.Collect$$libinit$$00000015  c_w.l(libinit2.o)
    0x080002ce   0x080002ce   0x00000000   Code   RO         2257    .ARM.Collect$$libinit$$00000017  c_w.l(libinit2.o)
    0x080002ce   0x080002ce   0x00000000   Code   RO         2259    .ARM.Collect$$libinit$$00000019  c_w.l(libinit2.o)
    0x080002ce   0x080002ce   0x00000000   Code   RO         2261    .ARM.Collect$$libinit$$0000001B  c_w.l(libinit2.o)
    0x080002ce   0x080002ce   0x00000000   Code   RO         2263    .ARM.Collect$$libinit$$0000001D  c_w.l(libinit2.o)
    0x080002ce   0x080002ce   0x00000000   Code   RO         2265    .ARM.Collect$$libinit$$0000001F  c_w.l(libinit2.o)
    0x080002ce   0x080002ce   0x00000000   Code   RO         2267    .ARM.Collect$$libinit$$00000021  c_w.l(libinit2.o)
    0x080002ce   0x080002ce   0x00000000   Code   RO         2269    .ARM.Collect$$libinit$$00000023  c_w.l(libinit2.o)
    0x080002ce   0x080002ce   0x00000000   Code   RO         2271    .ARM.Collect$$libinit$$00000025  c_w.l(libinit2.o)
    0x080002ce   0x080002ce   0x00000000   Code   RO         2273    .ARM.Collect$$libinit$$00000027  c_w.l(libinit2.o)
    0x080002ce   0x080002ce   0x00000000   Code   RO         2277    .ARM.Collect$$libinit$$0000002E  c_w.l(libinit2.o)
    0x080002ce   0x080002ce   0x00000000   Code   RO         2279    .ARM.Collect$$libinit$$00000030  c_w.l(libinit2.o)
    0x080002ce   0x080002ce   0x00000000   Code   RO         2281    .ARM.Collect$$libinit$$00000032  c_w.l(libinit2.o)
    0x080002ce   0x080002ce   0x00000000   Code   RO         2283    .ARM.Collect$$libinit$$00000034  c_w.l(libinit2.o)
    0x080002ce   0x080002ce   0x00000002   Code   RO         2284    .ARM.Collect$$libinit$$00000035  c_w.l(libinit2.o)
    0x080002d0   0x080002d0   0x00000002   Code   RO         2319    .ARM.Collect$$libshutdown$$00000000  c_w.l(libshutdown.o)
    0x080002d2   0x080002d2   0x00000000   Code   RO         2347    .ARM.Collect$$libshutdown$$00000002  c_w.l(libshutdown2.o)
    0x080002d2   0x080002d2   0x00000000   Code   RO         2349    .ARM.Collect$$libshutdown$$00000004  c_w.l(libshutdown2.o)
    0x080002d2   0x080002d2   0x00000000   Code   RO         2352    .ARM.Collect$$libshutdown$$00000007  c_w.l(libshutdown2.o)
    0x080002d2   0x080002d2   0x00000000   Code   RO         2355    .ARM.Collect$$libshutdown$$0000000A  c_w.l(libshutdown2.o)
    0x080002d2   0x080002d2   0x00000000   Code   RO         2357    .ARM.Collect$$libshutdown$$0000000C  c_w.l(libshutdown2.o)
    0x080002d2   0x080002d2   0x00000000   Code   RO         2360    .ARM.Collect$$libshutdown$$0000000F  c_w.l(libshutdown2.o)
    0x080002d2   0x080002d2   0x00000002   Code   RO         2361    .ARM.Collect$$libshutdown$$00000010  c_w.l(libshutdown2.o)
    0x080002d4   0x080002d4   0x00000000   Code   RO         2180    .ARM.Collect$$rtentry$$00000000  c_w.l(__rtentry.o)
    0x080002d4   0x080002d4   0x00000000   Code   RO         2195    .ARM.Collect$$rtentry$$00000002  c_w.l(__rtentry2.o)
    0x080002d4   0x080002d4   0x00000006   Code   RO         2207    .ARM.Collect$$rtentry$$00000004  c_w.l(__rtentry4.o)
    0x080002da   0x080002da   0x00000000   Code   RO         2197    .ARM.Collect$$rtentry$$00000009  c_w.l(__rtentry2.o)
    0x080002da   0x080002da   0x00000004   Code   RO         2198    .ARM.Collect$$rtentry$$0000000A  c_w.l(__rtentry2.o)
    0x080002de   0x080002de   0x00000000   Code   RO         2200    .ARM.Collect$$rtentry$$0000000C  c_w.l(__rtentry2.o)
    0x080002de   0x080002de   0x00000008   Code   RO         2201    .ARM.Collect$$rtentry$$0000000D  c_w.l(__rtentry2.o)
    0x080002e6   0x080002e6   0x00000002   Code   RO         2230    .ARM.Collect$$rtexit$$00000000  c_w.l(rtexit.o)
    0x080002e8   0x080002e8   0x00000000   Code   RO         2290    .ARM.Collect$$rtexit$$00000002  c_w.l(rtexit2.o)
    0x080002e8   0x080002e8   0x00000004   Code   RO         2291    .ARM.Collect$$rtexit$$00000003  c_w.l(rtexit2.o)
    0x080002ec   0x080002ec   0x00000006   Code   RO         2292    .ARM.Collect$$rtexit$$00000004  c_w.l(rtexit2.o)
    0x080002f2   0x080002f2   0x00000002   PAD
    0x080002f4   0x080002f4   0x00000040   Code   RO            4    .text               startup_stm32g431xx.o
    0x08000334   0x08000334   0x000000f0   Code   RO         2139    .text               c_w.l(lludivv7m.o)
    0x08000424   0x08000424   0x0000002c   Code   RO         2141    .text               c_w.l(__2sprintf.o)
    0x08000450   0x08000450   0x00000068   Code   RO         2145    .text               c_w.l(__printf.o)
    0x080004b8   0x080004b8   0x00000052   Code   RO         2147    .text               c_w.l(_printf_str.o)
    0x0800050a   0x0800050a   0x00000002   PAD
    0x0800050c   0x0800050c   0x00000078   Code   RO         2149    .text               c_w.l(_printf_dec.o)
    0x08000584   0x08000584   0x0000004e   Code   RO         2174    .text               c_w.l(rt_memclr_w.o)
    0x080005d2   0x080005d2   0x00000006   Code   RO         2176    .text               c_w.l(heapauxi.o)
    0x080005d8   0x080005d8   0x000000b2   Code   RO         2185    .text               c_w.l(_printf_intcommon.o)
    0x0800068a   0x0800068a   0x00000002   PAD
    0x0800068c   0x0800068c   0x00000030   Code   RO         2187    .text               c_w.l(_printf_char_common.o)
    0x080006bc   0x080006bc   0x0000000a   Code   RO         2189    .text               c_w.l(_sputc.o)
    0x080006c6   0x080006c6   0x0000002c   Code   RO         2191    .text               c_w.l(_printf_char.o)
    0x080006f2   0x080006f2   0x0000004a   Code   RO         2213    .text               c_w.l(sys_stackheap_outer.o)
    0x0800073c   0x0800073c   0x00000012   Code   RO         2215    .text               c_w.l(exit.o)
    0x0800074e   0x0800074e   0x00000002   PAD
    0x08000750   0x08000750   0x00000008   Code   RO         2227    .text               c_w.l(libspace.o)
    0x08000758   0x08000758   0x0000000c   Code   RO         2285    .text               c_w.l(sys_exit.o)
    0x08000764   0x08000764   0x00000002   Code   RO         2308    .text               c_w.l(use_no_semi.o)
    0x08000766   0x08000766   0x00000000   Code   RO         2310    .text               c_w.l(indicate_semi.o)
    0x08000766   0x08000766   0x00000002   PAD
    0x08000768   0x08000768   0x0000000c   Code   RO          167    .text.ADC1_2_IRQHandler  stm32g4xx_it.o
    0x08000774   0x08000774   0x0000007c   Code   RO          995    .text.ADC_Disable   stm32g4xx_hal_adc.o
    0x080007f0   0x080007f0   0x000000f6   Code   RO         1001    .text.ADC_Enable    stm32g4xx_hal_adc.o
    0x080008e6   0x080008e6   0x00000002   PAD
    0x080008e8   0x080008e8   0x00000002   Code   RO          155    .text.BusFault_Handler  stm32g4xx_it.o
    0x080008ea   0x080008ea   0x00000002   PAD
    0x080008ec   0x080008ec   0x00000004   Code   RO          306    .text.CDC_Control_FS  usbd_cdc_if.o
    0x080008f0   0x080008f0   0x00000004   Code   RO          304    .text.CDC_DeInit_FS  usbd_cdc_if.o
    0x080008f4   0x080008f4   0x0000002c   Code   RO          302    .text.CDC_Init_FS   usbd_cdc_if.o
    0x08000920   0x08000920   0x0000001c   Code   RO          308    .text.CDC_Receive_FS  usbd_cdc_if.o
    0x0800093c   0x0800093c   0x00000004   Code   RO          310    .text.CDC_TransmitCplt_FS  usbd_cdc_if.o
    0x08000940   0x08000940   0x00000036   Code   RO          312    .text.CDC_Transmit_FS  usbd_cdc_if.o
    0x08000976   0x08000976   0x00000002   PAD
    0x08000978   0x08000978   0x00000002   Code   RO          161    .text.DebugMon_Handler  stm32g4xx_it.o
    0x0800097a   0x0800097a   0x00000002   PAD
    0x0800097c   0x0800097c   0x00000012   Code   RO         2129    .text.Disable_ESP32_C3  pom_esp32_c3.o
    0x0800098e   0x0800098e   0x00000002   PAD
    0x08000990   0x08000990   0x0000000a   Code   RO           15    .text.Error_Handler  main.o
    0x0800099a   0x0800099a   0x00000002   PAD
    0x0800099c   0x0800099c   0x000000d4   Code   RO         1055    .text.HAL_ADCEx_Calibration_Start  stm32g4xx_hal_adc_ex.o
    0x08000a70   0x08000a70   0x00000002   Code   RO         1087    .text.HAL_ADCEx_EndOfSamplingCallback  stm32g4xx_hal_adc_ex.o
    0x08000a72   0x08000a72   0x00000002   PAD
    0x08000a74   0x08000a74   0x00000002   Code   RO         1079    .text.HAL_ADCEx_InjectedConvCpltCallback  stm32g4xx_hal_adc_ex.o
    0x08000a76   0x08000a76   0x00000002   PAD
    0x08000a78   0x08000a78   0x00000002   Code   RO         1081    .text.HAL_ADCEx_InjectedQueueOverflowCallback  stm32g4xx_hal_adc_ex.o
    0x08000a7a   0x08000a7a   0x00000002   PAD
    0x08000a7c   0x08000a7c   0x00000002   Code   RO         1083    .text.HAL_ADCEx_LevelOutOfWindow2Callback  stm32g4xx_hal_adc_ex.o
    0x08000a7e   0x08000a7e   0x00000002   PAD
    0x08000a80   0x08000a80   0x00000002   Code   RO         1085    .text.HAL_ADCEx_LevelOutOfWindow3Callback  stm32g4xx_hal_adc_ex.o
    0x08000a82   0x08000a82   0x00000002   PAD
    0x08000a84   0x08000a84   0x000000b8   Code   RO         1099    .text.HAL_ADCEx_MultiModeConfigChannel  stm32g4xx_hal_adc_ex.o
    0x08000b3c   0x08000b3c   0x0000039a   Code   RO         1039    .text.HAL_ADC_ConfigChannel  stm32g4xx_hal_adc.o
    0x08000ed6   0x08000ed6   0x00000002   PAD
    0x08000ed8   0x08000ed8   0x00000088   Code   RO           17    .text.HAL_ADC_ConvCpltCallback  main.o
    0x08000f60   0x08000f60   0x00000002   Code   RO         1035    .text.HAL_ADC_ErrorCallback  stm32g4xx_hal_adc.o
    0x08000f62   0x08000f62   0x00000002   PAD
    0x08000f64   0x08000f64   0x00000006   Code   RO         1023    .text.HAL_ADC_GetValue  stm32g4xx_hal_adc.o
    0x08000f6a   0x08000f6a   0x00000002   PAD
    0x08000f6c   0x08000f6c   0x0000027a   Code   RO         1029    .text.HAL_ADC_IRQHandler  stm32g4xx_hal_adc.o
    0x080011e6   0x080011e6   0x00000002   PAD
    0x080011e8   0x080011e8   0x00000226   Code   RO          987    .text.HAL_ADC_Init  stm32g4xx_hal_adc.o
    0x0800140e   0x0800140e   0x00000002   PAD
    0x08001410   0x08001410   0x00000002   Code   RO         1033    .text.HAL_ADC_LevelOutOfWindowCallback  stm32g4xx_hal_adc.o
    0x08001412   0x08001412   0x00000002   PAD
    0x08001414   0x08001414   0x00000064   Code   RO           40    .text.HAL_ADC_MspInit  adc.o
    0x08001478   0x08001478   0x00000166   Code   RO         1009    .text.HAL_ADC_Start_IT  stm32g4xx_hal_adc.o
    0x080015de   0x080015de   0x00000002   PAD
    0x080015e0   0x080015e0   0x00000070   Code   RO          773    .text.HAL_DMA_Abort  stm32g4xx_hal_dma.o
    0x08001650   0x08001650   0x00000080   Code   RO          775    .text.HAL_DMA_Abort_IT  stm32g4xx_hal_dma.o
    0x080016d0   0x080016d0   0x00000028   Code   RO          495    .text.HAL_Delay     stm32g4xx_hal.o
    0x080016f8   0x080016f8   0x000001b2   Code   RO          715    .text.HAL_GPIO_Init  stm32g4xx_hal_gpio.o
    0x080018aa   0x080018aa   0x00000002   PAD
    0x080018ac   0x080018ac   0x0000000c   Code   RO          721    .text.HAL_GPIO_WritePin  stm32g4xx_hal_gpio.o
    0x080018b8   0x080018b8   0x0000000c   Code   RO          487    .text.HAL_GetTick   stm32g4xx_hal.o
    0x080018c4   0x080018c4   0x0000004a   Code   RO         1272    .text.HAL_I2CEx_ConfigAnalogFilter  stm32g4xx_hal_i2c_ex.o
    0x0800190e   0x0800190e   0x00000002   PAD
    0x08001910   0x08001910   0x00000048   Code   RO         1274    .text.HAL_I2CEx_ConfigDigitalFilter  stm32g4xx_hal_i2c_ex.o
    0x08001958   0x08001958   0x000000b0   Code   RO         1118    .text.HAL_I2C_Init  stm32g4xx_hal_i2c.o
    0x08001a08   0x08001a08   0x00000160   Code   RO           57    .text.HAL_I2C_MspInit  i2c.o
    0x08001b68   0x08001b68   0x0000001a   Code   RO          485    .text.HAL_IncTick   stm32g4xx_hal.o
    0x08001b82   0x08001b82   0x00000002   PAD
    0x08001b84   0x08001b84   0x0000001e   Code   RO          475    .text.HAL_Init      stm32g4xx_hal.o
    0x08001ba2   0x08001ba2   0x00000002   PAD
    0x08001ba4   0x08001ba4   0x00000050   Code   RO          477    .text.HAL_InitTick  stm32g4xx_hal.o
    0x08001bf4   0x08001bf4   0x00000034   Code   RO          186    .text.HAL_MspInit   stm32g4xx_hal_msp.o
    0x08001c28   0x08001c28   0x00000022   Code   RO          941    .text.HAL_NVIC_EnableIRQ  stm32g4xx_hal_cortex.o
    0x08001c4a   0x08001c4a   0x00000002   PAD
    0x08001c4c   0x08001c4c   0x00000056   Code   RO          939    .text.HAL_NVIC_SetPriority  stm32g4xx_hal_cortex.o
    0x08001ca2   0x08001ca2   0x00000002   PAD
    0x08001ca4   0x08001ca4   0x00000020   Code   RO          937    .text.HAL_NVIC_SetPriorityGrouping  stm32g4xx_hal_cortex.o
    0x08001cc4   0x08001cc4   0x0000002a   Code   RO          409    .text.HAL_PCDEx_ActivateLPM  stm32g4xx_hal_pcd_ex.o
    0x08001cee   0x08001cee   0x00000002   PAD
    0x08001cf0   0x08001cf0   0x00000052   Code   RO          248    .text.HAL_PCDEx_LPM_Callback  usbd_conf.o
    0x08001d42   0x08001d42   0x00000002   PAD
    0x08001d44   0x08001d44   0x0000004c   Code   RO          399    .text.HAL_PCDEx_PMAConfig  stm32g4xx_hal_pcd_ex.o
    0x08001d90   0x08001d90   0x00000014   Code   RO          202    .text.HAL_PCD_DataInStageCallback  usbd_conf.o
    0x08001da4   0x08001da4   0x00000016   Code   RO          200    .text.HAL_PCD_DataOutStageCallback  usbd_conf.o
    0x08001dba   0x08001dba   0x00000002   PAD
    0x08001dbc   0x08001dbc   0x0000004e   Code   RO          369    .text.HAL_PCD_EP_Close  stm32g4xx_hal_pcd.o
    0x08001e0a   0x08001e0a   0x00000002   PAD
    0x08001e0c   0x08001e0c   0x00000064   Code   RO          379    .text.HAL_PCD_EP_ClrStall  stm32g4xx_hal_pcd.o
    0x08001e70   0x08001e70   0x00000012   Code   RO          373    .text.HAL_PCD_EP_GetRxCount  stm32g4xx_hal_pcd.o
    0x08001e82   0x08001e82   0x00000002   PAD
    0x08001e84   0x08001e84   0x0000005e   Code   RO          367    .text.HAL_PCD_EP_Open  stm32g4xx_hal_pcd.o
    0x08001ee2   0x08001ee2   0x00000002   PAD
    0x08001ee4   0x08001ee4   0x00000032   Code   RO          371    .text.HAL_PCD_EP_Receive  stm32g4xx_hal_pcd.o
    0x08001f16   0x08001f16   0x00000002   PAD
    0x08001f18   0x08001f18   0x00000068   Code   RO          377    .text.HAL_PCD_EP_SetStall  stm32g4xx_hal_pcd.o
    0x08001f80   0x08001f80   0x00000036   Code   RO          375    .text.HAL_PCD_EP_Transmit  stm32g4xx_hal_pcd.o
    0x08001fb6   0x08001fb6   0x00000002   PAD
    0x08001fb8   0x08001fb8   0x000008ca   Code   RO          337    .text.HAL_PCD_IRQHandler  stm32g4xx_hal_pcd.o
    0x08002882   0x08002882   0x00000002   PAD
    0x08002884   0x08002884   0x0000021c   Code   RO          325    .text.HAL_PCD_Init  stm32g4xx_hal_pcd.o
    0x08002aa0   0x08002aa0   0x00000066   Code   RO          194    .text.HAL_PCD_MspInit  usbd_conf.o
    0x08002b06   0x08002b06   0x00000002   PAD
    0x08002b08   0x08002b08   0x00000024   Code   RO          206    .text.HAL_PCD_ResetCallback  usbd_conf.o
    0x08002b2c   0x08002b2c   0x00000028   Code   RO          210    .text.HAL_PCD_ResumeCallback  usbd_conf.o
    0x08002b54   0x08002b54   0x00000008   Code   RO          204    .text.HAL_PCD_SOFCallback  usbd_conf.o
    0x08002b5c   0x08002b5c   0x00000028   Code   RO          341    .text.HAL_PCD_SetAddress  stm32g4xx_hal_pcd.o
    0x08002b84   0x08002b84   0x0000000e   Code   RO          198    .text.HAL_PCD_SetupStageCallback  usbd_conf.o
    0x08002b92   0x08002b92   0x00000002   PAD
    0x08002b94   0x08002b94   0x0000002c   Code   RO          333    .text.HAL_PCD_Start  stm32g4xx_hal_pcd.o
    0x08002bc0   0x08002bc0   0x00000026   Code   RO          208    .text.HAL_PCD_SuspendCallback  usbd_conf.o
    0x08002be6   0x08002be6   0x00000002   PAD
    0x08002be8   0x08002be8   0x0000010e   Code   RO          857    .text.HAL_PWREx_ControlVoltageScaling  stm32g4xx_hal_pwr_ex.o
    0x08002cf6   0x08002cf6   0x00000002   PAD
    0x08002cf8   0x08002cf8   0x00000012   Code   RO          927    .text.HAL_PWREx_DisableUCPDDeadBattery  stm32g4xx_hal_pwr_ex.o
    0x08002d0a   0x08002d0a   0x00000002   PAD
    0x08002d0c   0x08002d0c   0x0000026a   Code   RO          599    .text.HAL_RCCEx_PeriphCLKConfig  stm32g4xx_hal_rcc_ex.o
    0x08002f76   0x08002f76   0x00000002   PAD
    0x08002f78   0x08002f78   0x00000304   Code   RO          565    .text.HAL_RCC_ClockConfig  stm32g4xx_hal_rcc.o
    0x0800327c   0x0800327c   0x0000002a   Code   RO          573    .text.HAL_RCC_GetPCLK1Freq  stm32g4xx_hal_rcc.o
    0x080032a6   0x080032a6   0x00000002   PAD
    0x080032a8   0x080032a8   0x0000002a   Code   RO          575    .text.HAL_RCC_GetPCLK2Freq  stm32g4xx_hal_rcc.o
    0x080032d2   0x080032d2   0x00000002   PAD
    0x080032d4   0x080032d4   0x00000082   Code   RO          567    .text.HAL_RCC_GetSysClockFreq  stm32g4xx_hal_rcc.o
    0x08003356   0x08003356   0x00000002   PAD
    0x08003358   0x08003358   0x000004ce   Code   RO          563    .text.HAL_RCC_OscConfig  stm32g4xx_hal_rcc.o
    0x08003826   0x08003826   0x00000002   PAD
    0x08003828   0x08003828   0x000000e4   Code   RO         1477    .text.HAL_SPI_Init  stm32g4xx_hal_spi.o
    0x0800390c   0x0800390c   0x000000e0   Code   RO          102    .text.HAL_SPI_MspInit  spi.o
    0x080039ec   0x080039ec   0x0000002c   Code   RO          949    .text.HAL_SYSTICK_Config  stm32g4xx_hal_cortex.o
    0x08003a18   0x08003a18   0x000000c8   Code   RO         1899    .text.HAL_TIMEx_ConfigBreakDeadTime  stm32g4xx_hal_tim_ex.o
    0x08003ae0   0x08003ae0   0x000000a6   Code   RO         1897    .text.HAL_TIMEx_MasterConfigSynchronization  stm32g4xx_hal_tim_ex.o
    0x08003b86   0x08003b86   0x00000002   PAD
    0x08003b88   0x08003b88   0x00000062   Code   RO         1602    .text.HAL_TIM_Base_Init  stm32g4xx_hal_tim.o
    0x08003bea   0x08003bea   0x00000002   PAD
    0x08003bec   0x08003bec   0x00000030   Code   RO          128    .text.HAL_TIM_Base_MspInit  tim.o
    0x08003c1c   0x08003c1c   0x0000008a   Code   RO         1612    .text.HAL_TIM_Base_Start  stm32g4xx_hal_tim.o
    0x08003ca6   0x08003ca6   0x00000002   PAD
    0x08003ca8   0x08003ca8   0x00000204   Code   RO         1782    .text.HAL_TIM_ConfigClockSource  stm32g4xx_hal_tim.o
    0x08003eac   0x08003eac   0x0000014c   Code   RO          120    .text.HAL_TIM_MspPostInit  tim.o
    0x08003ff8   0x08003ff8   0x000003c8   Code   RO         1756    .text.HAL_TIM_PWM_ConfigChannel  stm32g4xx_hal_tim.o
    0x080043c0   0x080043c0   0x00000062   Code   RO         1656    .text.HAL_TIM_PWM_Init  stm32g4xx_hal_tim.o
    0x08004422   0x08004422   0x00000002   PAD
    0x08004424   0x08004424   0x000000a2   Code   RO          130    .text.HAL_TIM_PWM_MspInit  tim.o
    0x080044c6   0x080044c6   0x00000002   PAD
    0x080044c8   0x080044c8   0x00000036   Code   RO         1454    .text.HAL_UARTEx_DisableFifoMode  stm32g4xx_hal_uart_ex.o
    0x080044fe   0x080044fe   0x00000002   PAD
    0x08004500   0x08004500   0x00000002   Code   RO         1382    .text.HAL_UARTEx_RxEventCallback  stm32g4xx_hal_uart.o
    0x08004502   0x08004502   0x00000002   PAD
    0x08004504   0x08004504   0x00000002   Code   RO         1440    .text.HAL_UARTEx_RxFifoFullCallback  stm32g4xx_hal_uart_ex.o
    0x08004506   0x08004506   0x00000002   PAD
    0x08004508   0x08004508   0x0000008c   Code   RO         1458    .text.HAL_UARTEx_SetRxFifoThreshold  stm32g4xx_hal_uart_ex.o
    0x08004594   0x08004594   0x0000008c   Code   RO         1456    .text.HAL_UARTEx_SetTxFifoThreshold  stm32g4xx_hal_uart_ex.o
    0x08004620   0x08004620   0x00000002   Code   RO         1442    .text.HAL_UARTEx_TxFifoEmptyCallback  stm32g4xx_hal_uart_ex.o
    0x08004622   0x08004622   0x00000002   PAD
    0x08004624   0x08004624   0x00000002   Code   RO         1438    .text.HAL_UARTEx_WakeupCallback  stm32g4xx_hal_uart_ex.o
    0x08004626   0x08004626   0x00000002   PAD
    0x08004628   0x08004628   0x00000002   Code   RO         1380    .text.HAL_UART_ErrorCallback  stm32g4xx_hal_uart.o
    0x0800462a   0x0800462a   0x00000002   PAD
    0x0800462c   0x0800462c   0x0000064e   Code   RO         1376    .text.HAL_UART_IRQHandler  stm32g4xx_hal_uart.o
    0x08004c7a   0x08004c7a   0x00000002   PAD
    0x08004c7c   0x08004c7c   0x00000064   Code   RO         1292    .text.HAL_UART_Init  stm32g4xx_hal_uart.o
    0x08004ce0   0x08004ce0   0x0000028c   Code   RO           81    .text.HAL_UART_MspInit  usart.o
    0x08004f6c   0x08004f6c   0x00000002   Code   RO         1384    .text.HAL_UART_TxCpltCallback  stm32g4xx_hal_uart.o
    0x08004f6e   0x08004f6e   0x00000002   PAD
    0x08004f70   0x08004f70   0x00000002   Code   RO          151    .text.HardFault_Handler  stm32g4xx_it.o
    0x08004f72   0x08004f72   0x00000002   PAD
    0x08004f74   0x08004f74   0x000000b2   Code   RO           38    .text.MX_ADC1_Init  adc.o
    0x08005026   0x08005026   0x00000002   PAD
    0x08005028   0x08005028   0x000000ba   Code   RO           29    .text.MX_GPIO_Init  gpio.o
    0x080050e2   0x080050e2   0x00000002   PAD
    0x080050e4   0x080050e4   0x0000006c   Code   RO           53    .text.MX_I2C1_Init  i2c.o
    0x08005150   0x08005150   0x0000006c   Code   RO           55    .text.MX_I2C2_Init  i2c.o
    0x080051bc   0x080051bc   0x00000084   Code   RO           71    .text.MX_LPUART1_UART_Init  usart.o
    0x08005240   0x08005240   0x00000050   Code   RO           98    .text.MX_SPI1_Init  spi.o
    0x08005290   0x08005290   0x00000050   Code   RO          100    .text.MX_SPI2_Init  spi.o
    0x080052e0   0x080052e0   0x0000007e   Code   RO          116    .text.MX_TIM1_Init  tim.o
    0x0800535e   0x0800535e   0x00000002   PAD
    0x08005360   0x08005360   0x0000009e   Code   RO          118    .text.MX_TIM2_Init  tim.o
    0x080053fe   0x080053fe   0x00000002   PAD
    0x08005400   0x08005400   0x000000ba   Code   RO          122    .text.MX_TIM3_Init  tim.o
    0x080054ba   0x080054ba   0x00000002   PAD
    0x080054bc   0x080054bc   0x000000a2   Code   RO          124    .text.MX_TIM4_Init  tim.o
    0x0800555e   0x0800555e   0x00000002   PAD
    0x08005560   0x08005560   0x000000d8   Code   RO          126    .text.MX_TIM8_Init  tim.o
    0x08005638   0x08005638   0x00000082   Code   RO           73    .text.MX_UART4_Init  usart.o
    0x080056ba   0x080056ba   0x00000002   PAD
    0x080056bc   0x080056bc   0x00000082   Code   RO           75    .text.MX_USART1_UART_Init  usart.o
    0x0800573e   0x0800573e   0x00000002   PAD
    0x08005740   0x08005740   0x00000082   Code   RO           77    .text.MX_USART2_UART_Init  usart.o
    0x080057c2   0x080057c2   0x00000002   PAD
    0x080057c4   0x080057c4   0x00000082   Code   RO           79    .text.MX_USART3_UART_Init  usart.o
    0x08005846   0x08005846   0x00000002   PAD
    0x08005848   0x08005848   0x00000072   Code   RO          266    .text.MX_USB_Device_Init  usb_device.o
    0x080058ba   0x080058ba   0x00000002   PAD
    0x080058bc   0x080058bc   0x00000002   Code   RO          153    .text.MemManage_Handler  stm32g4xx_it.o
    0x080058be   0x080058be   0x00000002   PAD
    0x080058c0   0x080058c0   0x00000002   Code   RO          149    .text.NMI_Handler   stm32g4xx_it.o
    0x080058c2   0x080058c2   0x00000002   PAD
    0x080058c4   0x080058c4   0x00000002   Code   RO          163    .text.PendSV_Handler  stm32g4xx_it.o
    0x080058c6   0x080058c6   0x00000002   PAD
    0x080058c8   0x080058c8   0x00000002   Code   RO          159    .text.SVC_Handler   stm32g4xx_it.o
    0x080058ca   0x080058ca   0x00000002   PAD
    0x080058cc   0x080058cc   0x00000004   Code   RO          165    .text.SysTick_Handler  stm32g4xx_it.o
    0x080058d0   0x080058d0   0x00000070   Code   RO           13    .text.SystemClock_Config  main.o
    0x08005940   0x08005940   0x00000012   Code   RO         1976    .text.SystemInit    system_stm32g4xx.o
    0x08005952   0x08005952   0x00000002   PAD
    0x08005954   0x08005954   0x00000134   Code   RO         1606    .text.TIM_Base_SetConfig  stm32g4xx_hal_tim.o
    0x08005a88   0x08005a88   0x0000000c   Code   RO          177    .text.UART4_IRQHandler  stm32g4xx_it.o
    0x08005a94   0x08005a94   0x000000e6   Code   RO         1296    .text.UART_AdvFeatureConfig  stm32g4xx_hal_uart.o
    0x08005b7a   0x08005b7a   0x00000002   PAD
    0x08005b7c   0x08005b7c   0x0000016a   Code   RO         1300    .text.UART_CheckIdleState  stm32g4xx_hal_uart.o
    0x08005ce6   0x08005ce6   0x00000002   PAD
    0x08005ce8   0x08005ce8   0x0000000c   Code   RO         1378    .text.UART_DMAAbortOnError  stm32g4xx_hal_uart.o
    0x08005cf4   0x08005cf4   0x00000298   Code   RO         1298    .text.UART_SetConfig  stm32g4xx_hal_uart.o
    0x08005f8c   0x08005f8c   0x00000336   Code   RO         1314    .text.UART_WaitOnFlagUntilTimeout  stm32g4xx_hal_uart.o
    0x080062c2   0x080062c2   0x00000002   PAD
    0x080062c4   0x080062c4   0x0000000c   Code   RO          171    .text.USART1_IRQHandler  stm32g4xx_it.o
    0x080062d0   0x080062d0   0x0000000c   Code   RO          173    .text.USART2_IRQHandler  stm32g4xx_it.o
    0x080062dc   0x080062dc   0x0000000c   Code   RO          175    .text.USART3_IRQHandler  stm32g4xx_it.o
    0x080062e8   0x080062e8   0x00000024   Code   RO          285    .text.USBD_CDC_ConfigStrDescriptor  usbd_desc.o
    0x0800630c   0x0800630c   0x0000006e   Code   RO         2090    .text.USBD_CDC_DataIn  usbd_cdc.o
    0x0800637a   0x0800637a   0x00000002   PAD
    0x0800637c   0x0800637c   0x0000002c   Code   RO         2092    .text.USBD_CDC_DataOut  usbd_cdc.o
    0x080063a8   0x080063a8   0x00000042   Code   RO         2084    .text.USBD_CDC_DeInit  usbd_cdc.o
    0x080063ea   0x080063ea   0x00000002   PAD
    0x080063ec   0x080063ec   0x0000000e   Code   RO          275    .text.USBD_CDC_DeviceDescriptor  usbd_desc.o
    0x080063fa   0x080063fa   0x00000002   PAD
    0x080063fc   0x080063fc   0x00000030   Code   RO         2088    .text.USBD_CDC_EP0_RxReady  usbd_cdc.o
    0x0800642c   0x0800642c   0x00000010   Code   RO         2100    .text.USBD_CDC_GetDeviceQualifierDescriptor  usbd_cdc.o
    0x0800643c   0x0800643c   0x00000010   Code   RO         2096    .text.USBD_CDC_GetFSCfgDesc  usbd_cdc.o
    0x0800644c   0x0800644c   0x00000010   Code   RO         2094    .text.USBD_CDC_GetHSCfgDesc  usbd_cdc.o
    0x0800645c   0x0800645c   0x00000010   Code   RO         2098    .text.USBD_CDC_GetOtherSpeedCfgDesc  usbd_cdc.o
    0x0800646c   0x0800646c   0x00000098   Code   RO         2082    .text.USBD_CDC_Init  usbd_cdc.o
    0x08006504   0x08006504   0x00000028   Code   RO          287    .text.USBD_CDC_InterfaceStrDescriptor  usbd_desc.o
    0x0800652c   0x0800652c   0x0000000e   Code   RO          277    .text.USBD_CDC_LangIDStrDescriptor  usbd_desc.o
    0x0800653a   0x0800653a   0x00000002   PAD
    0x0800653c   0x0800653c   0x0000002c   Code   RO          279    .text.USBD_CDC_ManufacturerStrDescriptor  usbd_desc.o
    0x08006568   0x08006568   0x00000030   Code   RO          281    .text.USBD_CDC_ProductStrDescriptor  usbd_desc.o
    0x08006598   0x08006598   0x0000002c   Code   RO         2110    .text.USBD_CDC_ReceivePacket  usbd_cdc.o
    0x080065c4   0x080065c4   0x0000000e   Code   RO         2102    .text.USBD_CDC_RegisterInterface  usbd_cdc.o
    0x080065d2   0x080065d2   0x00000002   PAD
    0x080065d4   0x080065d4   0x00000170   Code   RO          283    .text.USBD_CDC_SerialStrDescriptor  usbd_desc.o
    0x08006744   0x08006744   0x00000012   Code   RO         2106    .text.USBD_CDC_SetRxBuffer  usbd_cdc.o
    0x08006756   0x08006756   0x00000002   PAD
    0x08006758   0x08006758   0x00000016   Code   RO         2104    .text.USBD_CDC_SetTxBuffer  usbd_cdc.o
    0x0800676e   0x0800676e   0x00000002   PAD
    0x08006770   0x08006770   0x000000d8   Code   RO         2086    .text.USBD_CDC_Setup  usbd_cdc.o
    0x08006848   0x08006848   0x0000003c   Code   RO         2108    .text.USBD_CDC_TransmitPacket  usbd_cdc.o
    0x08006884   0x08006884   0x00000014   Code   RO         2005    .text.USBD_ClrClassConfig  usbd_core.o
    0x08006898   0x08006898   0x00000010   Code   RO         2066    .text.USBD_CtlContinueRx  usbd_ioreq.o
    0x080068a8   0x080068a8   0x00000010   Code   RO         2062    .text.USBD_CtlContinueSendData  usbd_ioreq.o
    0x080068b8   0x080068b8   0x00000016   Code   RO         2041    .text.USBD_CtlError  usbd_ctlreq.o
    0x080068ce   0x080068ce   0x00000002   PAD
    0x080068d0   0x080068d0   0x0000001a   Code   RO         2064    .text.USBD_CtlPrepareRx  usbd_ioreq.o
    0x080068ea   0x080068ea   0x00000002   PAD
    0x080068ec   0x080068ec   0x00000016   Code   RO         2070    .text.USBD_CtlReceiveStatus  usbd_ioreq.o
    0x08006902   0x08006902   0x00000002   PAD
    0x08006904   0x08006904   0x0000001a   Code   RO         2060    .text.USBD_CtlSendData  usbd_ioreq.o
    0x0800691e   0x0800691e   0x00000002   PAD
    0x08006920   0x08006920   0x00000016   Code   RO         2068    .text.USBD_CtlSendStatus  usbd_ioreq.o
    0x08006936   0x08006936   0x00000002   PAD
    0x08006938   0x08006938   0x000000da   Code   RO         2049    .text.USBD_GetString  usbd_ctlreq.o
    0x08006a12   0x08006a12   0x00000002   PAD
    0x08006a14   0x08006a14   0x0000002a   Code   RO         1991    .text.USBD_Init     usbd_core.o
    0x08006a3e   0x08006a3e   0x00000002   PAD
    0x08006a40   0x08006a40   0x00000022   Code   RO          236    .text.USBD_LL_ClearStallEP  usbd_conf.o
    0x08006a62   0x08006a62   0x00000002   PAD
    0x08006a64   0x08006a64   0x00000022   Code   RO          230    .text.USBD_LL_CloseEP  usbd_conf.o
    0x08006a86   0x08006a86   0x00000002   PAD
    0x08006a88   0x08006a88   0x000000a8   Code   RO         2011    .text.USBD_LL_DataInStage  usbd_core.o
    0x08006b30   0x08006b30   0x00000066   Code   RO         2009    .text.USBD_LL_DataOutStage  usbd_core.o
    0x08006b96   0x08006b96   0x00000002   PAD
    0x08006b98   0x08006b98   0x00000008   Code   RO          246    .text.USBD_LL_GetRxDataSize  usbd_conf.o
    0x08006ba0   0x08006ba0   0x00000086   Code   RO          220    .text.USBD_LL_Init  usbd_conf.o
    0x08006c26   0x08006c26   0x00000002   PAD
    0x08006c28   0x08006c28   0x0000002a   Code   RO          238    .text.USBD_LL_IsStallEP  usbd_conf.o
    0x08006c52   0x08006c52   0x00000002   PAD
    0x08006c54   0x08006c54   0x00000028   Code   RO          228    .text.USBD_LL_OpenEP  usbd_conf.o
    0x08006c7c   0x08006c7c   0x00000022   Code   RO          244    .text.USBD_LL_PrepareReceive  usbd_conf.o
    0x08006c9e   0x08006c9e   0x00000002   PAD
    0x08006ca0   0x08006ca0   0x00000068   Code   RO         2013    .text.USBD_LL_Reset  usbd_core.o
    0x08006d08   0x08006d08   0x00000014   Code   RO         2019    .text.USBD_LL_Resume  usbd_core.o
    0x08006d1c   0x08006d1c   0x00000024   Code   RO         2021    .text.USBD_LL_SOF   usbd_core.o
    0x08006d40   0x08006d40   0x00000008   Code   RO         2015    .text.USBD_LL_SetSpeed  usbd_core.o
    0x08006d48   0x08006d48   0x00000022   Code   RO          240    .text.USBD_LL_SetUSBAddress  usbd_conf.o
    0x08006d6a   0x08006d6a   0x00000002   PAD
    0x08006d6c   0x08006d6c   0x00000062   Code   RO         2007    .text.USBD_LL_SetupStage  usbd_core.o
    0x08006dce   0x08006dce   0x00000002   PAD
    0x08006dd0   0x08006dd0   0x00000022   Code   RO          234    .text.USBD_LL_StallEP  usbd_conf.o
    0x08006df2   0x08006df2   0x00000002   PAD
    0x08006df4   0x08006df4   0x00000022   Code   RO          224    .text.USBD_LL_Start  usbd_conf.o
    0x08006e16   0x08006e16   0x00000002   PAD
    0x08006e18   0x08006e18   0x00000014   Code   RO         2017    .text.USBD_LL_Suspend  usbd_core.o
    0x08006e2c   0x08006e2c   0x00000022   Code   RO          242    .text.USBD_LL_Transmit  usbd_conf.o
    0x08006e4e   0x08006e4e   0x00000002   PAD
    0x08006e50   0x08006e50   0x00000016   Code   RO         2047    .text.USBD_ParseSetupRequest  usbd_ctlreq.o
    0x08006e66   0x08006e66   0x00000002   PAD
    0x08006e68   0x08006e68   0x0000002e   Code   RO         1995    .text.USBD_RegisterClass  usbd_core.o
    0x08006e96   0x08006e96   0x00000002   PAD
    0x08006e98   0x08006e98   0x00000010   Code   RO         2003    .text.USBD_SetClassConfig  usbd_core.o
    0x08006ea8   0x08006ea8   0x00000004   Code   RO         1997    .text.USBD_Start    usbd_core.o
    0x08006eac   0x08006eac   0x00000374   Code   RO         2039    .text.USBD_StdDevReq  usbd_ctlreq.o
    0x08007220   0x08007220   0x00000144   Code   RO         2045    .text.USBD_StdEPReq  usbd_ctlreq.o
    0x08007364   0x08007364   0x00000062   Code   RO         2043    .text.USBD_StdItfReq  usbd_ctlreq.o
    0x080073c6   0x080073c6   0x00000002   PAD
    0x080073c8   0x080073c8   0x00000002   Code   RO          254    .text.USBD_static_free  usbd_conf.o
    0x080073ca   0x080073ca   0x00000002   PAD
    0x080073cc   0x080073cc   0x0000000a   Code   RO          252    .text.USBD_static_malloc  usbd_conf.o
    0x080073d6   0x080073d6   0x00000002   PAD
    0x080073d8   0x080073d8   0x00000322   Code   RO          437    .text.USB_ActivateEndpoint  stm32g4xx_ll_usb.o
    0x080076fa   0x080076fa   0x00000002   PAD
    0x080076fc   0x080076fc   0x000000e2   Code   RO          439    .text.USB_DeactivateEndpoint  stm32g4xx_ll_usb.o
    0x080077de   0x080077de   0x00000002   PAD
    0x080077e0   0x080077e0   0x00000012   Code   RO          455    .text.USB_DevConnect  stm32g4xx_ll_usb.o
    0x080077f2   0x080077f2   0x00000002   PAD
    0x080077f4   0x080077f4   0x0000001a   Code   RO          431    .text.USB_DevInit   stm32g4xx_ll_usb.o
    0x0800780e   0x0800780e   0x00000002   PAD
    0x08007810   0x08007810   0x00000014   Code   RO          427    .text.USB_DisableGlobalInt  stm32g4xx_ll_usb.o
    0x08007824   0x08007824   0x00000078   Code   RO          447    .text.USB_EPClearStall  stm32g4xx_ll_usb.o
    0x0800789c   0x0800789c   0x00000032   Code   RO          445    .text.USB_EPSetStall  stm32g4xx_ll_usb.o
    0x080078ce   0x080078ce   0x00000002   PAD
    0x080078d0   0x080078d0   0x0000067e   Code   RO          441    .text.USB_EPStartXfer  stm32g4xx_ll_usb.o
    0x08007f4e   0x08007f4e   0x00000002   PAD
    0x08007f50   0x08007f50   0x00000012   Code   RO          425    .text.USB_EnableGlobalInt  stm32g4xx_ll_usb.o
    0x08007f62   0x08007f62   0x00000002   PAD
    0x08007f64   0x08007f64   0x0000000c   Code   RO          169    .text.USB_LP_IRQHandler  stm32g4xx_it.o
    0x08007f70   0x08007f70   0x00000006   Code   RO          459    .text.USB_ReadInterrupts  stm32g4xx_ll_usb.o
    0x08007f76   0x08007f76   0x00000002   PAD
    0x08007f78   0x08007f78   0x0000009c   Code   RO          465    .text.USB_ReadPMA   stm32g4xx_ll_usb.o
    0x08008014   0x08008014   0x0000000e   Code   RO          453    .text.USB_SetDevAddress  stm32g4xx_ll_usb.o
    0x08008022   0x08008022   0x00000002   PAD
    0x08008024   0x08008024   0x00000096   Code   RO          443    .text.USB_WritePMA  stm32g4xx_ll_usb.o
    0x080080ba   0x080080ba   0x00000002   PAD
    0x080080bc   0x080080bc   0x00000002   Code   RO          157    .text.UsageFault_Handler  stm32g4xx_it.o
    0x080080be   0x080080be   0x00000002   PAD
    0x080080c0   0x080080c0   0x00000130   Code   RO           11    .text.main          main.o
    0x080081f0   0x080081f0   0x0000001a   Code   RO         2302    x$fpl$fpinit        fz_wm.l(fpinit.o)
    0x0800820a   0x0800820a   0x00000010   Data   RO         1981    .rodata.AHBPrescTable  system_stm32g4xx.o
    0x0800821a   0x0800821a   0x00000008   Data   RO         1982    .rodata.APBPrescTable  system_stm32g4xx.o
    0x08008222   0x08008222   0x00000018   Data   RO         1426    .rodata.UARTPrescTable  stm32g4xx_hal_uart.o
    0x0800823a   0x0800823a   0x00000002   PAD
    0x0800823c   0x0800823c   0x00000010   Data   RO         1427    .rodata.cst16       stm32g4xx_hal_uart.o
    0x0800824c   0x0800824c   0x00000010   Data   RO         1468    .rodata.cst8        stm32g4xx_hal_uart_ex.o
    0x0800825c   0x0800825c   0x00000020   Data   RO         2363    Region$$Table       anon$$obj.o


    Execution Region RW_IRAM1 (Exec base: 0x20000000, Load base: 0x08008280, Size: 0x00002060, Max: 0x00008000, ABSOLUTE, COMPRESSED[0x000000c8])

    Exec Addr    Load Addr    Size         Type   Attr      Idx    E Section Name        Object

    0x20000000   COMPRESSED   0x00000008   Data   RW          552    .data..L_MergedGlobals  stm32g4xx_hal.o
    0x20000008   COMPRESSED   0x00000020   Data   RW          289    .data.CDC_Desc      usbd_desc.o
    0x20000028   COMPRESSED   0x00000004   Data   RW         1980    .data.SystemCoreClock  system_stm32g4xx.o
    0x2000002c   COMPRESSED   0x00000038   Data   RW         2112    .data.USBD_CDC      usbd_cdc.o
    0x20000064   COMPRESSED   0x00000043   Data   RW         2114    .data.USBD_CDC_CfgFSDesc  usbd_cdc.o
    0x200000a7   COMPRESSED   0x00000001   PAD
    0x200000a8   COMPRESSED   0x00000043   Data   RW         2115    .data.USBD_CDC_CfgHSDesc  usbd_cdc.o
    0x200000eb   COMPRESSED   0x00000001   PAD
    0x200000ec   COMPRESSED   0x00000012   Data   RW          290    .data.USBD_CDC_DeviceDesc  usbd_desc.o
    0x200000fe   COMPRESSED   0x00000002   PAD
    0x20000100   COMPRESSED   0x0000000a   Data   RW         2113    .data.USBD_CDC_DeviceQualifierDesc  usbd_cdc.o
    0x2000010a   COMPRESSED   0x00000002   PAD
    0x2000010c   COMPRESSED   0x00000043   Data   RW         2116    .data.USBD_CDC_OtherSpeedCfgDesc  usbd_cdc.o
    0x2000014f   COMPRESSED   0x00000001   PAD
    0x20000150   COMPRESSED   0x00000014   Data   RW          314    .data.USBD_Interface_fops_FS  usbd_cdc_if.o
    0x20000164   COMPRESSED   0x00000004   Data   RW          291    .data.USBD_LangIDDesc  usbd_desc.o
    0x20000168   COMPRESSED   0x0000001a   Data   RW          292    .data.USBD_StringSerial  usbd_desc.o
    0x20000182   COMPRESSED   0x00000006   PAD
    0x20000188        -       0x00000060   Zero   RW         2228    .bss                c_w.l(libspace.o)
    0x200001e8        -       0x00000001   Zero   RW         2051    .bss.USBD_SetConfig.cfgidx  usbd_ctlreq.o
    0x200001e9   COMPRESSED   0x00000003   PAD
    0x200001ec        -       0x00000200   Zero   RW          293    .bss.USBD_StrDesc   usbd_desc.o
    0x200003ec        -       0x00000220   Zero   RW          257    .bss.USBD_static_malloc.mem  usbd_conf.o
    0x2000060c        -       0x00000400   Zero   RW          315    .bss.UserRxBufferFS  usbd_cdc_if.o
    0x20000a0c        -       0x00000400   Zero   RW          316    .bss.UserTxBufferFS  usbd_cdc_if.o
    0x20000e0c        -       0x000002d0   Zero   RW          268    .bss.hUsbDeviceFS   usb_device.o
    0x200010dc        -       0x0000006c   Zero   RW           44    .bss.hadc1          adc.o
    0x20001148        -       0x00000054   Zero   RW           61    .bss.hi2c1          i2c.o
    0x2000119c        -       0x00000054   Zero   RW           62    .bss.hi2c2          i2c.o
    0x200011f0        -       0x00000094   Zero   RW           85    .bss.hlpuart1       usart.o
    0x20001284        -       0x000002dc   Zero   RW          256    .bss.hpcd_USB_FS    usbd_conf.o
    0x20001560        -       0x00000064   Zero   RW          106    .bss.hspi1          spi.o
    0x200015c4        -       0x00000064   Zero   RW          107    .bss.hspi2          spi.o
    0x20001628        -       0x0000004c   Zero   RW          136    .bss.htim1          tim.o
    0x20001674        -       0x0000004c   Zero   RW          137    .bss.htim2          tim.o
    0x200016c0        -       0x0000004c   Zero   RW          138    .bss.htim3          tim.o
    0x2000170c        -       0x0000004c   Zero   RW          139    .bss.htim4          tim.o
    0x20001758        -       0x0000004c   Zero   RW          140    .bss.htim8          tim.o
    0x200017a4        -       0x00000094   Zero   RW           87    .bss.huart1         usart.o
    0x20001838        -       0x00000094   Zero   RW           88    .bss.huart2         usart.o
    0x200018cc        -       0x00000094   Zero   RW           89    .bss.huart3         usart.o
    0x20001960        -       0x00000094   Zero   RW           86    .bss.huart4         usart.o
    0x200019f4        -       0x00000064   Zero   RW           19    .bss.printfBuf      main.o
    0x20001a58        -       0x00000004   Zero   RW          551    .bss.uwTick         stm32g4xx_hal.o
    0x20001a5c   COMPRESSED   0x00000004   PAD
    0x20001a60        -       0x00000200   Zero   RW            2    HEAP                startup_stm32g431xx.o
    0x20001c60        -       0x00000400   Zero   RW            1    STACK               startup_stm32g431xx.o


==============================================================================

Image component sizes


      Code (inc. data)   RO Data    RW Data    ZI Data      Debug   Object Name

       278          0          0          0        108       8616   adc.o
       186          0          0          0          0       2407   gpio.o
       568          0          0          0        168       7110   i2c.o
       562        104          0          0        100       8119   main.o
        18          0          0          0          0       1443   pom_esp32_c3.o
       384          0          0          0        200       6250   spi.o
        64         26        472          0       1536        844   startup_stm32g431xx.o
       188          0          0          8          4       8894   stm32g4xx_hal.o
      2844          0          0          0          0      28384   stm32g4xx_hal_adc.o
       406          0          0          0          0      22895   stm32g4xx_hal_adc_ex.o
       196          0          0          0          0      10392   stm32g4xx_hal_cortex.o
       240          0          0          0          0       9135   stm32g4xx_hal_dma.o
       446          0          0          0          0       5217   stm32g4xx_hal_gpio.o
       176          0          0          0          0      61882   stm32g4xx_hal_i2c.o
       146          0          0          0          0       6540   stm32g4xx_hal_i2c_ex.o
        52          0          0          0          0       1741   stm32g4xx_hal_msp.o
      3372          0          0          0          0      16243   stm32g4xx_hal_pcd.o
       118          0          0          0          0       5666   stm32g4xx_hal_pcd_ex.o
       288          0          0          0          0       9321   stm32g4xx_hal_pwr_ex.o
      2216          0          0          0          0       9945   stm32g4xx_hal_rcc.o
       618          0          0          0          0      10761   stm32g4xx_hal_rcc_ex.o
       228          0          0          0          0      26184   stm32g4xx_hal_spi.o
      2126         14          0          0          0      62482   stm32g4xx_hal_tim.o
       366          0          0          0          0      30051   stm32g4xx_hal_tim_ex.o
      3810         48         40          0          0      41726   stm32g4xx_hal_uart.o
       340          0         16          0          0      11193   stm32g4xx_hal_uart_ex.o
        92          0          0          0          0       9040   stm32g4xx_it.o
      3268          6          0          0          0      20026   stm32g4xx_ll_usb.o
        18          0         24          4          0       2746   system_stm32g4xx.o
      1390          0          0          0        380      10373   tim.o
      1304          0          0          0        740      10049   usart.o
       114          0          0          0        720       3081   usb_device.o
       858         12          0        267          0      10584   usbd_cdc.o
       138          0          0         20       2048       4803   usbd_cdc_if.o
       836          0          0          0       1276      18717   usbd_conf.o
       684          0          0          0          0       8604   usbd_core.o
      1568         36          0          0          1      10726   usbd_ctlreq.o
       564         72          0         80        512       4207   usbd_desc.o
       128          0          0          0          0       4629   usbd_ioreq.o

    ----------------------------------------------------------------------
     31432        318        586        388       7804     531026   Object Totals
         0          0         32          0          0          0   (incl. Generated)
       234          0          2          9         11          0   (incl. Padding)

    ----------------------------------------------------------------------

      Code (inc. data)   RO Data    RW Data    ZI Data      Debug   Library Member Name

        44          6          0          0          0         84   __2sprintf.o
        90          0          0          0          0          0   __dczerorl2.o
         8          0          0          0          0         68   __main.o
       104          0          0          0          0         84   __printf.o
         0          0          0          0          0          0   __rtentry.o
        12          0          0          0          0          0   __rtentry2.o
         6          0          0          0          0          0   __rtentry4.o
        94          8          0          0          0          0   __scatter.o
        28          0          0          0          0          0   __scatter_zi.o
        44          0          0          0          0        108   _printf_char.o
        48          6          0          0          0         96   _printf_char_common.o
         6          0          0          0          0          0   _printf_d.o
       120         16          0          0          0         92   _printf_dec.o
       178          0          0          0          0         88   _printf_intcommon.o
         0          0          0          0          0          0   _printf_percent.o
         4          0          0          0          0          0   _printf_percent_end.o
         6          0          0          0          0          0   _printf_s.o
        82          0          0          0          0         80   _printf_str.o
        10          0          0          0          0         68   _sputc.o
        18          0          0          0          0         80   exit.o
         6          0          0          0          0        152   heapauxi.o
         0          0          0          0          0          0   indicate_semi.o
         2          0          0          0          0          0   libinit.o
         6          0          0          0          0          0   libinit2.o
         2          0          0          0          0          0   libshutdown.o
         2          0          0          0          0          0   libshutdown2.o
         8          4          0          0         96         68   libspace.o
       240          0          0          0          0        100   lludivv7m.o
        78          0          0          0          0         80   rt_memclr_w.o
         2          0          0          0          0          0   rtexit.o
        10          0          0          0          0          0   rtexit2.o
        12          4          0          0          0         68   sys_exit.o
        74          0          0          0          0         80   sys_stackheap_outer.o
         2          0          0          0          0         68   use_no_semi.o
        26          0          0          0          0        116   fpinit.o

    ----------------------------------------------------------------------
      1386         44          0          0         96       1580   Library Totals
        14          0          0          0          0          0   (incl. Padding)

    ----------------------------------------------------------------------

      Code (inc. data)   RO Data    RW Data    ZI Data      Debug   Library Name

      1346         44          0          0         96       1464   c_w.l
        26          0          0          0          0        116   fz_wm.l

    ----------------------------------------------------------------------
      1386         44          0          0         96       1580   Library Totals

    ----------------------------------------------------------------------

==============================================================================


      Code (inc. data)   RO Data    RW Data    ZI Data      Debug   

     32818        362        586        388       7900     531258   Grand Totals
     32818        362        586        200       7900     531258   ELF Image Totals (compressed)
     32818        362        586        200          0          0   ROM Totals

==============================================================================

    Total RO  Size (Code + RO Data)                33404 (  32.62kB)
    Total RW  Size (RW Data + ZI Data)              8288 (   8.09kB)
    Total ROM Size (Code + RO Data + RW Data)      33604 (  32.82kB)

==============================================================================

